Archive member included to satisfy reference by file (symbol)

/usr/lib/gcc/arm-none-eabi/10.3.1/../../../arm-none-eabi/lib/thumb/v8-m.main+fp/hard/libc_nano.a(lib_a-atexit.o)
                              /usr/lib/gcc/arm-none-eabi/10.3.1/../../../arm-none-eabi/lib/thumb/v8-m.main+fp/hard/crt0.o (atexit)
/usr/lib/gcc/arm-none-eabi/10.3.1/../../../arm-none-eabi/lib/thumb/v8-m.main+fp/hard/libc_nano.a(lib_a-errno.o)
                              build/sysmem.o (__errno)
/usr/lib/gcc/arm-none-eabi/10.3.1/../../../arm-none-eabi/lib/thumb/v8-m.main+fp/hard/libc_nano.a(lib_a-exit.o)
                              /usr/lib/gcc/arm-none-eabi/10.3.1/../../../arm-none-eabi/lib/thumb/v8-m.main+fp/hard/crt0.o (exit)
/usr/lib/gcc/arm-none-eabi/10.3.1/../../../arm-none-eabi/lib/thumb/v8-m.main+fp/hard/libc_nano.a(lib_a-fini.o)
                              /usr/lib/gcc/arm-none-eabi/10.3.1/../../../arm-none-eabi/lib/thumb/v8-m.main+fp/hard/crt0.o (__libc_fini_array)
/usr/lib/gcc/arm-none-eabi/10.3.1/../../../arm-none-eabi/lib/thumb/v8-m.main+fp/hard/libc_nano.a(lib_a-impure.o)
                              /usr/lib/gcc/arm-none-eabi/10.3.1/../../../arm-none-eabi/lib/thumb/v8-m.main+fp/hard/libc_nano.a(lib_a-exit.o) (_global_impure_ptr)
/usr/lib/gcc/arm-none-eabi/10.3.1/../../../arm-none-eabi/lib/thumb/v8-m.main+fp/hard/libc_nano.a(lib_a-init.o)
                              /usr/lib/gcc/arm-none-eabi/10.3.1/../../../arm-none-eabi/lib/thumb/v8-m.main+fp/hard/crt0.o (__libc_init_array)
/usr/lib/gcc/arm-none-eabi/10.3.1/../../../arm-none-eabi/lib/thumb/v8-m.main+fp/hard/libc_nano.a(lib_a-memset.o)
                              /usr/lib/gcc/arm-none-eabi/10.3.1/../../../arm-none-eabi/lib/thumb/v8-m.main+fp/hard/crt0.o (memset)
/usr/lib/gcc/arm-none-eabi/10.3.1/../../../arm-none-eabi/lib/thumb/v8-m.main+fp/hard/libc_nano.a(lib_a-__atexit.o)
                              /usr/lib/gcc/arm-none-eabi/10.3.1/../../../arm-none-eabi/lib/thumb/v8-m.main+fp/hard/libc_nano.a(lib_a-atexit.o) (__register_exitproc)
/usr/lib/gcc/arm-none-eabi/10.3.1/../../../arm-none-eabi/lib/thumb/v8-m.main+fp/hard/libc_nano.a(lib_a-__call_atexit.o)
                              /usr/lib/gcc/arm-none-eabi/10.3.1/../../../arm-none-eabi/lib/thumb/v8-m.main+fp/hard/libc_nano.a(lib_a-__atexit.o) (__call_exitprocs)

Discarded input sections

 .text          0x0000000000000000        0x0 /usr/lib/gcc/arm-none-eabi/10.3.1/thumb/v8-m.main+fp/hard/crti.o
 .data          0x0000000000000000        0x0 /usr/lib/gcc/arm-none-eabi/10.3.1/thumb/v8-m.main+fp/hard/crti.o
 .bss           0x0000000000000000        0x0 /usr/lib/gcc/arm-none-eabi/10.3.1/thumb/v8-m.main+fp/hard/crti.o
 .data          0x0000000000000000        0x4 /usr/lib/gcc/arm-none-eabi/10.3.1/thumb/v8-m.main+fp/hard/crtbegin.o
 .rodata        0x0000000000000000       0x24 /usr/lib/gcc/arm-none-eabi/10.3.1/thumb/v8-m.main+fp/hard/crtbegin.o
 .text          0x0000000000000000       0x70 /usr/lib/gcc/arm-none-eabi/10.3.1/../../../arm-none-eabi/lib/thumb/v8-m.main+fp/hard/crt0.o
 .data          0x0000000000000000        0x0 /usr/lib/gcc/arm-none-eabi/10.3.1/../../../arm-none-eabi/lib/thumb/v8-m.main+fp/hard/crt0.o
 .bss           0x0000000000000000        0x0 /usr/lib/gcc/arm-none-eabi/10.3.1/../../../arm-none-eabi/lib/thumb/v8-m.main+fp/hard/crt0.o
 .ARM.extab     0x0000000000000000        0x0 /usr/lib/gcc/arm-none-eabi/10.3.1/../../../arm-none-eabi/lib/thumb/v8-m.main+fp/hard/crt0.o
 .ARM.exidx     0x0000000000000000       0x10 /usr/lib/gcc/arm-none-eabi/10.3.1/../../../arm-none-eabi/lib/thumb/v8-m.main+fp/hard/crt0.o
 .debug_line    0x0000000000000000       0x87 /usr/lib/gcc/arm-none-eabi/10.3.1/../../../arm-none-eabi/lib/thumb/v8-m.main+fp/hard/crt0.o
 .debug_info    0x0000000000000000       0x26 /usr/lib/gcc/arm-none-eabi/10.3.1/../../../arm-none-eabi/lib/thumb/v8-m.main+fp/hard/crt0.o
 .debug_abbrev  0x0000000000000000       0x14 /usr/lib/gcc/arm-none-eabi/10.3.1/../../../arm-none-eabi/lib/thumb/v8-m.main+fp/hard/crt0.o
 .debug_aranges
                0x0000000000000000       0x20 /usr/lib/gcc/arm-none-eabi/10.3.1/../../../arm-none-eabi/lib/thumb/v8-m.main+fp/hard/crt0.o
 .debug_str     0x0000000000000000       0x9c /usr/lib/gcc/arm-none-eabi/10.3.1/../../../arm-none-eabi/lib/thumb/v8-m.main+fp/hard/crt0.o
 .ARM.attributes
                0x0000000000000000       0x20 /usr/lib/gcc/arm-none-eabi/10.3.1/../../../arm-none-eabi/lib/thumb/v8-m.main+fp/hard/crt0.o
 .text          0x0000000000000000        0x0 build/main.o
 .data          0x0000000000000000        0x0 build/main.o
 .bss           0x0000000000000000        0x0 build/main.o
 .text          0x0000000000000000        0x0 build/stm32h5xx_it.o
 .data          0x0000000000000000        0x0 build/stm32h5xx_it.o
 .bss           0x0000000000000000        0x0 build/stm32h5xx_it.o
 .text          0x0000000000000000        0x0 build/stm32h5xx_hal_msp.o
 .data          0x0000000000000000        0x0 build/stm32h5xx_hal_msp.o
[...]
Memory Configuration

Name             Origin             Length             Attributes
RAM              0x0000000020000000 0x0000000000044000 xrw
FLASH            0x0000000008000000 0x0000000000080000 xr
*default*        0x0000000000000000 0xffffffffffffffff

Linker script and memory map

LOAD /usr/lib/gcc/arm-none-eabi/10.3.1/thumb/v8-m.main+fp/hard/crti.o
LOAD /usr/lib/gcc/arm-none-eabi/10.3.1/thumb/v8-m.main+fp/hard/crtbegin.o
LOAD /usr/lib/gcc/arm-none-eabi/10.3.1/../../../arm-none-eabi/lib/thumb/v8-m.main+fp/hard/crt0.o
LOAD build/main.o
LOAD build/stm32h5xx_it.o
LOAD build/stm32h5xx_hal_msp.o
LOAD build/stm32h5xx_hal_adc.o
LOAD build/stm32h5xx_hal_adc_ex.o
LOAD build/stm32h5xx_hal_dma.o
LOAD build/stm32h5xx_hal_dma_ex.o
LOAD build/stm32h5xx_hal_rcc.o
LOAD build/stm32h5xx_hal_rcc_ex.o
LOAD build/stm32h5xx_hal_flash.o
LOAD build/stm32h5xx_hal_flash_ex.o
LOAD build/stm32h5xx_hal_gpio.o
LOAD build/stm32h5xx_hal_pwr.o
LOAD build/stm32h5xx_hal_pwr_ex.o
LOAD build/stm32h5xx_hal_cortex.o
LOAD build/stm32h5xx_hal.o
LOAD build/stm32h5xx_hal_exti.o
LOAD build/stm32h5xx_hal_dac.o
LOAD build/stm32h5xx_hal_dac_ex.o
LOAD build/stm32h5xx_hal_dcache.o
LOAD build/stm32h5xx_hal_icache.o
LOAD build/stm32h5xx_hal_xspi.o
LOAD build/stm32h5xx_ll_dlyb.o
LOAD build/stm32h5xx_hal_rtc.o
LOAD build/stm32h5xx_hal_rtc_ex.o
LOAD build/stm32h5xx_hal_spi.o
LOAD build/stm32h5xx_hal_spi_ex.o
LOAD build/stm32h5xx_hal_tim.o
LOAD build/stm32h5xx_hal_tim_ex.o
LOAD build/stm32h5xx_hal_pcd.o
LOAD build/stm32h5xx_hal_pcd_ex.o
LOAD build/stm32h5xx_ll_usb.o
LOAD build/system_stm32h5xx.o
LOAD build/sysmem.o
LOAD build/syscalls.o
LOAD build/startup_stm32h533xx.o
LOAD /usr/lib/gcc/arm-none-eabi/10.3.1/../../../arm-none-eabi/lib/thumb/v8-m.main+fp/hard/libc_nano.a
LOAD /usr/lib/gcc/arm-none-eabi/10.3.1/../../../arm-none-eabi/lib/thumb/v8-m.main+fp/hard/libm.a
LOAD /usr/lib/gcc/arm-none-eabi/10.3.1/../../../arm-none-eabi/lib/thumb/v8-m.main+fp/hard/libnosys.a
START GROUP
LOAD /usr/lib/gcc/arm-none-eabi/10.3.1/thumb/v8-m.main+fp/hard/libgcc.a
LOAD /usr/lib/gcc/arm-none-eabi/10.3.1/../../../arm-none-eabi/lib/thumb/v8-m.main+fp/hard/libc_nano.a
END GROUP
START GROUP
LOAD /usr/lib/gcc/arm-none-eabi/10.3.1/thumb/v8-m.main+fp/hard/libgcc.a
LOAD /usr/lib/gcc/arm-none-eabi/10.3.1/../../../arm-none-eabi/lib/thumb/v8-m.main+fp/hard/libc_nano.a
END GROUP
LOAD /usr/lib/gcc/arm-none-eabi/10.3.1/thumb/v8-m.main+fp/hard/crtend.o
LOAD /usr/lib/gcc/arm-none-eabi/10.3.1/thumb/v8-m.main+fp/hard/crtn.o
                0x0000000020044000                _estack = (ORIGIN (RAM) + LENGTH (RAM))
                0x0000000000000200                _Min_Heap_Size = 0x200
                0x0000000000000400                _Min_Stack_Size = 0x400

.isr_vector     0x0000000008000000      0x254
                0x0000000008000000                . = ALIGN (0x4)
 *(.isr_vector)
 .isr_vector    0x0000000008000000      0x254 build/startup_stm32h533xx.o
                0x0000000008000000                g_pfnVectors
                0x0000000008000254                . = ALIGN (0x4)

.text           0x0000000008000254     0x383c
                0x0000000008000254                . = ALIGN (0x4)
 *(.text)
 .text          0x0000000008000254       0x8c /usr/lib/gcc/arm-none-eabi/10.3.1/thumb/v8-m.main+fp/hard/crtbegin.o
 .text          0x00000000080002e0       0x48 /usr/lib/gcc/arm-none-eabi/10.3.1/../../../arm-none-eabi/lib/thumb/v8-m.main+fp/hard/libc_nano.a(lib_a-init.o)
                0x00000000080002e0                __libc_init_array
 .text          0x0000000008000328       0xa4 /usr/lib/gcc/arm-none-eabi/10.3.1/../../../arm-none-eabi/lib/thumb/v8-m.main+fp/hard/libc_nano.a(lib_a-memset.o)
                0x0000000008000328                memset
 *(.text*)
 .text.MX_GPIO_Init
                0x00000000080003cc      0x12c build/main.o
 .text.Error_Handler
                0x00000000080004f8        0x4 build/main.o
                0x00000000080004f8                Error_Handler
 .text.MX_ADC1_Init
                0x00000000080004fc       0x84 build/main.o
 .text.MX_DAC1_Init
                0x0000000008000580       0x64 build/main.o
 .text.MX_DCACHE1_Init
                0x00000000080005e4       0x24 build/main.o
 .text.MX_FLASH_Init
                0x0000000008000608       0x18 build/main.o
 .text.MX_ICACHE_Init
                0x0000000008000620       0x3c build/main.o
 .text.MX_OCTOSPI1_Init
                0x000000000800065c       0x40 build/main.o
 .text.MX_SPI1_Init
                0x000000000800069c       0x58 build/main.o
 .text.MX_SPI2_Init
                0x00000000080006f4       0x60 build/main.o
 .text.MX_USB_PCD_Init
                0x0000000008000754       0x38 build/main.o
 .text.MX_RTC_Init
                0x000000000800078c       0x64 build/main.o
 .text.SystemClock_Config
                0x00000000080007f0       0xcc build/main.o
                0x00000000080007f0                SystemClock_Config
 .text.PeriphCommonClock_Config
                0x00000000080008bc       0x50 build/main.o
                0x00000000080008bc                PeriphCommonClock_Config
 .text.main     0x000000000800090c       0x3c build/main.o
                0x000000000800090c                main
 .text.NMI_Handler
                0x0000000008000948        0x2 build/stm32h5xx_it.o
                0x0000000008000948                NMI_Handler
 .text.HardFault_Handler
                0x000000000800094a        0x2 build/stm32h5xx_it.o
                0x000000000800094a                HardFault_Handler
 .text.MemManage_Handler
                0x000000000800094c        0x2 build/stm32h5xx_it.o
                0x000000000800094c                MemManage_Handler
 .text.BusFault_Handler
                0x000000000800094e        0x2 build/stm32h5xx_it.o
                0x000000000800094e                BusFault_Handler
 .text.UsageFault_Handler
                0x0000000008000950        0x2 build/stm32h5xx_it.o
                0x0000000008000950                UsageFault_Handler
 .text.SVC_Handler
                0x0000000008000952        0x2 build/stm32h5xx_it.o
                0x0000000008000952                SVC_Handler
 .text.DebugMon_Handler
                0x0000000008000954        0x2 build/stm32h5xx_it.o
                0x0000000008000954                DebugMon_Handler
 .text.PendSV_Handler
                0x0000000008000956        0x2 build/stm32h5xx_it.o
                0x0000000008000956                PendSV_Handler
 .text.SysTick_Handler
                0x0000000008000958        0x8 build/stm32h5xx_it.o
                0x0000000008000958                SysTick_Handler
 .text.HAL_MspInit
                0x0000000008000960        0x2 build/stm32h5xx_hal_msp.o
                0x0000000008000960                HAL_MspInit
 *fill*         0x0000000008000962        0x2 
 .text.HAL_ADC_MspInit
                0x0000000008000964       0x98 build/stm32h5xx_hal_msp.o
                0x0000000008000964                HAL_ADC_MspInit
 .text.HAL_DAC_MspInit
                0x00000000080009fc       0x94 build/stm32h5xx_hal_msp.o
                0x00000000080009fc                HAL_DAC_MspInit
 .text.HAL_DCACHE_MspInit
                0x0000000008000a90       0x34 build/stm32h5xx_hal_msp.o
                0x0000000008000a90                HAL_DCACHE_MspInit
 .text.HAL_XSPI_MspInit
                0x0000000008000ac4       0xd8 build/stm32h5xx_hal_msp.o
                0x0000000008000ac4                HAL_XSPI_MspInit
 .text.HAL_RTC_MspInit
                0x0000000008000b9c       0x60 build/stm32h5xx_hal_msp.o
                0x0000000008000b9c                HAL_RTC_MspInit
 .text.HAL_SPI_MspInit
                0x0000000008000bfc      0x140 build/stm32h5xx_hal_msp.o
                0x0000000008000bfc                HAL_SPI_MspInit
 .text.HAL_PCD_MspInit
                0x0000000008000d3c       0x60 build/stm32h5xx_hal_msp.o
                0x0000000008000d3c                HAL_PCD_MspInit
 .text.HAL_ADC_Init
                0x0000000008000d9c      0x1f4 build/stm32h5xx_hal_adc.o
                0x0000000008000d9c                HAL_ADC_Init
 .text.HAL_ADC_ConfigChannel
                0x0000000008000f90      0x524 build/stm32h5xx_hal_adc.o
                0x0000000008000f90                HAL_ADC_ConfigChannel
 .text.HAL_RCC_GetSysClockFreq
                0x00000000080014b4      0x1dc build/stm32h5xx_hal_rcc.o
                0x00000000080014b4                HAL_RCC_GetSysClockFreq
 .text.HAL_RCC_ClockConfig
                0x0000000008001690      0x298 build/stm32h5xx_hal_rcc.o
                0x0000000008001690                HAL_RCC_ClockConfig
 .text.HAL_RCC_GetHCLKFreq
                0x0000000008001928       0x2c build/stm32h5xx_hal_rcc.o
                0x0000000008001928                HAL_RCC_GetHCLKFreq
 .text.HAL_RCC_OscConfig
                0x0000000008001954      0x68c build/stm32h5xx_hal_rcc.o
                0x0000000008001954                HAL_RCC_OscConfig
 .text.RCCEx_PLL2_Config
                0x0000000008001fe0       0xe0 build/stm32h5xx_hal_rcc_ex.o
 .text.RCCEx_PLL3_Config
                0x00000000080020c0       0xe0 build/stm32h5xx_hal_rcc_ex.o
 .text.HAL_RCCEx_PeriphCLKConfig
                0x00000000080021a0      0xa4c build/stm32h5xx_hal_rcc_ex.o
                0x00000000080021a0                HAL_RCCEx_PeriphCLKConfig
 .text.HAL_FLASH_Unlock
                0x0000000008002bec       0x34 build/stm32h5xx_hal_flash.o
                0x0000000008002bec                HAL_FLASH_Unlock
 .text.HAL_FLASH_Lock
                0x0000000008002c20       0x20 build/stm32h5xx_hal_flash.o
                0x0000000008002c20                HAL_FLASH_Lock
 .text.HAL_GPIO_Init
                0x0000000008002c40      0x158 build/stm32h5xx_hal_gpio.o
                0x0000000008002c40                HAL_GPIO_Init
 .text.HAL_GPIO_WritePin
                0x0000000008002d98        0xa build/stm32h5xx_hal_gpio.o
                0x0000000008002d98                HAL_GPIO_WritePin
 *fill*         0x0000000008002da2        0x2 
 .text.HAL_PWR_EnableBkUpAccess
                0x0000000008002da4       0x10 build/stm32h5xx_hal_pwr.o
                0x0000000008002da4                HAL_PWR_EnableBkUpAccess
 .text.HAL_PWREx_EnableVddUSB
                0x0000000008002db4       0x10 build/stm32h5xx_hal_pwr_ex.o
                0x0000000008002db4                HAL_PWREx_EnableVddUSB
 .text.HAL_NVIC_SetPriorityGrouping
                0x0000000008002dc4       0x24 build/stm32h5xx_hal_cortex.o
                0x0000000008002dc4                HAL_NVIC_SetPriorityGrouping
 .text.HAL_NVIC_SetPriority
                0x0000000008002de8       0x70 build/stm32h5xx_hal_cortex.o
                0x0000000008002de8                HAL_NVIC_SetPriority
 .text.HAL_SYSTICK_Config
                0x0000000008002e58       0x20 build/stm32h5xx_hal_cortex.o
                0x0000000008002e58                HAL_SYSTICK_Config
 .text.HAL_SYSTICK_CLKSourceConfig
                0x0000000008002e78       0x7c build/stm32h5xx_hal_cortex.o
                0x0000000008002e78                HAL_SYSTICK_CLKSourceConfig
 .text.HAL_SYSTICK_GetCLKSourceConfig
                0x0000000008002ef4       0x30 build/stm32h5xx_hal_cortex.o
                0x0000000008002ef4                HAL_SYSTICK_GetCLKSourceConfig
 .text.HAL_InitTick
                0x0000000008002f24       0xac build/stm32h5xx_hal.o
                0x0000000008002f24                HAL_InitTick
 .text.HAL_Init
                0x0000000008002fd0       0x48 build/stm32h5xx_hal.o
                0x0000000008002fd0                HAL_Init
 .text.HAL_IncTick
                0x0000000008003018       0x18 build/stm32h5xx_hal.o
                0x0000000008003018                HAL_IncTick
 .text.HAL_GetTick
                0x0000000008003030        0xc build/stm32h5xx_hal.o
                0x0000000008003030                HAL_GetTick
 .text.HAL_DAC_Init
                0x000000000800303c       0x24 build/stm32h5xx_hal_dac.o
                0x000000000800303c                HAL_DAC_Init
 .text.HAL_DAC_ConfigChannel
                0x0000000008003060      0x1ec build/stm32h5xx_hal_dac.o
                0x0000000008003060                HAL_DAC_ConfigChannel
 .text.HAL_DCACHE_CleanByAddrCallback
                0x000000000800324c        0x2 build/stm32h5xx_hal_dcache.o
                0x000000000800324c                HAL_DCACHE_CleanByAddrCallback
 .text.HAL_DCACHE_InvalidateByAddrCallback
                0x000000000800324e        0x2 build/stm32h5xx_hal_dcache.o
                0x000000000800324e                HAL_DCACHE_InvalidateByAddrCallback
 .text.HAL_DCACHE_CleanAndInvalidateByAddrCallback
                0x0000000008003250        0x2 build/stm32h5xx_hal_dcache.o
                0x0000000008003250                HAL_DCACHE_CleanAndInvalidateByAddrCallback
 .text.HAL_DCACHE_InvalidateCompleteCallback
                0x0000000008003252        0x2 build/stm32h5xx_hal_dcache.o
                0x0000000008003252                HAL_DCACHE_InvalidateCompleteCallback
 .text.HAL_DCACHE_ErrorCallback
                0x0000000008003254        0x2 build/stm32h5xx_hal_dcache.o
                0x0000000008003254                HAL_DCACHE_ErrorCallback
 .text.HAL_DCACHE_Enable
                0x0000000008003256       0x24 build/stm32h5xx_hal_dcache.o
                0x0000000008003256                HAL_DCACHE_Enable
 *fill*         0x000000000800327a        0x2 
 .text.HAL_DCACHE_Init
                0x000000000800327c       0x6c build/stm32h5xx_hal_dcache.o
                0x000000000800327c                HAL_DCACHE_Init
 .text.HAL_ICACHE_Enable
                0x00000000080032e8       0x14 build/stm32h5xx_hal_icache.o
                0x00000000080032e8                HAL_ICACHE_Enable
 .text.HAL_ICACHE_EnableRemapRegion
                0x00000000080032fc       0x58 build/stm32h5xx_hal_icache.o
                0x00000000080032fc                HAL_ICACHE_EnableRemapRegion
 .text.XSPI_WaitFlagStateUntilTimeout
                0x0000000008003354       0x52 build/stm32h5xx_hal_xspi.o
 .text.HAL_XSPI_SetTimeout
                0x00000000080033a6        0x6 build/stm32h5xx_hal_xspi.o
                0x00000000080033a6                HAL_XSPI_SetTimeout
 .text.HAL_XSPI_Init
                0x00000000080033ac      0x124 build/stm32h5xx_hal_xspi.o
                0x00000000080033ac                HAL_XSPI_Init
 .text.HAL_RTC_WaitForSynchro
                0x00000000080034d0       0x48 build/stm32h5xx_hal_rtc.o
                0x00000000080034d0                HAL_RTC_WaitForSynchro
 .text.RTC_EnterInitMode
                0x0000000008003518       0x58 build/stm32h5xx_hal_rtc.o
                0x0000000008003518                RTC_EnterInitMode
 .text.RTC_ExitInitMode
                0x0000000008003570       0x50 build/stm32h5xx_hal_rtc.o
                0x0000000008003570                RTC_ExitInitMode
 .text.HAL_RTC_Init
                0x00000000080035c0       0xb4 build/stm32h5xx_hal_rtc.o
                0x00000000080035c0                HAL_RTC_Init
 .text.HAL_RTCEx_PrivilegeModeSet
                0x0000000008003674       0x38 build/stm32h5xx_hal_rtc_ex.o
                0x0000000008003674                HAL_RTCEx_PrivilegeModeSet
 .text.SPI_GetPacketSize
                0x00000000080036ac       0x10 build/stm32h5xx_hal_spi.o
 .text.HAL_SPI_Init
                0x00000000080036bc      0x188 build/stm32h5xx_hal_spi.o
                0x00000000080036bc                HAL_SPI_Init
 .text.HAL_PCD_Init
                0x0000000008003844       0xbe build/stm32h5xx_hal_pcd.o
                0x0000000008003844                HAL_PCD_Init
 .text.HAL_PCDEx_ActivateLPM
                0x0000000008003902       0x20 build/stm32h5xx_hal_pcd_ex.o
                0x0000000008003902                HAL_PCDEx_ActivateLPM
 .text.USB_DisableGlobalInt
                0x0000000008003922       0x10 build/stm32h5xx_ll_usb.o
                0x0000000008003922                USB_DisableGlobalInt
 .text.USB_SetCurrentMode
                0x0000000008003932       0x22 build/stm32h5xx_ll_usb.o
                0x0000000008003932                USB_SetCurrentMode
 .text.USB_DevInit
                0x0000000008003954       0x2c build/stm32h5xx_ll_usb.o
                0x0000000008003954                USB_DevInit
 .text.SystemInit
                0x0000000008003980       0xa4 build/system_stm32h5xx.o
                0x0000000008003980                SystemInit
 .text.Reset_Handler
                0x0000000008003a24       0x50 build/startup_stm32h533xx.o
                0x0000000008003a24                Reset_Handler
 .text.Default_Handler
                0x0000000008003a74        0x2 build/startup_stm32h533xx.o
                0x0000000008003a74                EXTI2_IRQHandler
                0x0000000008003a74                TIM8_TRG_COM_IRQHandler
                0x0000000008003a74                TIM8_CC_IRQHandler
                0x0000000008003a74                EXTI5_IRQHandler
                0x0000000008003a74                I3C1_ER_IRQHandler
                0x0000000008003a74                SPI4_IRQHandler
                0x0000000008003a74                GPDMA2_Channel1_IRQHandler
                0x0000000008003a74                FLASH_S_IRQHandler
                0x0000000008003a74                EXTI13_IRQHandler
                0x0000000008003a74                TIM1_CC_IRQHandler
                0x0000000008003a74                GPDMA2_Channel3_IRQHandler
                0x0000000008003a74                TAMP_IRQHandler
                0x0000000008003a74                TIM6_IRQHandler
                0x0000000008003a74                EXTI12_IRQHandler
                0x0000000008003a74                USB_DRD_FS_IRQHandler
                0x0000000008003a74                EXTI3_IRQHandler
                0x0000000008003a74                GPDMA1_Channel5_IRQHandler
                0x0000000008003a74                EXTI8_IRQHandler
                0x0000000008003a74                GPDMA2_Channel5_IRQHandler
                0x0000000008003a74                LPTIM2_IRQHandler
                0x0000000008003a74                I2C3_ER_IRQHandler
                0x0000000008003a74                GPDMA2_Channel2_IRQHandler
                0x0000000008003a74                EXTI0_IRQHandler
                0x0000000008003a74                I2C2_EV_IRQHandler
                0x0000000008003a74                FPU_IRQHandler
                0x0000000008003a74                GPDMA1_Channel3_IRQHandler
                0x0000000008003a74                GPDMA1_Channel7_IRQHandler
                0x0000000008003a74                FDCAN1_IT1_IRQHandler
                0x0000000008003a74                RAMCFG_IRQHandler
                0x0000000008003a74                DCACHE1_IRQHandler
                0x0000000008003a74                SPI1_IRQHandler
                0x0000000008003a74                OCTOSPI1_IRQHandler
                0x0000000008003a74                GPDMA1_Channel2_IRQHandler
                0x0000000008003a74                TIM8_UP_IRQHandler
                0x0000000008003a74                RCC_S_IRQHandler
                0x0000000008003a74                ADC1_IRQHandler
                0x0000000008003a74                PKA_IRQHandler
                0x0000000008003a74                USART6_IRQHandler
                0x0000000008003a74                I3C2_ER_IRQHandler
                0x0000000008003a74                EXTI15_IRQHandler
                0x0000000008003a74                USART3_IRQHandler
                0x0000000008003a74                RTC_IRQHandler
                0x0000000008003a74                EXTI9_IRQHandler
                0x0000000008003a74                UART5_IRQHandler
                0x0000000008003a74                TIM4_IRQHandler
                0x0000000008003a74                I3C2_EV_IRQHandler
                0x0000000008003a74                I2C1_EV_IRQHandler
                0x0000000008003a74                GPDMA1_Channel1_IRQHandler
                0x0000000008003a74                UART4_IRQHandler
                0x0000000008003a74                SecureFault_Handler
                0x0000000008003a74                TIM3_IRQHandler
                0x0000000008003a74                RCC_IRQHandler
                0x0000000008003a74                TIM1_TRG_COM_IRQHandler
                0x0000000008003a74                Default_Handler
                0x0000000008003a74                CEC_IRQHandler
                0x0000000008003a74                OTFDEC1_IRQHandler
                0x0000000008003a74                GPDMA2_Channel4_IRQHandler
                0x0000000008003a74                TIM12_IRQHandler
                0x0000000008003a74                TIM7_IRQHandler
                0x0000000008003a74                SDMMC1_IRQHandler
                0x0000000008003a74                SAES_IRQHandler
                0x0000000008003a74                TIM5_IRQHandler
                0x0000000008003a74                UCPD1_IRQHandler
                0x0000000008003a74                GPDMA1_Channel0_IRQHandler
                0x0000000008003a74                I3C1_EV_IRQHandler
                0x0000000008003a74                TIM15_IRQHandler
                0x0000000008003a74                PVD_AVD_IRQHandler
                0x0000000008003a74                I2C3_EV_IRQHandler
                0x0000000008003a74                ADC2_IRQHandler
                0x0000000008003a74                SPI2_IRQHandler
                0x0000000008003a74                EXTI14_IRQHandler
                0x0000000008003a74                EXTI11_IRQHandler
                0x0000000008003a74                CRS_IRQHandler
                0x0000000008003a74                EXTI4_IRQHandler
                0x0000000008003a74                GPDMA2_Channel0_IRQHandler
                0x0000000008003a74                RTC_S_IRQHandler
                0x0000000008003a74                RNG_IRQHandler
                0x0000000008003a74                FDCAN2_IT1_IRQHandler
                0x0000000008003a74                GPDMA2_Channel6_IRQHandler
                0x0000000008003a74                TIM1_UP_IRQHandler
                0x0000000008003a74                WWDG_IRQHandler
                0x0000000008003a74                FDCAN2_IT0_IRQHandler
                0x0000000008003a74                IWDG_IRQHandler
                0x0000000008003a74                LPUART1_IRQHandler
                0x0000000008003a74                FDCAN1_IT0_IRQHandler
                0x0000000008003a74                TIM2_IRQHandler
                0x0000000008003a74                GPDMA1_Channel4_IRQHandler
                0x0000000008003a74                EXTI7_IRQHandler
                0x0000000008003a74                TIM1_BRK_IRQHandler
                0x0000000008003a74                EXTI1_IRQHandler
                0x0000000008003a74                AES_IRQHandler
                0x0000000008003a74                DAC1_IRQHandler
                0x0000000008003a74                DTS_IRQHandler
                0x0000000008003a74                GTZC_IRQHandler
                0x0000000008003a74                USART2_IRQHandler
                0x0000000008003a74                GPDMA1_Channel6_IRQHandler
                0x0000000008003a74                GPDMA2_Channel7_IRQHandler
                0x0000000008003a74                I2C2_ER_IRQHandler
                0x0000000008003a74                TIM8_BRK_IRQHandler
                0x0000000008003a74                FLASH_IRQHandler
                0x0000000008003a74                USART1_IRQHandler
                0x0000000008003a74                EXTI10_IRQHandler
                0x0000000008003a74                SPI3_IRQHandler
                0x0000000008003a74                I2C1_ER_IRQHandler
                0x0000000008003a74                FMC_IRQHandler
                0x0000000008003a74                EXTI6_IRQHandler
                0x0000000008003a74                LPTIM1_IRQHandler
                0x0000000008003a74                DCMI_PSSI_IRQHandler
                0x0000000008003a74                ICACHE_IRQHandler
                0x0000000008003a74                HASH_IRQHandler
 *(.glue_7)
 .glue_7        0x0000000008003a76        0x0 linker stubs
 *(.glue_7t)
 .glue_7t       0x0000000008003a76        0x0 linker stubs
 *(.eh_frame)
 *fill*         0x0000000008003a76        0x2 
 .eh_frame      0x0000000008003a78        0x0 /usr/lib/gcc/arm-none-eabi/10.3.1/thumb/v8-m.main+fp/hard/crtbegin.o
 *(.init)
 .init          0x0000000008003a78        0x4 /usr/lib/gcc/arm-none-eabi/10.3.1/thumb/v8-m.main+fp/hard/crti.o
                0x0000000008003a78                _init
 .init          0x0000000008003a7c        0x8 /usr/lib/gcc/arm-none-eabi/10.3.1/thumb/v8-m.main+fp/hard/crtn.o
 *(.fini)
 .fini          0x0000000008003a84        0x4 /usr/lib/gcc/arm-none-eabi/10.3.1/thumb/v8-m.main+fp/hard/crti.o
                0x0000000008003a84                _fini
 .fini          0x0000000008003a88        0x8 /usr/lib/gcc/arm-none-eabi/10.3.1/thumb/v8-m.main+fp/hard/crtn.o
                0x0000000008003a90                . = ALIGN (0x4)
                0x0000000008003a90                _etext = .

.vfp11_veneer   0x0000000008003a90        0x0
 .vfp11_veneer  0x0000000008003a90        0x0 linker stubs

.v4_bx          0x0000000008003a90        0x0
 .v4_bx         0x0000000008003a90        0x0 linker stubs

.iplt           0x0000000008003a90        0x0
 .iplt          0x0000000008003a90        0x0 /usr/lib/gcc/arm-none-eabi/10.3.1/thumb/v8-m.main+fp/hard/crtbegin.o

.rodata         0x0000000008003a90       0x10
                0x0000000008003a90                . = ALIGN (0x4)
 *(.rodata)
 *(.rodata*)
 .rodata.AHBPrescTable
                0x0000000008003a90       0x10 build/system_stm32h5xx.o
                0x0000000008003a90                AHBPrescTable
                0x0000000008003aa0                . = ALIGN (0x4)

.ARM.extab      0x0000000008003aa0        0x0
                0x0000000008003aa0                . = ALIGN (0x4)
 *(.ARM.extab* .gnu.linkonce.armextab.*)
                0x0000000008003aa0                . = ALIGN (0x4)

.ARM            0x0000000008003aa0        0x0
                0x0000000008003aa0                . = ALIGN (0x4)
                0x0000000008003aa0                __exidx_start = .
 *(.ARM.exidx*)
                0x0000000008003aa0                __exidx_end = .
                0x0000000008003aa0                . = ALIGN (0x4)

.preinit_array  0x0000000008003aa0        0x0
                0x0000000008003aa0                . = ALIGN (0x4)
                0x0000000008003aa0                PROVIDE (__preinit_array_start = .)
 *(.preinit_array*)
                0x0000000008003aa0                PROVIDE (__preinit_array_end = .)
                0x0000000008003aa0                . = ALIGN (0x4)

.init_array     0x0000000008003aa0        0x4
                0x0000000008003aa0                . = ALIGN (0x4)
                0x0000000008003aa0                PROVIDE (__init_array_start = .)
 *(SORT_BY_NAME(.init_array.*))
 *(.init_array*)
 .init_array    0x0000000008003aa0        0x4 /usr/lib/gcc/arm-none-eabi/10.3.1/thumb/v8-m.main+fp/hard/crtbegin.o
                0x0000000008003aa4                PROVIDE (__init_array_end = .)
                0x0000000008003aa4                . = ALIGN (0x4)

.fini_array     0x0000000008003aa4        0x4
                0x0000000008003aa4                . = ALIGN (0x4)
                0x0000000008003aa4                PROVIDE (__fini_array_start = .)
 *(SORT_BY_NAME(.fini_array.*))
 *(.fini_array*)
 .fini_array    0x0000000008003aa4        0x4 /usr/lib/gcc/arm-none-eabi/10.3.1/thumb/v8-m.main+fp/hard/crtbegin.o
                0x0000000008003aa8                PROVIDE (__fini_array_end = .)
                0x0000000008003aa8                . = ALIGN (0x4)
                0x0000000008003aa8                _sidata = LOADADDR (.data)

.rel.dyn        0x0000000008003aa8        0x0
 .rel.iplt      0x0000000008003aa8        0x0 /usr/lib/gcc/arm-none-eabi/10.3.1/thumb/v8-m.main+fp/hard/crtbegin.o

.data           0x0000000020000000        0xc load address 0x0000000008003aa8
                0x0000000020000000                . = ALIGN (0x4)
                0x0000000020000000                _sdata = .
 *(.data)
 *(.data*)
 .data.uwTickFreq
                0x0000000020000000        0x1 build/stm32h5xx_hal.o
                0x0000000020000000                uwTickFreq
 *fill*         0x0000000020000001        0x3 
 .data.uwTickPrio
                0x0000000020000004        0x4 build/stm32h5xx_hal.o
                0x0000000020000004                uwTickPrio
 .data.SystemCoreClock
                0x0000000020000008        0x4 build/system_stm32h5xx.o
                0x0000000020000008                SystemCoreClock
 *(.RamFunc)
 *(.RamFunc*)
                0x000000002000000c                . = ALIGN (0x4)
                0x000000002000000c                _edata = .

.tm_clone_table
                0x000000002000000c        0x0 load address 0x0000000008003ab4
 .tm_clone_table
                0x000000002000000c        0x0 /usr/lib/gcc/arm-none-eabi/10.3.1/thumb/v8-m.main+fp/hard/crtbegin.o
 .tm_clone_table
                0x000000002000000c        0x0 /usr/lib/gcc/arm-none-eabi/10.3.1/thumb/v8-m.main+fp/hard/crtend.o

.igot.plt       0x000000002000000c        0x0 load address 0x0000000008003ab4
 .igot.plt      0x000000002000000c        0x0 /usr/lib/gcc/arm-none-eabi/10.3.1/thumb/v8-m.main+fp/hard/crtbegin.o
                0x000000002000000c                . = ALIGN (0x4)

.bss            0x000000002000000c      0x554 load address 0x0000000008003ab4
                0x000000002000000c                _sbss = .
                0x000000002000000c                __bss_start__ = _sbss
 *(.bss)
 .bss           0x000000002000000c       0x1c /usr/lib/gcc/arm-none-eabi/10.3.1/thumb/v8-m.main+fp/hard/crtbegin.o
 *(.bss*)
 .bss.hadc1     0x0000000020000028       0x68 build/main.o
                0x0000000020000028                hadc1
 .bss.hdac1     0x0000000020000090       0x14 build/main.o
                0x0000000020000090                hdac1
 .bss.hdcache1  0x00000000200000a4       0x2c build/main.o
                0x00000000200000a4                hdcache1
 .bss.hospi1    0x00000000200000d0       0x5c build/main.o
                0x00000000200000d0                hospi1
 .bss.hpcd_USB_DRD_FS
                0x000000002000012c      0x2e0 build/main.o
                0x000000002000012c                hpcd_USB_DRD_FS
 .bss.hrtc      0x000000002000040c       0x30 build/main.o
                0x000000002000040c                hrtc
 .bss.hspi1     0x000000002000043c       0x90 build/main.o
                0x000000002000043c                hspi1
 .bss.hspi2     0x00000000200004cc       0x90 build/main.o
                0x00000000200004cc                hspi2
 .bss.uwTick    0x000000002000055c        0x4 build/stm32h5xx_hal.o
                0x000000002000055c                uwTick
 *(COMMON)
                0x0000000020000560                . = ALIGN (0x4)
                0x0000000020000560                _ebss = .
                0x0000000020000560                __bss_end__ = _ebss

._user_heap_stack
                0x0000000020000560      0x600 load address 0x0000000008003ab4
                0x0000000020000560                . = ALIGN (0x8)
                [!provide]                        PROVIDE (end = .)
                0x0000000020000560                PROVIDE (_end = .)
                0x0000000020000760                . = (. + _Min_Heap_Size)
 *fill*         0x0000000020000560      0x200 
                0x0000000020000b60                . = (. + _Min_Stack_Size)
 *fill*         0x0000000020000760      0x400 
                0x0000000020000b60                . = ALIGN (0x8)

/DISCARD/
 libc.a(*)
 libm.a(*)
 libgcc.a(*)

.ARM.attributes
                0x0000000000000000       0x36
 *(.ARM.attributes)
 .ARM.attributes
                0x0000000000000000       0x22 /usr/lib/gcc/arm-none-eabi/10.3.1/thumb/v8-m.main+fp/hard/crti.o
 .ARM.attributes
                0x0000000000000022       0x38 /usr/lib/gcc/arm-none-eabi/10.3.1/thumb/v8-m.main+fp/hard/crtbegin.o
 .ARM.attributes
                0x000000000000005a       0x3a build/main.o
 .ARM.attributes
                0x0000000000000094       0x3a build/stm32h5xx_it.o
 .ARM.attributes
                0x00000000000000ce       0x3a build/stm32h5xx_hal_msp.o
 .ARM.attributes
                0x0000000000000108       0x3a build/stm32h5xx_hal_adc.o
 .ARM.attributes
                0x0000000000000142       0x3a build/stm32h5xx_hal_rcc.o
 .ARM.attributes
                0x000000000000017c       0x3a build/stm32h5xx_hal_rcc_ex.o
 .ARM.attributes
                0x00000000000001b6       0x3a build/stm32h5xx_hal_flash.o
 .ARM.attributes
                0x00000000000001f0       0x3a build/stm32h5xx_hal_gpio.o
 .ARM.attributes
                0x000000000000022a       0x3a build/stm32h5xx_hal_pwr.o
 .ARM.attributes
                0x0000000000000264       0x3a build/stm32h5xx_hal_pwr_ex.o
 .ARM.attributes
                0x000000000000029e       0x3a build/stm32h5xx_hal_cortex.o
 .ARM.attributes
                0x00000000000002d8       0x3a build/stm32h5xx_hal.o
 .ARM.attributes
                0x0000000000000312       0x3a build/stm32h5xx_hal_dac.o
 .ARM.attributes
                0x000000000000034c       0x3a build/stm32h5xx_hal_dcache.o
 .ARM.attributes
                0x0000000000000386       0x3a build/stm32h5xx_hal_icache.o
 .ARM.attributes
                0x00000000000003c0       0x3a build/stm32h5xx_hal_xspi.o
 .ARM.attributes
                0x00000000000003fa       0x3a build/stm32h5xx_hal_rtc.o
 .ARM.attributes
                0x0000000000000434       0x3a build/stm32h5xx_hal_rtc_ex.o
 .ARM.attributes
                0x000000000000046e       0x3a build/stm32h5xx_hal_spi.o
 .ARM.attributes
                0x00000000000004a8       0x3a build/stm32h5xx_hal_pcd.o
 .ARM.attributes
                0x00000000000004e2       0x3a build/stm32h5xx_hal_pcd_ex.o
 .ARM.attributes
                0x000000000000051c       0x3a build/stm32h5xx_ll_usb.o
 .ARM.attributes
                0x0000000000000556       0x3a build/system_stm32h5xx.o
 .ARM.attributes
                0x0000000000000590       0x24 build/startup_stm32h533xx.o
 .ARM.attributes
                0x00000000000005b4       0x38 /usr/lib/gcc/arm-none-eabi/10.3.1/../../../arm-none-eabi/lib/thumb/v8-m.main+fp/hard/libc_nano.a(lib_a-init.o)
 .ARM.attributes
                0x00000000000005ec       0x38 /usr/lib/gcc/arm-none-eabi/10.3.1/../../../arm-none-eabi/lib/thumb/v8-m.main+fp/hard/libc_nano.a(lib_a-memset.o)
 .ARM.attributes
                0x0000000000000624       0x36 /usr/lib/gcc/arm-none-eabi/10.3.1/thumb/v8-m.main+fp/hard/crtend.o
 .ARM.attributes
                0x000000000000065a       0x22 /usr/lib/gcc/arm-none-eabi/10.3.1/thumb/v8-m.main+fp/hard/crtn.o
OUTPUT(build/stm32.elf elf32-littlearm)
LOAD linker stubs
LOAD /usr/lib/gcc/arm-none-eabi/10.3.1/../../../arm-none-eabi/lib/thumb/v8-m.main+fp/hard/libc.a
LOAD /usr/lib/gcc/arm-none-eabi/10.3.1/../../../arm-none-eabi/lib/thumb/v8-m.main+fp/hard/libm.a
LOAD /usr/lib/gcc/arm-none-eabi/10.3.1/thumb/v8-m.main+fp/hard/libgcc.a

.comment        0x0000000000000000       0x33
 .comment       0x0000000000000000       0x33 /usr/lib/gcc/arm-none-eabi/10.3.1/thumb/v8-m.main+fp/hard/crtbegin.o
                                         0x34 (size before relaxing)
 .comment       0x0000000000000033       0x34 build/main.o
 .comment       0x0000000000000033       0x34 build/stm32h5xx_it.o
 .comment       0x0000000000000033       0x34 build/stm32h5xx_hal_msp.o
 .comment       0x0000000000000033       0x34 build/stm32h5xx_hal_adc.o
 .comment       0x0000000000000033       0x34 build/stm32h5xx_hal_rcc.o
 .comment       0x0000000000000033       0x34 build/stm32h5xx_hal_rcc_ex.o
 .comment       0x0000000000000033       0x34 build/stm32h5xx_hal_flash.o
 .comment       0x0000000000000033       0x34 build/stm32h5xx_hal_gpio.o
 .comment       0x0000000000000033       0x34 build/stm32h5xx_hal_pwr.o
 .comment       0x0000000000000033       0x34 build/stm32h5xx_hal_pwr_ex.o
 .comment       0x0000000000000033       0x34 build/stm32h5xx_hal_cortex.o
 .comment       0x0000000000000033       0x34 build/stm32h5xx_hal.o
 .comment       0x0000000000000033       0x34 build/stm32h5xx_hal_dac.o
 .comment       0x0000000000000033       0x34 build/stm32h5xx_hal_dcache.o
 .comment       0x0000000000000033       0x34 build/stm32h5xx_hal_icache.o
 .comment       0x0000000000000033       0x34 build/stm32h5xx_hal_xspi.o
 .comment       0x0000000000000033       0x34 build/stm32h5xx_hal_rtc.o
 .comment       0x0000000000000033       0x34 build/stm32h5xx_hal_rtc_ex.o
 .comment       0x0000000000000033       0x34 build/stm32h5xx_hal_spi.o
 .comment       0x0000000000000033       0x34 build/stm32h5xx_hal_pcd.o
 .comment       0x0000000000000033       0x34 build/stm32h5xx_hal_pcd_ex.o
 .comment       0x0000000000000033       0x34 build/stm32h5xx_ll_usb.o
 .comment       0x0000000000000033       0x34 build/system_stm32h5xx.o
 .comment       0x0000000000000033       0x34 /usr/lib/gcc/arm-none-eabi/10.3.1/../../../arm-none-eabi/lib/thumb/v8-m.main+fp/hard/libc_nano.a(lib_a-init.o)
 .comment       0x0000000000000033       0x34 /usr/lib/gcc/arm-none-eabi/10.3.1/../../../arm-none-eabi/lib/thumb/v8-m.main+fp/hard/libc_nano.a(lib_a-memset.o)
 .comment       0x0000000000000033       0x34 /usr/lib/gcc/arm-none-eabi/10.3.1/thumb/v8-m.main+fp/hard/crtend.o

.debug_info     0x0000000000000000    0x23d8d
 .debug_info    0x0000000000000000     0x3c84 build/main.o
 .debug_info    0x0000000000003c84      0x170 build/stm32h5xx_it.o
 .debug_info    0x0000000000003df4     0x31a9 build/stm32h5xx_hal_msp.o
 .debug_info    0x0000000000006f9d     0x3c8c build/stm32h5xx_hal_adc.o
 .debug_info    0x000000000000ac29     0x169b build/stm32h5xx_hal_rcc.o
 .debug_info    0x000000000000c2c4     0x1e38 build/stm32h5xx_hal_rcc_ex.o
 .debug_info    0x000000000000e0fc      0xe06 build/stm32h5xx_hal_flash.o
 .debug_info    0x000000000000ef02      0x813 build/stm32h5xx_hal_gpio.o
 .debug_info    0x000000000000f715      0xb76 build/stm32h5xx_hal_pwr.o
 .debug_info    0x000000000001028b      0xb89 build/stm32h5xx_hal_pwr_ex.o
 .debug_info    0x0000000000010e14     0x1a99 build/stm32h5xx_hal_cortex.o
 .debug_info    0x00000000000128ad     0x16a3 build/stm32h5xx_hal.o
 .debug_info    0x0000000000013f50     0x12ac build/stm32h5xx_hal_dac.o
 .debug_info    0x00000000000151fc      0xfea build/stm32h5xx_hal_dcache.o
 .debug_info    0x00000000000161e6      0x632 build/stm32h5xx_hal_icache.o
 .debug_info    0x0000000000016818     0x2695 build/stm32h5xx_hal_xspi.o
 .debug_info    0x0000000000018ead     0x13f6 build/stm32h5xx_hal_rtc.o
 .debug_info    0x000000000001a2a3     0x23df build/stm32h5xx_hal_rtc_ex.o
 .debug_info    0x000000000001c682     0x1e46 build/stm32h5xx_hal_spi.o
 .debug_info    0x000000000001e4c8     0x1be5 build/stm32h5xx_hal_pcd.o
 .debug_info    0x00000000000200ad      0xa04 build/stm32h5xx_hal_pcd_ex.o
 .debug_info    0x0000000000020ab1     0x21bd build/stm32h5xx_ll_usb.o
 .debug_info    0x0000000000022c6e      0xeac build/system_stm32h5xx.o
 .debug_info    0x0000000000023b1a       0x22 build/startup_stm32h533xx.o
 .debug_info    0x0000000000023b3c      0x11a /usr/lib/gcc/arm-none-eabi/10.3.1/../../../arm-none-eabi/lib/thumb/v8-m.main+fp/hard/libc_nano.a(lib_a-init.o)
 .debug_info    0x0000000000023c56      0x137 /usr/lib/gcc/arm-none-eabi/10.3.1/../../../arm-none-eabi/lib/thumb/v8-m.main+fp/hard/libc_nano.a(lib_a-memset.o)

.debug_abbrev   0x0000000000000000     0x3a2a
 .debug_abbrev  0x0000000000000000      0x291 build/main.o
 .debug_abbrev  0x0000000000000291       0x81 build/stm32h5xx_it.o
 .debug_abbrev  0x0000000000000312      0x28e build/stm32h5xx_hal_msp.o
 .debug_abbrev  0x00000000000005a0      0x2ee build/stm32h5xx_hal_adc.o
 .debug_abbrev  0x000000000000088e      0x239 build/stm32h5xx_hal_rcc.o
 .debug_abbrev  0x0000000000000ac7      0x26b build/stm32h5xx_hal_rcc_ex.o
 .debug_abbrev  0x0000000000000d32      0x34c build/stm32h5xx_hal_flash.o
 .debug_abbrev  0x000000000000107e      0x23c build/stm32h5xx_hal_gpio.o
 .debug_abbrev  0x00000000000012ba      0x243 build/stm32h5xx_hal_pwr.o
 .debug_abbrev  0x00000000000014fd      0x2c2 build/stm32h5xx_hal_pwr_ex.o
 .debug_abbrev  0x00000000000017bf      0x3ce build/stm32h5xx_hal_cortex.o
 .debug_abbrev  0x0000000000001b8d      0x289 build/stm32h5xx_hal.o
 .debug_abbrev  0x0000000000001e16      0x252 build/stm32h5xx_hal_dac.o
 .debug_abbrev  0x0000000000002068      0x267 build/stm32h5xx_hal_dcache.o
 .debug_abbrev  0x00000000000022cf      0x235 build/stm32h5xx_hal_icache.o
 .debug_abbrev  0x0000000000002504      0x2ba build/stm32h5xx_hal_xspi.o
 .debug_abbrev  0x00000000000027be      0x1f3 build/stm32h5xx_hal_rtc.o
 .debug_abbrev  0x00000000000029b1      0x225 build/stm32h5xx_hal_rtc_ex.o
 .debug_abbrev  0x0000000000002bd6      0x2f3 build/stm32h5xx_hal_spi.o
 .debug_abbrev  0x0000000000002ec9      0x33e build/stm32h5xx_hal_pcd.o
 .debug_abbrev  0x0000000000003207      0x23d build/stm32h5xx_hal_pcd_ex.o
 .debug_abbrev  0x0000000000003444      0x325 build/stm32h5xx_ll_usb.o
 .debug_abbrev  0x0000000000003769      0x12f build/system_stm32h5xx.o
 .debug_abbrev  0x0000000000003898       0x12 build/startup_stm32h533xx.o
 .debug_abbrev  0x00000000000038aa       0xcc /usr/lib/gcc/arm-none-eabi/10.3.1/../../../arm-none-eabi/lib/thumb/v8-m.main+fp/hard/libc_nano.a(lib_a-init.o)
 .debug_abbrev  0x0000000000003976       0xb4 /usr/lib/gcc/arm-none-eabi/10.3.1/../../../arm-none-eabi/lib/thumb/v8-m.main+fp/hard/libc_nano.a(lib_a-memset.o)

.debug_loc      0x0000000000000000    0x15bbc
 .debug_loc     0x0000000000000000      0x2b5 build/main.o
 .debug_loc     0x00000000000002b5       0x20 build/stm32h5xx_it.o
 .debug_loc     0x00000000000002d5      0x499 build/stm32h5xx_hal_msp.o
 .debug_loc     0x000000000000076e     0x2c74 build/stm32h5xx_hal_adc.o
 .debug_loc     0x00000000000033e2      0xac0 build/stm32h5xx_hal_rcc.o
 .debug_loc     0x0000000000003ea2     0x2e9d build/stm32h5xx_hal_rcc_ex.o
 .debug_loc     0x0000000000006d3f      0x7a2 build/stm32h5xx_hal_flash.o
 .debug_loc     0x00000000000074e1      0x43b build/stm32h5xx_hal_gpio.o
 .debug_loc     0x000000000000791c      0x11d build/stm32h5xx_hal_pwr.o
 .debug_loc     0x0000000000007a39      0x334 build/stm32h5xx_hal_pwr_ex.o
 .debug_loc     0x0000000000007d6d      0x8d9 build/stm32h5xx_hal_cortex.o
 .debug_loc     0x0000000000008646      0x3e9 build/stm32h5xx_hal.o
 .debug_loc     0x0000000000008a2f      0xe70 build/stm32h5xx_hal_dac.o
 .debug_loc     0x000000000000989f     0x11fc build/stm32h5xx_hal_dcache.o
 .debug_loc     0x000000000000aa9b      0x4e0 build/stm32h5xx_hal_icache.o
 .debug_loc     0x000000000000af7b     0x2321 build/stm32h5xx_hal_xspi.o
 .debug_loc     0x000000000000d29c      0xe8a build/stm32h5xx_hal_rtc.o
 .debug_loc     0x000000000000e126     0x183a build/stm32h5xx_hal_rtc_ex.o
 .debug_loc     0x000000000000f960     0x1c0e build/stm32h5xx_hal_spi.o
 .debug_loc     0x000000000001156e     0x19f4 build/stm32h5xx_hal_pcd.o
 .debug_loc     0x0000000000012f62      0x2a2 build/stm32h5xx_hal_pcd_ex.o
 .debug_loc     0x0000000000013204     0x2564 build/stm32h5xx_ll_usb.o
 .debug_loc     0x0000000000015768      0x16e build/system_stm32h5xx.o
 .debug_loc     0x00000000000158d6       0xba /usr/lib/gcc/arm-none-eabi/10.3.1/../../../arm-none-eabi/lib/thumb/v8-m.main+fp/hard/libc_nano.a(lib_a-init.o)
 .debug_loc     0x0000000000015990      0x22c /usr/lib/gcc/arm-none-eabi/10.3.1/../../../arm-none-eabi/lib/thumb/v8-m.main+fp/hard/libc_nano.a(lib_a-memset.o)

.debug_aranges  0x0000000000000000     0x1678
 .debug_aranges
                0x0000000000000000       0x90 build/main.o
 .debug_aranges
                0x0000000000000090       0x60 build/stm32h5xx_it.o
 .debug_aranges
                0x00000000000000f0       0x90 build/stm32h5xx_hal_msp.o
 .debug_aranges
                0x0000000000000180      0x108 build/stm32h5xx_hal_adc.o
 .debug_aranges
                0x0000000000000288       0xa0 build/stm32h5xx_hal_rcc.o
 .debug_aranges
                0x0000000000000328      0x108 build/stm32h5xx_hal_rcc_ex.o
 .debug_aranges
                0x0000000000000430       0x90 build/stm32h5xx_hal_flash.o
 .debug_aranges
                0x00000000000004c0       0x78 build/stm32h5xx_hal_gpio.o
 .debug_aranges
                0x0000000000000538       0xb0 build/stm32h5xx_hal_pwr.o
 .debug_aranges
                0x00000000000005e8      0x148 build/stm32h5xx_hal_pwr_ex.o
 .debug_aranges
                0x0000000000000730       0xd8 build/stm32h5xx_hal_cortex.o
 .debug_aranges
                0x0000000000000808      0x1f8 build/stm32h5xx_hal.o
 .debug_aranges
                0x0000000000000a00       0xc0 build/stm32h5xx_hal_dac.o
 .debug_aranges
                0x0000000000000ac0      0x128 build/stm32h5xx_hal_dcache.o
 .debug_aranges
                0x0000000000000be8       0xa8 build/stm32h5xx_hal_icache.o
 .debug_aranges
                0x0000000000000c90      0x190 build/stm32h5xx_hal_xspi.o
 .debug_aranges
                0x0000000000000e20       0xe8 build/stm32h5xx_hal_rtc.o
 .debug_aranges
                0x0000000000000f08      0x278 build/stm32h5xx_hal_rtc_ex.o
 .debug_aranges
                0x0000000000001180      0x1a8 build/stm32h5xx_hal_spi.o
 .debug_aranges
                0x0000000000001328      0x138 build/stm32h5xx_hal_pcd.o
 .debug_aranges
                0x0000000000001460       0x58 build/stm32h5xx_hal_pcd_ex.o
 .debug_aranges
                0x00000000000014b8      0x130 build/stm32h5xx_ll_usb.o
 .debug_aranges
                0x00000000000015e8       0x28 build/system_stm32h5xx.o
 .debug_aranges
                0x0000000000001610       0x28 build/startup_stm32h533xx.o
 .debug_aranges
                0x0000000000001638       0x20 /usr/lib/gcc/arm-none-eabi/10.3.1/../../../arm-none-eabi/lib/thumb/v8-m.main+fp/hard/libc_nano.a(lib_a-init.o)
 .debug_aranges
                0x0000000000001658       0x20 /usr/lib/gcc/arm-none-eabi/10.3.1/../../../arm-none-eabi/lib/thumb/v8-m.main+fp/hard/libc_nano.a(lib_a-memset.o)

.debug_ranges   0x0000000000000000     0x1898
 .debug_ranges  0x0000000000000000       0x80 build/main.o
 .debug_ranges  0x0000000000000080       0x50 build/stm32h5xx_it.o
 .debug_ranges  0x00000000000000d0       0x80 build/stm32h5xx_hal_msp.o
 .debug_ranges  0x0000000000000150      0x248 build/stm32h5xx_hal_adc.o
 .debug_ranges  0x0000000000000398       0x90 build/stm32h5xx_hal_rcc.o
 .debug_ranges  0x0000000000000428       0xf8 build/stm32h5xx_hal_rcc_ex.o
 .debug_ranges  0x0000000000000520       0x80 build/stm32h5xx_hal_flash.o
 .debug_ranges  0x00000000000005a0       0x68 build/stm32h5xx_hal_gpio.o
 .debug_ranges  0x0000000000000608       0xa0 build/stm32h5xx_hal_pwr.o
 .debug_ranges  0x00000000000006a8      0x198 build/stm32h5xx_hal_pwr_ex.o
 .debug_ranges  0x0000000000000840      0x128 build/stm32h5xx_hal_cortex.o
 .debug_ranges  0x0000000000000968      0x1e8 build/stm32h5xx_hal.o
 .debug_ranges  0x0000000000000b50       0xb0 build/stm32h5xx_hal_dac.o
 .debug_ranges  0x0000000000000c00      0x118 build/stm32h5xx_hal_dcache.o
 .debug_ranges  0x0000000000000d18       0x98 build/stm32h5xx_hal_icache.o
 .debug_ranges  0x0000000000000db0      0x180 build/stm32h5xx_hal_xspi.o
 .debug_ranges  0x0000000000000f30       0xd8 build/stm32h5xx_hal_rtc.o
 .debug_ranges  0x0000000000001008      0x268 build/stm32h5xx_hal_rtc_ex.o
 .debug_ranges  0x0000000000001270      0x198 build/stm32h5xx_hal_spi.o
 .debug_ranges  0x0000000000001408      0x1a0 build/stm32h5xx_hal_pcd.o
 .debug_ranges  0x00000000000015a8       0x48 build/stm32h5xx_hal_pcd_ex.o
 .debug_ranges  0x00000000000015f0      0x270 build/stm32h5xx_ll_usb.o
 .debug_ranges  0x0000000000001860       0x18 build/system_stm32h5xx.o
 .debug_ranges  0x0000000000001878       0x20 build/startup_stm32h533xx.o

.debug_line     0x0000000000000000    0x16c76
 .debug_line    0x0000000000000000      0xb6d build/main.o
 .debug_line    0x0000000000000b6d      0x179 build/stm32h5xx_it.o
 .debug_line    0x0000000000000ce6      0x7c8 build/stm32h5xx_hal_msp.o
 .debug_line    0x00000000000014ae     0x24f9 build/stm32h5xx_hal_adc.o
 .debug_line    0x00000000000039a7     0x1112 build/stm32h5xx_hal_rcc.o
 .debug_line    0x0000000000004ab9     0x2951 build/stm32h5xx_hal_rcc_ex.o
 .debug_line    0x000000000000740a      0x7b0 build/stm32h5xx_hal_flash.o
 .debug_line    0x0000000000007bba      0x605 build/stm32h5xx_hal_gpio.o
 .debug_line    0x00000000000081bf      0x433 build/stm32h5xx_hal_pwr.o
 .debug_line    0x00000000000085f2      0x715 build/stm32h5xx_hal_pwr_ex.o
 .debug_line    0x0000000000008d07      0x7f8 build/stm32h5xx_hal_cortex.o
 .debug_line    0x00000000000094ff      0x942 build/stm32h5xx_hal.o
 .debug_line    0x0000000000009e41      0xc6d build/stm32h5xx_hal_dac.o
 .debug_line    0x000000000000aaae      0xba9 build/stm32h5xx_hal_dcache.o
 .debug_line    0x000000000000b657      0x4d4 build/stm32h5xx_hal_icache.o
 .debug_line    0x000000000000bb2b     0x1b6b build/stm32h5xx_hal_xspi.o
 .debug_line    0x000000000000d696      0xe18 build/stm32h5xx_hal_rtc.o
 .debug_line    0x000000000000e4ae     0x1a05 build/stm32h5xx_hal_rtc_ex.o
 .debug_line    0x000000000000feb3     0x2a7c build/stm32h5xx_hal_spi.o
 .debug_line    0x000000000001292f     0x18f9 build/stm32h5xx_hal_pcd.o
 .debug_line    0x0000000000014228      0x395 build/stm32h5xx_hal_pcd_ex.o
 .debug_line    0x00000000000145bd     0x2015 build/stm32h5xx_ll_usb.o
 .debug_line    0x00000000000165d2      0x32e build/system_stm32h5xx.o
 .debug_line    0x0000000000016900       0x77 build/startup_stm32h533xx.o
 .debug_line    0x0000000000016977      0x13e /usr/lib/gcc/arm-none-eabi/10.3.1/../../../arm-none-eabi/lib/thumb/v8-m.main+fp/hard/libc_nano.a(lib_a-init.o)
 .debug_line    0x0000000000016ab5      0x1c1 /usr/lib/gcc/arm-none-eabi/10.3.1/../../../arm-none-eabi/lib/thumb/v8-m.main+fp/hard/libc_nano.a(lib_a-memset.o)

.debug_str      0x0000000000000000     0x8afe
 .debug_str     0x0000000000000000     0x2115 build/main.o
                                       0x2356 (size before relaxing)
 .debug_str     0x0000000000002115       0xb4 build/stm32h5xx_it.o
                                        0x231 (size before relaxing)
 .debug_str     0x00000000000021c9      0x168 build/stm32h5xx_hal_msp.o
                                       0x1b92 (size before relaxing)
 .debug_str     0x0000000000002331      0xbed build/stm32h5xx_hal_adc.o
                                       0x1543 (size before relaxing)
 .debug_str     0x0000000000002f1e      0x2b8 build/stm32h5xx_hal_rcc.o
                                        0xb7e (size before relaxing)
 .debug_str     0x00000000000031d6      0x65a build/stm32h5xx_hal_rcc_ex.o
                                        0xf18 (size before relaxing)
 .debug_str     0x0000000000003830      0x290 build/stm32h5xx_hal_flash.o
                                        0x78c (size before relaxing)
 .debug_str     0x0000000000003ac0      0x204 build/stm32h5xx_hal_gpio.o
                                        0x4b9 (size before relaxing)
 .debug_str     0x0000000000003cc4      0x327 build/stm32h5xx_hal_pwr.o
                                        0x6a5 (size before relaxing)
 .debug_str     0x0000000000003feb      0x53d build/stm32h5xx_hal_pwr_ex.o
                                        0x8ab (size before relaxing)
 .debug_str     0x0000000000004528      0xb87 build/stm32h5xx_hal_cortex.o
                                       0x110f (size before relaxing)
 .debug_str     0x00000000000050af      0x7d7 build/stm32h5xx_hal.o
                                       0x138d (size before relaxing)
 .debug_str     0x0000000000005886      0x1ed build/stm32h5xx_hal_dac.o
                                        0xc49 (size before relaxing)
 .debug_str     0x0000000000005a73      0x4e3 build/stm32h5xx_hal_dcache.o
                                        0x8f8 (size before relaxing)
 .debug_str     0x0000000000005f56      0x20e build/stm32h5xx_hal_icache.o
                                        0x4cf (size before relaxing)
 .debug_str     0x0000000000006164      0x73d build/stm32h5xx_hal_xspi.o
                                       0x1007 (size before relaxing)
 .debug_str     0x00000000000068a1      0x471 build/stm32h5xx_hal_rtc.o
                                        0x8be (size before relaxing)
 .debug_str     0x0000000000006d12      0xbfd build/stm32h5xx_hal_rtc_ex.o
                                       0x1321 (size before relaxing)
 .debug_str     0x000000000000790f      0x4d9 build/stm32h5xx_hal_spi.o
                                        0xe46 (size before relaxing)
 .debug_str     0x0000000000007de8      0x573 build/stm32h5xx_hal_pcd.o
                                        0xb1b (size before relaxing)
 .debug_str     0x000000000000835b      0x196 build/stm32h5xx_hal_pcd_ex.o
                                        0x773 (size before relaxing)
 .debug_str     0x00000000000084f1      0x386 build/stm32h5xx_ll_usb.o
                                        0x94a (size before relaxing)
 .debug_str     0x0000000000008877       0x46 build/system_stm32h5xx.o
                                        0x79a (size before relaxing)
 .debug_str     0x00000000000088bd       0x22 build/startup_stm32h533xx.o
                                         0x4f (size before relaxing)
 .debug_str     0x00000000000088df      0x178 /usr/lib/gcc/arm-none-eabi/10.3.1/../../../arm-none-eabi/lib/thumb/v8-m.main+fp/hard/libc_nano.a(lib_a-init.o)
                                        0x213 (size before relaxing)
 .debug_str     0x0000000000008a57       0xa7 /usr/lib/gcc/arm-none-eabi/10.3.1/../../../arm-none-eabi/lib/thumb/v8-m.main+fp/hard/libc_nano.a(lib_a-memset.o)
                                        0x1c8 (size before relaxing)

.debug_frame    0x0000000000000000     0x3764
 .debug_frame   0x0000000000000000      0x1b0 build/main.o
 .debug_frame   0x00000000000001b0       0xa8 build/stm32h5xx_it.o
 .debug_frame   0x0000000000000258      0x1a4 build/stm32h5xx_hal_msp.o
 .debug_frame   0x00000000000003fc      0x300 build/stm32h5xx_hal_adc.o
 .debug_frame   0x00000000000006fc      0x1d0 build/stm32h5xx_hal_rcc.o
 .debug_frame   0x00000000000008cc      0x2c0 build/stm32h5xx_hal_rcc_ex.o
 .debug_frame   0x0000000000000b8c      0x14c build/stm32h5xx_hal_flash.o
 .debug_frame   0x0000000000000cd8      0x110 build/stm32h5xx_hal_gpio.o
 .debug_frame   0x0000000000000de8      0x148 build/stm32h5xx_hal_pwr.o
 .debug_frame   0x0000000000000f30      0x28c build/stm32h5xx_hal_pwr_ex.o
 .debug_frame   0x00000000000011bc      0x1b8 build/stm32h5xx_hal_cortex.o
 .debug_frame   0x0000000000001374      0x408 build/stm32h5xx_hal.o
 .debug_frame   0x000000000000177c      0x228 build/stm32h5xx_hal_dac.o
 .debug_frame   0x00000000000019a4      0x30c build/stm32h5xx_hal_dcache.o
 .debug_frame   0x0000000000001cb0      0x170 build/stm32h5xx_hal_icache.o
 .debug_frame   0x0000000000001e20      0x49c build/stm32h5xx_hal_xspi.o
 .debug_frame   0x00000000000022bc      0x288 build/stm32h5xx_hal_rtc.o
 .debug_frame   0x0000000000002544      0x5c8 build/stm32h5xx_hal_rtc_ex.o
 .debug_frame   0x0000000000002b0c      0x4b0 build/stm32h5xx_hal_spi.o
 .debug_frame   0x0000000000002fbc      0x374 build/stm32h5xx_hal_pcd.o
 .debug_frame   0x0000000000003330       0x9c build/stm32h5xx_hal_pcd_ex.o
 .debug_frame   0x00000000000033cc      0x304 build/stm32h5xx_ll_usb.o
 .debug_frame   0x00000000000036d0       0x3c build/system_stm32h5xx.o
 .debug_frame   0x000000000000370c       0x2c /usr/lib/gcc/arm-none-eabi/10.3.1/../../../arm-none-eabi/lib/thumb/v8-m.main+fp/hard/libc_nano.a(lib_a-init.o)
 .debug_frame   0x0000000000003738       0x2c /usr/lib/gcc/arm-none-eabi/10.3.1/../../../arm-none-eabi/lib/thumb/v8-m.main+fp/hard/libc_nano.a(lib_a-memset.o)

Cross Reference Table

Symbol                                            File
ADC1_IRQHandler                                   build/startup_stm32h533xx.o
ADC2_IRQHandler                                   build/startup_stm32h533xx.o
ADC_ConversionStop                                build/stm32h5xx_hal_adc.o
                                                  build/stm32h5xx_hal_adc_ex.o
ADC_DMAConvCplt                                   build/stm32h5xx_hal_adc.o
                                                  build/stm32h5xx_hal_adc_ex.o
ADC_DMAError                                      build/stm32h5xx_hal_adc.o
                                                  build/stm32h5xx_hal_adc_ex.o
ADC_DMAHalfConvCplt                               build/stm32h5xx_hal_adc.o
                                                  build/stm32h5xx_hal_adc_ex.o
ADC_Disable                                       build/stm32h5xx_hal_adc.o
                                                  build/stm32h5xx_hal_adc_ex.o
ADC_Enable                                        build/stm32h5xx_hal_adc.o
                                                  build/stm32h5xx_hal_adc_ex.o
AES_IRQHandler                                    build/startup_stm32h533xx.o
AHBPrescTable                                     build/system_stm32h5xx.o
                                                  build/stm32h5xx_hal.o
                                                  build/stm32h5xx_hal_rcc.o
APBPrescTable                                     build/system_stm32h5xx.o
                                                  build/stm32h5xx_hal_rcc.o
BusFault_Handler                                  build/stm32h5xx_it.o
CEC_IRQHandler                                    build/startup_stm32h533xx.o
CRS_IRQHandler                                    build/startup_stm32h533xx.o
DAC1_IRQHandler                                   build/startup_stm32h533xx.o
DAC_DMAConvCpltCh1                                build/stm32h5xx_hal_dac.o
                                                  build/stm32h5xx_hal_dac_ex.o
DAC_DMAConvCpltCh2                                build/stm32h5xx_hal_dac_ex.o
                                                  build/stm32h5xx_hal_dac.o
DAC_DMAErrorCh1                                   build/stm32h5xx_hal_dac.o
                                                  build/stm32h5xx_hal_dac_ex.o
DAC_DMAErrorCh2                                   build/stm32h5xx_hal_dac_ex.o
                                                  build/stm32h5xx_hal_dac.o
DAC_DMAHalfConvCpltCh1                            build/stm32h5xx_hal_dac.o
                                                  build/stm32h5xx_hal_dac_ex.o
DAC_DMAHalfConvCpltCh2                            build/stm32h5xx_hal_dac_ex.o
                                                  build/stm32h5xx_hal_dac.o
DCACHE1_IRQHandler                                build/startup_stm32h533xx.o
DCMI_PSSI_IRQHandler                              build/startup_stm32h533xx.o
DTS_IRQHandler                                    build/startup_stm32h533xx.o
DebugMon_Handler                                  build/stm32h5xx_it.o
Default_Handler                                   build/startup_stm32h533xx.o
EXTI0_IRQHandler                                  build/startup_stm32h533xx.o
EXTI10_IRQHandler                                 build/startup_stm32h533xx.o
EXTI11_IRQHandler                                 build/startup_stm32h533xx.o
EXTI12_IRQHandler                                 build/startup_stm32h533xx.o
EXTI13_IRQHandler                                 build/startup_stm32h533xx.o
EXTI14_IRQHandler                                 build/startup_stm32h533xx.o
EXTI15_IRQHandler                                 build/startup_stm32h533xx.o
EXTI1_IRQHandler                                  build/startup_stm32h533xx.o
EXTI2_IRQHandler                                  build/startup_stm32h533xx.o
EXTI3_IRQHandler                                  build/startup_stm32h533xx.o
EXTI4_IRQHandler                                  build/startup_stm32h533xx.o
EXTI5_IRQHandler                                  build/startup_stm32h533xx.o
EXTI6_IRQHandler                                  build/startup_stm32h533xx.o
EXTI7_IRQHandler                                  build/startup_stm32h533xx.o
EXTI8_IRQHandler                                  build/startup_stm32h533xx.o
EXTI9_IRQHandler                                  build/startup_stm32h533xx.o
Error_Handler                                     build/main.o
                                                  build/stm32h5xx_hal_msp.o
FDCAN1_IT0_IRQHandler                             build/startup_stm32h533xx.o
FDCAN1_IT1_IRQHandler                             build/startup_stm32h533xx.o
FDCAN2_IT0_IRQHandler                             build/startup_stm32h533xx.o
FDCAN2_IT1_IRQHandler                             build/startup_stm32h533xx.o
FLASH_Erase_Sector                                build/stm32h5xx_hal_flash_ex.o
                                                  build/stm32h5xx_hal_flash.o
FLASH_IRQHandler                                  build/startup_stm32h533xx.o
FLASH_S_IRQHandler                                build/startup_stm32h533xx.o
FLASH_WaitForLastOperation                        build/stm32h5xx_hal_flash.o
                                                  build/stm32h5xx_hal_flash_ex.o
FMC_IRQHandler                                    build/startup_stm32h533xx.o
FPU_IRQHandler                                    build/startup_stm32h533xx.o
GPDMA1_Channel0_IRQHandler                        build/startup_stm32h533xx.o
GPDMA1_Channel1_IRQHandler                        build/startup_stm32h533xx.o
GPDMA1_Channel2_IRQHandler                        build/startup_stm32h533xx.o
GPDMA1_Channel3_IRQHandler                        build/startup_stm32h533xx.o
GPDMA1_Channel4_IRQHandler                        build/startup_stm32h533xx.o
GPDMA1_Channel5_IRQHandler                        build/startup_stm32h533xx.o
GPDMA1_Channel6_IRQHandler                        build/startup_stm32h533xx.o
GPDMA1_Channel7_IRQHandler                        build/startup_stm32h533xx.o
GPDMA2_Channel0_IRQHandler                        build/startup_stm32h533xx.o
GPDMA2_Channel1_IRQHandler                        build/startup_stm32h533xx.o
GPDMA2_Channel2_IRQHandler                        build/startup_stm32h533xx.o
GPDMA2_Channel3_IRQHandler                        build/startup_stm32h533xx.o
GPDMA2_Channel4_IRQHandler                        build/startup_stm32h533xx.o
GPDMA2_Channel5_IRQHandler                        build/startup_stm32h533xx.o
GPDMA2_Channel6_IRQHandler                        build/startup_stm32h533xx.o
GPDMA2_Channel7_IRQHandler                        build/startup_stm32h533xx.o
GTZC_IRQHandler                                   build/startup_stm32h533xx.o
HAL_ADCEx_Calibration_GetValue                    build/stm32h5xx_hal_adc_ex.o
HAL_ADCEx_Calibration_SetValue                    build/stm32h5xx_hal_adc_ex.o
HAL_ADCEx_Calibration_Start                       build/stm32h5xx_hal_adc_ex.o
HAL_ADCEx_DisableInjectedQueue                    build/stm32h5xx_hal_adc_ex.o
HAL_ADCEx_DisableVoltageRegulator                 build/stm32h5xx_hal_adc_ex.o
HAL_ADCEx_EnableInjectedQueue                     build/stm32h5xx_hal_adc_ex.o
HAL_ADCEx_EndOfSamplingCallback                   build/stm32h5xx_hal_adc_ex.o
                                                  build/stm32h5xx_hal_adc.o
HAL_ADCEx_EnterADCDeepPowerDownMode               build/stm32h5xx_hal_adc_ex.o
HAL_ADCEx_InjectedConfigChannel                   build/stm32h5xx_hal_adc_ex.o
HAL_ADCEx_InjectedConvCpltCallback                build/stm32h5xx_hal_adc_ex.o
                                                  build/stm32h5xx_hal_adc.o
HAL_ADCEx_InjectedGetValue                        build/stm32h5xx_hal_adc_ex.o
HAL_ADCEx_InjectedPollForConversion               build/stm32h5xx_hal_adc_ex.o
HAL_ADCEx_InjectedQueueOverflowCallback           build/stm32h5xx_hal_adc_ex.o
                                                  build/stm32h5xx_hal_adc.o
HAL_ADCEx_InjectedStart                           build/stm32h5xx_hal_adc_ex.o
HAL_ADCEx_InjectedStart_IT                        build/stm32h5xx_hal_adc_ex.o
HAL_ADCEx_InjectedStop                            build/stm32h5xx_hal_adc_ex.o
HAL_ADCEx_InjectedStop_IT                         build/stm32h5xx_hal_adc_ex.o
HAL_ADCEx_LevelOutOfWindow2Callback               build/stm32h5xx_hal_adc_ex.o
                                                  build/stm32h5xx_hal_adc.o
HAL_ADCEx_LevelOutOfWindow3Callback               build/stm32h5xx_hal_adc_ex.o
                                                  build/stm32h5xx_hal_adc.o
HAL_ADCEx_MultiModeConfigChannel                  build/stm32h5xx_hal_adc_ex.o
HAL_ADCEx_MultiModeGetValue                       build/stm32h5xx_hal_adc_ex.o
HAL_ADCEx_MultiModeStart_DMA                      build/stm32h5xx_hal_adc_ex.o
HAL_ADCEx_MultiModeStop_DMA                       build/stm32h5xx_hal_adc_ex.o
HAL_ADCEx_RegularMultiModeStop_DMA                build/stm32h5xx_hal_adc_ex.o
HAL_ADCEx_RegularStop                             build/stm32h5xx_hal_adc_ex.o
HAL_ADCEx_RegularStop_DMA                         build/stm32h5xx_hal_adc_ex.o
HAL_ADCEx_RegularStop_IT                          build/stm32h5xx_hal_adc_ex.o
HAL_ADC_AnalogWDGConfig                           build/stm32h5xx_hal_adc.o
HAL_ADC_ConfigChannel                             build/stm32h5xx_hal_adc.o
                                                  build/main.o
HAL_ADC_ConvCpltCallback                          build/stm32h5xx_hal_adc.o
HAL_ADC_ConvHalfCpltCallback                      build/stm32h5xx_hal_adc.o
HAL_ADC_DeInit                                    build/stm32h5xx_hal_adc.o
HAL_ADC_ErrorCallback                             build/stm32h5xx_hal_adc.o
HAL_ADC_GetError                                  build/stm32h5xx_hal_adc.o
HAL_ADC_GetState                                  build/stm32h5xx_hal_adc.o
HAL_ADC_GetValue                                  build/stm32h5xx_hal_adc.o
HAL_ADC_IRQHandler                                build/stm32h5xx_hal_adc.o
HAL_ADC_Init                                      build/stm32h5xx_hal_adc.o
                                                  build/main.o
HAL_ADC_LevelOutOfWindowCallback                  build/stm32h5xx_hal_adc.o
HAL_ADC_MspDeInit                                 build/stm32h5xx_hal_msp.o
HAL_ADC_MspInit                                   build/stm32h5xx_hal_msp.o
HAL_ADC_PollForConversion                         build/stm32h5xx_hal_adc.o
HAL_ADC_PollForEvent                              build/stm32h5xx_hal_adc.o
HAL_ADC_Start                                     build/stm32h5xx_hal_adc.o
HAL_ADC_StartSampling                             build/stm32h5xx_hal_adc.o
HAL_ADC_Start_DMA                                 build/stm32h5xx_hal_adc.o
HAL_ADC_Start_IT                                  build/stm32h5xx_hal_adc.o
HAL_ADC_Stop                                      build/stm32h5xx_hal_adc.o
HAL_ADC_StopSampling                              build/stm32h5xx_hal_adc.o
HAL_ADC_Stop_DMA                                  build/stm32h5xx_hal_adc.o
HAL_ADC_Stop_IT                                   build/stm32h5xx_hal_adc.o
HAL_DACEx_ConvCpltCallbackCh2                     build/stm32h5xx_hal_dac_ex.o
HAL_DACEx_ConvHalfCpltCallbackCh2                 build/stm32h5xx_hal_dac_ex.o
HAL_DACEx_DMAUnderrunCallbackCh2                  build/stm32h5xx_hal_dac_ex.o
                                                  build/stm32h5xx_hal_dac.o
HAL_DACEx_DualGetValue                            build/stm32h5xx_hal_dac_ex.o
HAL_DACEx_DualSetValue                            build/stm32h5xx_hal_dac_ex.o
HAL_DACEx_DualStart                               build/stm32h5xx_hal_dac_ex.o
HAL_DACEx_DualStart_DMA                           build/stm32h5xx_hal_dac_ex.o
HAL_DACEx_DualStop                                build/stm32h5xx_hal_dac_ex.o
HAL_DACEx_DualStop_DMA                            build/stm32h5xx_hal_dac_ex.o
HAL_DACEx_ErrorCallbackCh2                        build/stm32h5xx_hal_dac_ex.o
HAL_DACEx_GetTrimOffset                           build/stm32h5xx_hal_dac_ex.o
HAL_DACEx_NoiseWaveGenerate                       build/stm32h5xx_hal_dac_ex.o
HAL_DACEx_SelfCalibrate                           build/stm32h5xx_hal_dac_ex.o
HAL_DACEx_SetUserTrimming                         build/stm32h5xx_hal_dac_ex.o
HAL_DACEx_TriangleWaveGenerate                    build/stm32h5xx_hal_dac_ex.o
HAL_DAC_ConfigChannel                             build/stm32h5xx_hal_dac.o
                                                  build/main.o
HAL_DAC_ConvCpltCallbackCh1                       build/stm32h5xx_hal_dac.o
HAL_DAC_ConvHalfCpltCallbackCh1                   build/stm32h5xx_hal_dac.o
HAL_DAC_DMAUnderrunCallbackCh1                    build/stm32h5xx_hal_dac.o
HAL_DAC_DeInit                                    build/stm32h5xx_hal_dac.o
HAL_DAC_ErrorCallbackCh1                          build/stm32h5xx_hal_dac.o
HAL_DAC_GetError                                  build/stm32h5xx_hal_dac.o
HAL_DAC_GetState                                  build/stm32h5xx_hal_dac.o
HAL_DAC_GetValue                                  build/stm32h5xx_hal_dac.o
HAL_DAC_IRQHandler                                build/stm32h5xx_hal_dac.o
HAL_DAC_Init                                      build/stm32h5xx_hal_dac.o
                                                  build/main.o
HAL_DAC_MspDeInit                                 build/stm32h5xx_hal_msp.o
HAL_DAC_MspInit                                   build/stm32h5xx_hal_msp.o
HAL_DAC_SetValue                                  build/stm32h5xx_hal_dac.o
HAL_DAC_Start                                     build/stm32h5xx_hal_dac.o
HAL_DAC_Start_DMA                                 build/stm32h5xx_hal_dac.o
HAL_DAC_Stop                                      build/stm32h5xx_hal_dac.o
HAL_DAC_Stop_DMA                                  build/stm32h5xx_hal_dac.o
HAL_DBGMCU_DisableDBGStandbyMode                  build/stm32h5xx_hal.o
HAL_DBGMCU_DisableDBGStopMode                     build/stm32h5xx_hal.o
HAL_DBGMCU_EnableDBGStandbyMode                   build/stm32h5xx_hal.o
HAL_DBGMCU_EnableDBGStopMode                      build/stm32h5xx_hal.o
HAL_DCACHE_CleanAndInvalidateByAddrCallback       build/stm32h5xx_hal_dcache.o
HAL_DCACHE_CleanByAddr                            build/stm32h5xx_hal_dcache.o
HAL_DCACHE_CleanByAddrCallback                    build/stm32h5xx_hal_dcache.o
HAL_DCACHE_CleanByAddr_IT                         build/stm32h5xx_hal_dcache.o
HAL_DCACHE_CleanInvalidByAddr                     build/stm32h5xx_hal_dcache.o
HAL_DCACHE_CleanInvalidByAddr_IT                  build/stm32h5xx_hal_dcache.o
HAL_DCACHE_DeInit                                 build/stm32h5xx_hal_dcache.o
HAL_DCACHE_Disable                                build/stm32h5xx_hal_dcache.o
HAL_DCACHE_Enable                                 build/stm32h5xx_hal_dcache.o
HAL_DCACHE_ErrorCallback                          build/stm32h5xx_hal_dcache.o
HAL_DCACHE_GetError                               build/stm32h5xx_hal_dcache.o
HAL_DCACHE_GetState                               build/stm32h5xx_hal_dcache.o
HAL_DCACHE_IRQHandler                             build/stm32h5xx_hal_dcache.o
HAL_DCACHE_Init                                   build/stm32h5xx_hal_dcache.o
                                                  build/main.o
HAL_DCACHE_Invalidate                             build/stm32h5xx_hal_dcache.o
HAL_DCACHE_InvalidateByAddr                       build/stm32h5xx_hal_dcache.o
HAL_DCACHE_InvalidateByAddrCallback               build/stm32h5xx_hal_dcache.o
HAL_DCACHE_InvalidateByAddr_IT                    build/stm32h5xx_hal_dcache.o
HAL_DCACHE_InvalidateCompleteCallback             build/stm32h5xx_hal_dcache.o
HAL_DCACHE_Invalidate_IT                          build/stm32h5xx_hal_dcache.o
HAL_DCACHE_IsEnabled                              build/stm32h5xx_hal_dcache.o
HAL_DCACHE_Monitor_GetReadHitValue                build/stm32h5xx_hal_dcache.o
HAL_DCACHE_Monitor_GetReadMissValue               build/stm32h5xx_hal_dcache.o
HAL_DCACHE_Monitor_GetWriteHitValue               build/stm32h5xx_hal_dcache.o
HAL_DCACHE_Monitor_GetWriteMissValue              build/stm32h5xx_hal_dcache.o
HAL_DCACHE_Monitor_Reset                          build/stm32h5xx_hal_dcache.o
HAL_DCACHE_Monitor_Start                          build/stm32h5xx_hal_dcache.o
HAL_DCACHE_Monitor_Stop                           build/stm32h5xx_hal_dcache.o
HAL_DCACHE_MspDeInit                              build/stm32h5xx_hal_msp.o
HAL_DCACHE_MspInit                                build/stm32h5xx_hal_msp.o
HAL_DCACHE_RegisterCallback                       build/stm32h5xx_hal_dcache.o
HAL_DCACHE_SetReadBurstType                       build/stm32h5xx_hal_dcache.o
HAL_DCACHE_UnRegisterCallback                     build/stm32h5xx_hal_dcache.o
HAL_DMAEx_ConfigDataHandling                      build/stm32h5xx_hal_dma_ex.o
HAL_DMAEx_ConfigRepeatBlock                       build/stm32h5xx_hal_dma_ex.o
HAL_DMAEx_ConfigTrigger                           build/stm32h5xx_hal_dma_ex.o
HAL_DMAEx_GetFifoLevel                            build/stm32h5xx_hal_dma_ex.o
HAL_DMAEx_List_BuildNode                          build/stm32h5xx_hal_dma_ex.o
HAL_DMAEx_List_ClearCircularMode                  build/stm32h5xx_hal_dma_ex.o
HAL_DMAEx_List_ConvertQToDynamic                  build/stm32h5xx_hal_dma_ex.o
HAL_DMAEx_List_ConvertQToStatic                   build/stm32h5xx_hal_dma_ex.o
HAL_DMAEx_List_DeInit                             build/stm32h5xx_hal_dma_ex.o
HAL_DMAEx_List_GetNodeConfig                      build/stm32h5xx_hal_dma_ex.o
                                                  build/stm32h5xx_hal_dac.o
                                                  build/stm32h5xx_hal_adc_ex.o
                                                  build/stm32h5xx_hal_adc.o
HAL_DMAEx_List_Init                               build/stm32h5xx_hal_dma_ex.o
HAL_DMAEx_List_InsertNode                         build/stm32h5xx_hal_dma_ex.o
HAL_DMAEx_List_InsertNode_Head                    build/stm32h5xx_hal_dma_ex.o
HAL_DMAEx_List_InsertNode_Tail                    build/stm32h5xx_hal_dma_ex.o
HAL_DMAEx_List_InsertQ                            build/stm32h5xx_hal_dma_ex.o
HAL_DMAEx_List_InsertQ_Head                       build/stm32h5xx_hal_dma_ex.o
HAL_DMAEx_List_InsertQ_Tail                       build/stm32h5xx_hal_dma_ex.o
HAL_DMAEx_List_LinkQ                              build/stm32h5xx_hal_dma_ex.o
HAL_DMAEx_List_RemoveNode                         build/stm32h5xx_hal_dma_ex.o
HAL_DMAEx_List_RemoveNode_Head                    build/stm32h5xx_hal_dma_ex.o
HAL_DMAEx_List_RemoveNode_Tail                    build/stm32h5xx_hal_dma_ex.o
HAL_DMAEx_List_ReplaceNode                        build/stm32h5xx_hal_dma_ex.o
HAL_DMAEx_List_ReplaceNode_Head                   build/stm32h5xx_hal_dma_ex.o
HAL_DMAEx_List_ReplaceNode_Tail                   build/stm32h5xx_hal_dma_ex.o
HAL_DMAEx_List_ResetQ                             build/stm32h5xx_hal_dma_ex.o
HAL_DMAEx_List_SetCircularMode                    build/stm32h5xx_hal_dma_ex.o
HAL_DMAEx_List_SetCircularModeConfig              build/stm32h5xx_hal_dma_ex.o
HAL_DMAEx_List_Start                              build/stm32h5xx_hal_dma_ex.o
HAL_DMAEx_List_Start_IT                           build/stm32h5xx_hal_dma_ex.o
                                                  build/stm32h5xx_hal_spi.o
                                                  build/stm32h5xx_hal_xspi.o
                                                  build/stm32h5xx_hal_dac_ex.o
                                                  build/stm32h5xx_hal_dac.o
                                                  build/stm32h5xx_hal_adc_ex.o
                                                  build/stm32h5xx_hal_adc.o
HAL_DMAEx_List_UnLinkQ                            build/stm32h5xx_hal_dma_ex.o
HAL_DMAEx_Resume                                  build/stm32h5xx_hal_dma_ex.o
HAL_DMAEx_Suspend                                 build/stm32h5xx_hal_dma_ex.o
HAL_DMAEx_Suspend_IT                              build/stm32h5xx_hal_dma_ex.o
HAL_DMA_Abort                                     build/stm32h5xx_hal_dma.o
                                                  build/stm32h5xx_hal_spi.o
                                                  build/stm32h5xx_hal_xspi.o
                                                  build/stm32h5xx_hal_dac_ex.o
                                                  build/stm32h5xx_hal_dac.o
                                                  build/stm32h5xx_hal_adc_ex.o
                                                  build/stm32h5xx_hal_adc.o
HAL_DMA_Abort_IT                                  build/stm32h5xx_hal_dma.o
                                                  build/stm32h5xx_hal_spi.o
                                                  build/stm32h5xx_hal_xspi.o
HAL_DMA_ConfigChannelAttributes                   build/stm32h5xx_hal_dma.o
HAL_DMA_DeInit                                    build/stm32h5xx_hal_dma.o
HAL_DMA_GetConfigChannelAttributes                build/stm32h5xx_hal_dma.o
HAL_DMA_GetError                                  build/stm32h5xx_hal_dma.o
                                                  build/stm32h5xx_hal_spi.o
HAL_DMA_GetLockChannelAttributes                  build/stm32h5xx_hal_dma.o
HAL_DMA_GetState                                  build/stm32h5xx_hal_dma.o
HAL_DMA_IRQHandler                                build/stm32h5xx_hal_dma.o
HAL_DMA_Init                                      build/stm32h5xx_hal_dma.o
HAL_DMA_PollForTransfer                           build/stm32h5xx_hal_dma.o
HAL_DMA_RegisterCallback                          build/stm32h5xx_hal_dma.o
HAL_DMA_Start                                     build/stm32h5xx_hal_dma.o
HAL_DMA_Start_IT                                  build/stm32h5xx_hal_dma.o
                                                  build/stm32h5xx_hal_spi.o
                                                  build/stm32h5xx_hal_xspi.o
                                                  build/stm32h5xx_hal_dac_ex.o
                                                  build/stm32h5xx_hal_dac.o
                                                  build/stm32h5xx_hal_adc_ex.o
                                                  build/stm32h5xx_hal_adc.o
HAL_DMA_UnRegisterCallback                        build/stm32h5xx_hal_dma.o
HAL_DeInit                                        build/stm32h5xx_hal.o
HAL_Delay                                         build/stm32h5xx_hal.o
                                                  build/stm32h5xx_ll_usb.o
                                                  build/stm32h5xx_hal_pcd_ex.o
                                                  build/stm32h5xx_hal_dac_ex.o
HAL_DisableVREFBUF                                build/stm32h5xx_hal.o
HAL_EXTI_ClearConfigLine                          build/stm32h5xx_hal_exti.o
HAL_EXTI_ClearPending                             build/stm32h5xx_hal_exti.o
HAL_EXTI_ConfigLineAttributes                     build/stm32h5xx_hal_exti.o
HAL_EXTI_GenerateSWI                              build/stm32h5xx_hal_exti.o
HAL_EXTI_GetConfigLine                            build/stm32h5xx_hal_exti.o
HAL_EXTI_GetConfigLineAttributes                  build/stm32h5xx_hal_exti.o
HAL_EXTI_GetHandle                                build/stm32h5xx_hal_exti.o
HAL_EXTI_GetPending                               build/stm32h5xx_hal_exti.o
HAL_EXTI_IRQHandler                               build/stm32h5xx_hal_exti.o
HAL_EXTI_RegisterCallback                         build/stm32h5xx_hal_exti.o
HAL_EXTI_SetConfigLine                            build/stm32h5xx_hal_exti.o
HAL_EnableVREFBUF                                 build/stm32h5xx_hal.o
HAL_FLASHEx_ConfigBBAttributes                    build/stm32h5xx_hal_flash_ex.o
HAL_FLASHEx_ConfigHDPExtension                    build/stm32h5xx_hal_flash_ex.o
HAL_FLASHEx_ConfigPrivMode                        build/stm32h5xx_hal_flash_ex.o
HAL_FLASHEx_DisableEccCorrectionInterrupt         build/stm32h5xx_hal_flash_ex.o
HAL_FLASHEx_ECCD_IRQHandler                       build/stm32h5xx_hal_flash_ex.o
HAL_FLASHEx_EccCorrectionCallback                 build/stm32h5xx_hal_flash_ex.o
                                                  build/stm32h5xx_hal_flash.o
HAL_FLASHEx_EccDetectionCallback                  build/stm32h5xx_hal_flash_ex.o
HAL_FLASHEx_EnableEccCorrectionInterrupt          build/stm32h5xx_hal_flash_ex.o
HAL_FLASHEx_Erase                                 build/stm32h5xx_hal_flash_ex.o
HAL_FLASHEx_Erase_IT                              build/stm32h5xx_hal_flash_ex.o
HAL_FLASHEx_GetConfigBBAttributes                 build/stm32h5xx_hal_flash_ex.o
HAL_FLASHEx_GetEccInfo                            build/stm32h5xx_hal_flash_ex.o
HAL_FLASHEx_GetOperation                          build/stm32h5xx_hal_flash_ex.o
HAL_FLASHEx_GetPrivMode                           build/stm32h5xx_hal_flash_ex.o
HAL_FLASHEx_OBGetConfig                           build/stm32h5xx_hal_flash_ex.o
HAL_FLASHEx_OBK_Lock                              build/stm32h5xx_hal_flash_ex.o
HAL_FLASHEx_OBK_Swap                              build/stm32h5xx_hal_flash_ex.o
HAL_FLASHEx_OBK_Unlock                            build/stm32h5xx_hal_flash_ex.o
HAL_FLASHEx_OBProgram                             build/stm32h5xx_hal_flash_ex.o
HAL_FLASH_EndOfOperationCallback                  build/stm32h5xx_hal_flash.o
HAL_FLASH_GetError                                build/stm32h5xx_hal_flash.o
HAL_FLASH_IRQHandler                              build/stm32h5xx_hal_flash.o
HAL_FLASH_Lock                                    build/stm32h5xx_hal_flash.o
                                                  build/main.o
HAL_FLASH_OB_Launch                               build/stm32h5xx_hal_flash.o
HAL_FLASH_OB_Lock                                 build/stm32h5xx_hal_flash.o
HAL_FLASH_OB_Unlock                               build/stm32h5xx_hal_flash.o
HAL_FLASH_OperationErrorCallback                  build/stm32h5xx_hal_flash.o
HAL_FLASH_Program                                 build/stm32h5xx_hal_flash.o
HAL_FLASH_Program_IT                              build/stm32h5xx_hal_flash.o
HAL_FLASH_Unlock                                  build/stm32h5xx_hal_flash.o
                                                  build/main.o
HAL_GPIO_DeInit                                   build/stm32h5xx_hal_gpio.o
                                                  build/stm32h5xx_hal_msp.o
HAL_GPIO_DisableHighSPeedLowVoltage               build/stm32h5xx_hal_gpio.o
HAL_GPIO_EXTI_Falling_Callback                    build/stm32h5xx_hal_gpio.o
HAL_GPIO_EXTI_IRQHandler                          build/stm32h5xx_hal_gpio.o
HAL_GPIO_EXTI_Rising_Callback                     build/stm32h5xx_hal_gpio.o
HAL_GPIO_EnableHighSPeedLowVoltage                build/stm32h5xx_hal_gpio.o
HAL_GPIO_Init                                     build/stm32h5xx_hal_gpio.o
                                                  build/stm32h5xx_hal_rcc.o
                                                  build/stm32h5xx_hal_msp.o
                                                  build/main.o
HAL_GPIO_LockPin                                  build/stm32h5xx_hal_gpio.o
HAL_GPIO_ReadPin                                  build/stm32h5xx_hal_gpio.o
HAL_GPIO_TogglePin                                build/stm32h5xx_hal_gpio.o
HAL_GPIO_WriteMultipleStatePin                    build/stm32h5xx_hal_gpio.o
HAL_GPIO_WritePin                                 build/stm32h5xx_hal_gpio.o
                                                  build/main.o
HAL_GetDEVID                                      build/stm32h5xx_hal.o
HAL_GetHalVersion                                 build/stm32h5xx_hal.o
HAL_GetREVID                                      build/stm32h5xx_hal.o
HAL_GetTick                                       build/stm32h5xx_hal.o
                                                  build/stm32h5xx_hal_pcd_ex.o
                                                  build/stm32h5xx_hal_spi.o
                                                  build/stm32h5xx_hal_rtc_ex.o
                                                  build/stm32h5xx_hal_rtc.o
                                                  build/stm32h5xx_ll_dlyb.o
                                                  build/stm32h5xx_hal_xspi.o
                                                  build/stm32h5xx_hal_icache.o
                                                  build/stm32h5xx_hal_dcache.o
                                                  build/stm32h5xx_hal_dac.o
                                                  build/stm32h5xx_hal_pwr_ex.o
                                                  build/stm32h5xx_hal_flash.o
                                                  build/stm32h5xx_hal_rcc_ex.o
                                                  build/stm32h5xx_hal_rcc.o
                                                  build/stm32h5xx_hal_dma_ex.o
                                                  build/stm32h5xx_hal_dma.o
                                                  build/stm32h5xx_hal_adc_ex.o
                                                  build/stm32h5xx_hal_adc.o
HAL_GetTickFreq                                   build/stm32h5xx_hal.o
HAL_GetTickPrio                                   build/stm32h5xx_hal.o
HAL_GetUIDw0                                      build/stm32h5xx_hal.o
HAL_GetUIDw1                                      build/stm32h5xx_hal.o
HAL_GetUIDw2                                      build/stm32h5xx_hal.o
HAL_ICACHE_ConfigAssociativityMode                build/stm32h5xx_hal_icache.o
HAL_ICACHE_DeInit                                 build/stm32h5xx_hal_icache.o
HAL_ICACHE_Disable                                build/stm32h5xx_hal_icache.o
HAL_ICACHE_DisableRemapRegion                     build/stm32h5xx_hal_icache.o
HAL_ICACHE_Enable                                 build/stm32h5xx_hal_icache.o
                                                  build/main.o
HAL_ICACHE_EnableRemapRegion                      build/stm32h5xx_hal_icache.o
                                                  build/main.o
HAL_ICACHE_ErrorCallback                          build/stm32h5xx_hal_icache.o
HAL_ICACHE_IRQHandler                             build/stm32h5xx_hal_icache.o
HAL_ICACHE_Invalidate                             build/stm32h5xx_hal_icache.o
HAL_ICACHE_InvalidateCompleteCallback             build/stm32h5xx_hal_icache.o
HAL_ICACHE_Invalidate_IT                          build/stm32h5xx_hal_icache.o
HAL_ICACHE_IsEnabled                              build/stm32h5xx_hal_icache.o
HAL_ICACHE_Monitor_GetHitValue                    build/stm32h5xx_hal_icache.o
HAL_ICACHE_Monitor_GetMissValue                   build/stm32h5xx_hal_icache.o
HAL_ICACHE_Monitor_Reset                          build/stm32h5xx_hal_icache.o
HAL_ICACHE_Monitor_Start                          build/stm32h5xx_hal_icache.o
HAL_ICACHE_Monitor_Stop                           build/stm32h5xx_hal_icache.o
HAL_ICACHE_WaitForInvalidateComplete              build/stm32h5xx_hal_icache.o
HAL_IncTick                                       build/stm32h5xx_hal.o
                                                  build/stm32h5xx_it.o
HAL_Init                                          build/stm32h5xx_hal.o
                                                  build/main.o
HAL_InitTick                                      build/stm32h5xx_hal.o
                                                  build/stm32h5xx_hal_rcc.o
HAL_MPU_ConfigMemoryAttributes                    build/stm32h5xx_hal_cortex.o
HAL_MPU_ConfigRegion                              build/stm32h5xx_hal_cortex.o
HAL_MPU_Disable                                   build/stm32h5xx_hal_cortex.o
HAL_MPU_DisableRegion                             build/stm32h5xx_hal_cortex.o
HAL_MPU_Enable                                    build/stm32h5xx_hal_cortex.o
HAL_MPU_EnableRegion                              build/stm32h5xx_hal_cortex.o
HAL_MspDeInit                                     build/stm32h5xx_hal.o
HAL_MspInit                                       build/stm32h5xx_hal_msp.o
HAL_NVIC_ClearPendingIRQ                          build/stm32h5xx_hal_cortex.o
HAL_NVIC_DisableIRQ                               build/stm32h5xx_hal_cortex.o
HAL_NVIC_EnableIRQ                                build/stm32h5xx_hal_cortex.o
HAL_NVIC_GetActive                                build/stm32h5xx_hal_cortex.o
HAL_NVIC_GetPendingIRQ                            build/stm32h5xx_hal_cortex.o
HAL_NVIC_GetPriority                              build/stm32h5xx_hal_cortex.o
HAL_NVIC_GetPriorityGrouping                      build/stm32h5xx_hal_cortex.o
HAL_NVIC_SetPendingIRQ                            build/stm32h5xx_hal_cortex.o
HAL_NVIC_SetPriority                              build/stm32h5xx_hal_cortex.o
                                                  build/stm32h5xx_hal.o
HAL_NVIC_SetPriorityGrouping                      build/stm32h5xx_hal_cortex.o
                                                  build/stm32h5xx_hal.o
HAL_NVIC_SystemReset                              build/stm32h5xx_hal_cortex.o
HAL_PCDEx_ActivateBCD                             build/stm32h5xx_hal_pcd_ex.o
HAL_PCDEx_ActivateLPM                             build/stm32h5xx_hal_pcd_ex.o
                                                  build/stm32h5xx_hal_pcd.o
HAL_PCDEx_BCD_Callback                            build/stm32h5xx_hal_pcd_ex.o
HAL_PCDEx_BCD_VBUSDetect                          build/stm32h5xx_hal_pcd_ex.o
HAL_PCDEx_DeActivateBCD                           build/stm32h5xx_hal_pcd_ex.o
HAL_PCDEx_DeActivateLPM                           build/stm32h5xx_hal_pcd_ex.o
HAL_PCDEx_LPM_Callback                            build/stm32h5xx_hal_pcd_ex.o
                                                  build/stm32h5xx_hal_pcd.o
HAL_PCDEx_PMAConfig                               build/stm32h5xx_hal_pcd_ex.o
HAL_PCD_ActivateRemoteWakeup                      build/stm32h5xx_hal_pcd.o
HAL_PCD_ConnectCallback                           build/stm32h5xx_hal_pcd.o
HAL_PCD_DataInStageCallback                       build/stm32h5xx_hal_pcd.o
HAL_PCD_DataOutStageCallback                      build/stm32h5xx_hal_pcd.o
HAL_PCD_DeActivateRemoteWakeup                    build/stm32h5xx_hal_pcd.o
HAL_PCD_DeInit                                    build/stm32h5xx_hal_pcd.o
HAL_PCD_DevConnect                                build/stm32h5xx_hal_pcd.o
HAL_PCD_DevDisconnect                             build/stm32h5xx_hal_pcd.o
HAL_PCD_DisconnectCallback                        build/stm32h5xx_hal_pcd.o
HAL_PCD_EP_Abort                                  build/stm32h5xx_hal_pcd.o
HAL_PCD_EP_Close                                  build/stm32h5xx_hal_pcd.o
HAL_PCD_EP_ClrStall                               build/stm32h5xx_hal_pcd.o
HAL_PCD_EP_Flush                                  build/stm32h5xx_hal_pcd.o
HAL_PCD_EP_GetRxCount                             build/stm32h5xx_hal_pcd.o
HAL_PCD_EP_Open                                   build/stm32h5xx_hal_pcd.o
HAL_PCD_EP_Receive                                build/stm32h5xx_hal_pcd.o
HAL_PCD_EP_SetStall                               build/stm32h5xx_hal_pcd.o
HAL_PCD_EP_Transmit                               build/stm32h5xx_hal_pcd.o
HAL_PCD_GetState                                  build/stm32h5xx_hal_pcd.o
HAL_PCD_IRQHandler                                build/stm32h5xx_hal_pcd.o
HAL_PCD_ISOINIncompleteCallback                   build/stm32h5xx_hal_pcd.o
HAL_PCD_ISOOUTIncompleteCallback                  build/stm32h5xx_hal_pcd.o
HAL_PCD_Init                                      build/stm32h5xx_hal_pcd.o
                                                  build/main.o
HAL_PCD_MspDeInit                                 build/stm32h5xx_hal_msp.o
HAL_PCD_MspInit                                   build/stm32h5xx_hal_msp.o
HAL_PCD_ResetCallback                             build/stm32h5xx_hal_pcd.o
HAL_PCD_ResumeCallback                            build/stm32h5xx_hal_pcd.o
HAL_PCD_SOFCallback                               build/stm32h5xx_hal_pcd.o
HAL_PCD_SetAddress                                build/stm32h5xx_hal_pcd.o
HAL_PCD_SetupStageCallback                        build/stm32h5xx_hal_pcd.o
HAL_PCD_Start                                     build/stm32h5xx_hal_pcd.o
HAL_PCD_Stop                                      build/stm32h5xx_hal_pcd.o
HAL_PCD_SuspendCallback                           build/stm32h5xx_hal_pcd.o
HAL_PWREx_ConfigAVD                               build/stm32h5xx_hal_pwr_ex.o
HAL_PWREx_ConfigSupply                            build/stm32h5xx_hal_pwr_ex.o
HAL_PWREx_ControlStopModeVoltageScaling           build/stm32h5xx_hal_pwr_ex.o
HAL_PWREx_ControlVoltageScaling                   build/stm32h5xx_hal_pwr_ex.o
HAL_PWREx_DisableAVD                              build/stm32h5xx_hal_pwr_ex.o
HAL_PWREx_DisableAnalogBooster                    build/stm32h5xx_hal_pwr_ex.o
HAL_PWREx_DisableBatteryCharging                  build/stm32h5xx_hal_pwr_ex.o
HAL_PWREx_DisableBkupRAMRetention                 build/stm32h5xx_hal_pwr_ex.o
HAL_PWREx_DisableFlashPowerDown                   build/stm32h5xx_hal_pwr_ex.o
HAL_PWREx_DisableMemoryShutOff                    build/stm32h5xx_hal_pwr_ex.o
HAL_PWREx_DisableMonitoring                       build/stm32h5xx_hal_pwr_ex.o
HAL_PWREx_DisableStandbyIORetention               build/stm32h5xx_hal_pwr_ex.o
HAL_PWREx_DisableStandbyJTAGIORetention           build/stm32h5xx_hal_pwr_ex.o
HAL_PWREx_DisableUCPDDeadBattery                  build/stm32h5xx_hal_pwr_ex.o
HAL_PWREx_DisableUCPDStandbyMode                  build/stm32h5xx_hal_pwr_ex.o
HAL_PWREx_DisableUSBVoltageDetector               build/stm32h5xx_hal_pwr_ex.o
HAL_PWREx_DisableVddUSB                           build/stm32h5xx_hal_pwr_ex.o
HAL_PWREx_DisableWakeUpPin                        build/stm32h5xx_hal_pwr_ex.o
HAL_PWREx_EnableAVD                               build/stm32h5xx_hal_pwr_ex.o
HAL_PWREx_EnableAnalogBooster                     build/stm32h5xx_hal_pwr_ex.o
HAL_PWREx_EnableBatteryCharging                   build/stm32h5xx_hal_pwr_ex.o
HAL_PWREx_EnableBkupRAMRetention                  build/stm32h5xx_hal_pwr_ex.o
HAL_PWREx_EnableFlashPowerDown                    build/stm32h5xx_hal_pwr_ex.o