Archive member included to satisfy reference by file (symbol)

/opt/local/lib/gcc/arm-none-eabi/14.2.0/../../../../arm-none-eabi/lib/thumb/v8-m.main+fp/hard/libc.a(libc_a-atexit.o)
                              /opt/local/lib/gcc/arm-none-eabi/14.2.0/../../../../arm-none-eabi/lib/thumb/v8-m.main+fp/hard/crt0.o (atexit)
/opt/local/lib/gcc/arm-none-eabi/14.2.0/../../../../arm-none-eabi/lib/thumb/v8-m.main+fp/hard/libc.a(libc_a-exit.o)
                              /opt/local/lib/gcc/arm-none-eabi/14.2.0/../../../../arm-none-eabi/lib/thumb/v8-m.main+fp/hard/crt0.o (exit)
/opt/local/lib/gcc/arm-none-eabi/14.2.0/../../../../arm-none-eabi/lib/thumb/v8-m.main+fp/hard/libc.a(libc_a-printf.o)
                              build/main.o (printf)
/opt/local/lib/gcc/arm-none-eabi/14.2.0/../../../../arm-none-eabi/lib/thumb/v8-m.main+fp/hard/libc.a(libc_a-vfprintf.o)
                              /opt/local/lib/gcc/arm-none-eabi/14.2.0/../../../../arm-none-eabi/lib/thumb/v8-m.main+fp/hard/libc.a(libc_a-printf.o) (_vfprintf_r)
/opt/local/lib/gcc/arm-none-eabi/14.2.0/../../../../arm-none-eabi/lib/thumb/v8-m.main+fp/hard/libc.a(libc_a-vfiprintf.o)
                              /opt/local/lib/gcc/arm-none-eabi/14.2.0/../../../../arm-none-eabi/lib/thumb/v8-m.main+fp/hard/libc.a(libc_a-vfprintf.o) (__sprint_r)
/opt/local/lib/gcc/arm-none-eabi/14.2.0/../../../../arm-none-eabi/lib/thumb/v8-m.main+fp/hard/libc.a(libc_a-puts.o)
                              build/main.o (puts)
/opt/local/lib/gcc/arm-none-eabi/14.2.0/../../../../arm-none-eabi/lib/thumb/v8-m.main+fp/hard/libc.a(libc_a-fflush.o)
                              /opt/local/lib/gcc/arm-none-eabi/14.2.0/../../../../arm-none-eabi/lib/thumb/v8-m.main+fp/hard/libc.a(libc_a-vfprintf.o) (_fflush_r)
/opt/local/lib/gcc/arm-none-eabi/14.2.0/../../../../arm-none-eabi/lib/thumb/v8-m.main+fp/hard/libc.a(libc_a-findfp.o)
                              /opt/local/lib/gcc/arm-none-eabi/14.2.0/../../../../arm-none-eabi/lib/thumb/v8-m.main+fp/hard/libc.a(libc_a-vfprintf.o) (__sinit)
/opt/local/lib/gcc/arm-none-eabi/14.2.0/../../../../arm-none-eabi/lib/thumb/v8-m.main+fp/hard/libc.a(libc_a-fvwrite.o)
                              /opt/local/lib/gcc/arm-none-eabi/14.2.0/../../../../arm-none-eabi/lib/thumb/v8-m.main+fp/hard/libc.a(libc_a-vfiprintf.o) (__sfvwrite_r)
/opt/local/lib/gcc/arm-none-eabi/14.2.0/../../../../arm-none-eabi/lib/thumb/v8-m.main+fp/hard/libc.a(libc_a-fwalk.o)
                              /opt/local/lib/gcc/arm-none-eabi/14.2.0/../../../../arm-none-eabi/lib/thumb/v8-m.main+fp/hard/libc.a(libc_a-fflush.o) (_fwalk_sglue)
/opt/local/lib/gcc/arm-none-eabi/14.2.0/../../../../arm-none-eabi/lib/thumb/v8-m.main+fp/hard/libc.a(libc_a-wsetup.o)
                              /opt/local/lib/gcc/arm-none-eabi/14.2.0/../../../../arm-none-eabi/lib/thumb/v8-m.main+fp/hard/libc.a(libc_a-vfprintf.o) (__swsetup_r)
/opt/local/lib/gcc/arm-none-eabi/14.2.0/../../../../arm-none-eabi/lib/thumb/v8-m.main+fp/hard/libc.a(libc_a-fputwc.o)
                              /opt/local/lib/gcc/arm-none-eabi/14.2.0/../../../../arm-none-eabi/lib/thumb/v8-m.main+fp/hard/libc.a(libc_a-vfiprintf.o) (_fputwc_r)
/opt/local/lib/gcc/arm-none-eabi/14.2.0/../../../../arm-none-eabi/lib/thumb/v8-m.main+fp/hard/libc.a(libc_a-memmove.o)
                              /opt/local/lib/gcc/arm-none-eabi/14.2.0/../../../../arm-none-eabi/lib/thumb/v8-m.main+fp/hard/libc.a(libc_a-fvwrite.o) (memmove)
/opt/local/lib/gcc/arm-none-eabi/14.2.0/../../../../arm-none-eabi/lib/thumb/v8-m.main+fp/hard/libc.a(libc_a-memset.o)
                              /opt/local/lib/gcc/arm-none-eabi/14.2.0/../../../../arm-none-eabi/lib/thumb/v8-m.main+fp/hard/crt0.o (memset)
/opt/local/lib/gcc/arm-none-eabi/14.2.0/../../../../arm-none-eabi/lib/thumb/v8-m.main+fp/hard/libc.a(libc_a-locale.o)
                              /opt/local/lib/gcc/arm-none-eabi/14.2.0/../../../../arm-none-eabi/lib/thumb/v8-m.main+fp/hard/libc.a(libc_a-fputwc.o) (__locale_mb_cur_max)
/opt/local/lib/gcc/arm-none-eabi/14.2.0/../../../../arm-none-eabi/lib/thumb/v8-m.main+fp/hard/libc.a(libc_a-localeconv.o)
                              /opt/local/lib/gcc/arm-none-eabi/14.2.0/../../../../arm-none-eabi/lib/thumb/v8-m.main+fp/hard/libc.a(libc_a-vfprintf.o) (_localeconv_r)
/opt/local/lib/gcc/arm-none-eabi/14.2.0/../../../../arm-none-eabi/lib/thumb/v8-m.main+fp/hard/libc.a(libc_a-impure.o)
                              /opt/local/lib/gcc/arm-none-eabi/14.2.0/../../../../arm-none-eabi/lib/thumb/v8-m.main+fp/hard/libc.a(libc_a-printf.o) (_impure_ptr)
/opt/local/lib/gcc/arm-none-eabi/14.2.0/../../../../arm-none-eabi/lib/thumb/v8-m.main+fp/hard/libc.a(libc_a-errno.o)
                              build/sysmem.o (__errno)
/opt/local/lib/gcc/arm-none-eabi/14.2.0/../../../../arm-none-eabi/lib/thumb/v8-m.main+fp/hard/libc.a(libc_a-strcmp.o)
[...]
Memory Configuration

Name             Origin             Length             Attributes
RAM              0x20000000         0x00008000         xrw
FLASH            0x08000000         0x00020000         xr
*default*        0x00000000         0xffffffff

Linker script and memory map

LOAD /opt/local/lib/gcc/arm-none-eabi/14.2.0/thumb/v8-m.main+fp/hard/crti.o
LOAD /opt/local/lib/gcc/arm-none-eabi/14.2.0/thumb/v8-m.main+fp/hard/crtbegin.o
LOAD /opt/local/lib/gcc/arm-none-eabi/14.2.0/../../../../arm-none-eabi/lib/thumb/v8-m.main+fp/hard/crt0.o
LOAD build/main.o
LOAD build/stm32h5xx_it.o
LOAD build/stm32h5xx_hal_msp.o
LOAD build/stm32h5xx_nucleo.o
LOAD build/stm32h5xx_hal_cortex.o
LOAD build/stm32h5xx_hal_rcc.o
LOAD build/stm32h5xx_hal_rcc_ex.o
LOAD build/stm32h5xx_hal_flash.o
LOAD build/stm32h5xx_hal_flash_ex.o
LOAD build/stm32h5xx_hal_gpio.o
LOAD build/stm32h5xx_hal_dma.o
LOAD build/stm32h5xx_hal_dma_ex.o
LOAD build/stm32h5xx_hal_pwr.o
LOAD build/stm32h5xx_hal_pwr_ex.o
LOAD build/stm32h5xx_hal.o
LOAD build/stm32h5xx_hal_exti.o
LOAD build/stm32h5xx_hal_tim.o
LOAD build/stm32h5xx_hal_tim_ex.o
LOAD build/stm32h5xx_hal_usart.o
LOAD build/stm32h5xx_hal_usart_ex.o
LOAD build/stm32h5xx_hal_uart_ex.o
LOAD build/stm32h5xx_hal_uart.o
LOAD build/system_stm32h5xx.o
LOAD build/sysmem.o
LOAD build/syscalls.o
LOAD build/stm32h5xx_hal_icache.o
LOAD build/stm32h5xx_hal_adc.o
LOAD build/stm32h5xx_hal_adc_ex.o
LOAD build/stm32h5xx_hal_spi.o
LOAD build/stm32h5xx_hal_spi_ex.o
LOAD build/stm32h5xx_hal_pcd.o
LOAD build/stm32h5xx_hal_pcd_ex.o
LOAD build/stm32h5xx_ll_usb.o
LOAD build/startup_stm32h503xx.o
LOAD /opt/local/lib/gcc/arm-none-eabi/14.2.0/../../../../arm-none-eabi/lib/thumb/v8-m.main+fp/hard/libc.a
LOAD /opt/local/lib/gcc/arm-none-eabi/14.2.0/../../../../arm-none-eabi/lib/thumb/v8-m.main+fp/hard/libm.a
LOAD /opt/local/lib/gcc/arm-none-eabi/14.2.0/../../../../arm-none-eabi/lib/thumb/v8-m.main+fp/hard/libnosys.a
START GROUP
LOAD /opt/local/lib/gcc/arm-none-eabi/14.2.0/thumb/v8-m.main+fp/hard/libgcc.a
LOAD /opt/local/lib/gcc/arm-none-eabi/14.2.0/../../../../arm-none-eabi/lib/thumb/v8-m.main+fp/hard/libc.a
END GROUP
LOAD /opt/local/lib/gcc/arm-none-eabi/14.2.0/thumb/v8-m.main+fp/hard/crtend.o
LOAD /opt/local/lib/gcc/arm-none-eabi/14.2.0/thumb/v8-m.main+fp/hard/crtn.o
                0x20008000                        _estack = (ORIGIN (RAM) + LENGTH (RAM))
                0x00000200                        _Min_Heap_Size = 0x200
                0x00000400                        _Min_Stack_Size = 0x400

.isr_vector     0x08000000      0x258
                0x08000000                        . = ALIGN (0x4)
 *(.isr_vector)
 .isr_vector    0x08000000      0x258 build/startup_stm32h503xx.o
                0x08000000                g_pfnVectors
                0x08000258                        . = ALIGN (0x4)

.text           0x08000258     0xbf90
                0x08000258                        . = ALIGN (0x4)
 *(.text)
 .text          0x08000258       0x8c /opt/local/lib/gcc/arm-none-eabi/14.2.0/thumb/v8-m.main+fp/hard/crtbegin.o
 .text          0x080002e4       0x48 /opt/local/lib/gcc/arm-none-eabi/14.2.0/../../../../arm-none-eabi/lib/thumb/v8-m.main+fp/hard/libc.a(libc_a-printf.o)
                0x080002e4                _printf_r
                0x08000304                printf
 *fill*         0x0800032c        0x4 
 .text          0x08000330     0x17f4 /opt/local/lib/gcc/arm-none-eabi/14.2.0/../../../../arm-none-eabi/lib/thumb/v8-m.main+fp/hard/libc.a(libc_a-vfprintf.o)
                0x08000330                _vfprintf_r
                0x08001aa0                vfprintf
 .text          0x08001b24      0xe48 /opt/local/lib/gcc/arm-none-eabi/14.2.0/../../../../arm-none-eabi/lib/thumb/v8-m.main+fp/hard/libc.a(libc_a-vfiprintf.o)
                0x08001b9c                __sprint_r
                0x08001bb4                _vfiprintf_r
                0x080028e8                vfiprintf
 .text          0x0800296c       0x78 /opt/local/lib/gcc/arm-none-eabi/14.2.0/../../../../arm-none-eabi/lib/thumb/v8-m.main+fp/hard/libc.a(libc_a-puts.o)
                0x0800296c                _puts_r
                0x080029d4                puts
 .text          0x080029e4      0x1a8 /opt/local/lib/gcc/arm-none-eabi/14.2.0/../../../../arm-none-eabi/lib/thumb/v8-m.main+fp/hard/libc.a(libc_a-fflush.o)
                0x080029e4                __sflush_r
                0x08002b18                _fflush_r
                0x08002b44                fflush
 .text          0x08002b8c      0x224 /opt/local/lib/gcc/arm-none-eabi/14.2.0/../../../../arm-none-eabi/lib/thumb/v8-m.main+fp/hard/libc.a(libc_a-findfp.o)
                0x08002cbc                __sfp
                0x08002d60                __sinit
                0x08002d80                __sfp_lock_acquire
                0x08002d84                __sfp_lock_release
                0x08002d88                __fp_lock_all
                0x08002d9c                __fp_unlock_all
 .text          0x08002db0      0x2e4 /opt/local/lib/gcc/arm-none-eabi/14.2.0/../../../../arm-none-eabi/lib/thumb/v8-m.main+fp/hard/libc.a(libc_a-fvwrite.o)
                0x08002db0                __sfvwrite_r
 .text          0x08003094       0x44 /opt/local/lib/gcc/arm-none-eabi/14.2.0/../../../../arm-none-eabi/lib/thumb/v8-m.main+fp/hard/libc.a(libc_a-fwalk.o)
                0x08003094                _fwalk_sglue
 .text          0x080030d8       0xf8 /opt/local/lib/gcc/arm-none-eabi/14.2.0/../../../../arm-none-eabi/lib/thumb/v8-m.main+fp/hard/libc.a(libc_a-wsetup.o)
                0x080030d8                __swsetup_r
 .text          0x080031d0       0xe4 /opt/local/lib/gcc/arm-none-eabi/14.2.0/../../../../arm-none-eabi/lib/thumb/v8-m.main+fp/hard/libc.a(libc_a-fputwc.o)
                0x080031d0                __fputwc
                0x08003244                _fputwc_r
                0x0800326c                fputwc
 .text          0x080032b4       0xfc /opt/local/lib/gcc/arm-none-eabi/14.2.0/../../../../arm-none-eabi/lib/thumb/v8-m.main+fp/hard/libc.a(libc_a-memmove.o)
                0x080032b4                memmove
 .text          0x080033b0       0x9c /opt/local/lib/gcc/arm-none-eabi/14.2.0/../../../../arm-none-eabi/lib/thumb/v8-m.main+fp/hard/libc.a(libc_a-memset.o)
                0x080033b0                memset
 .text          0x0800344c       0x8c /opt/local/lib/gcc/arm-none-eabi/14.2.0/../../../../arm-none-eabi/lib/thumb/v8-m.main+fp/hard/libc.a(libc_a-locale.o)
                0x0800344c                _setlocale_r
                0x0800348c                __locale_mb_cur_max
                0x08003498                setlocale
 .text          0x080034d8       0x14 /opt/local/lib/gcc/arm-none-eabi/14.2.0/../../../../arm-none-eabi/lib/thumb/v8-m.main+fp/hard/libc.a(libc_a-localeconv.o)
                0x080034d8                __localeconv_l
                0x080034dc                _localeconv_r
                0x080034e4                localeconv
 .text          0x080034ec        0xc /opt/local/lib/gcc/arm-none-eabi/14.2.0/../../../../arm-none-eabi/lib/thumb/v8-m.main+fp/hard/libc.a(libc_a-errno.o)
                0x080034ec                __errno
 .text          0x080034f8      0x1bc /opt/local/lib/gcc/arm-none-eabi/14.2.0/../../../../arm-none-eabi/lib/thumb/v8-m.main+fp/hard/libc.a(libc_a-strcmp.o)
                0x080034f8                strcmp
 .text          0x080036b4       0x50 /opt/local/lib/gcc/arm-none-eabi/14.2.0/../../../../arm-none-eabi/lib/thumb/v8-m.main+fp/hard/libc.a(libc_a-init.o)
                0x080036b4                __libc_init_array
 .text          0x08003704       0x80 /opt/local/lib/gcc/arm-none-eabi/14.2.0/../../../../arm-none-eabi/lib/thumb/v8-m.main+fp/hard/libc.a(libc_a-memchr-stub.o)
                0x08003704                memchr
 .text          0x08003784       0xec /opt/local/lib/gcc/arm-none-eabi/14.2.0/../../../../arm-none-eabi/lib/thumb/v8-m.main+fp/hard/libc.a(libc_a-memcpy.o)
                0x08003784                memcpy
 .text          0x08003870       0x5c /opt/local/lib/gcc/arm-none-eabi/14.2.0/../../../../arm-none-eabi/lib/thumb/v8-m.main+fp/hard/libc.a(libc_a-strlen-stub.o)
                0x08003870                strlen
 .text          0x080038cc       0x7c /opt/local/lib/gcc/arm-none-eabi/14.2.0/../../../../arm-none-eabi/lib/thumb/v8-m.main+fp/hard/libc.a(libc_a-wcrtomb.o)
                0x080038cc                _wcrtomb_r
                0x08003900                wcrtomb
 .text          0x08003948     0x1134 /opt/local/lib/gcc/arm-none-eabi/14.2.0/../../../../arm-none-eabi/lib/thumb/v8-m.main+fp/hard/libc.a(libc_a-dtoa.o)
                0x08003a80                _dtoa_r
 .text          0x08004a7c      0x2a0 /opt/local/lib/gcc/arm-none-eabi/14.2.0/../../../../arm-none-eabi/lib/thumb/v8-m.main+fp/hard/libc.a(libc_a-freer.o)
                0x08004a7c                _malloc_trim_r
                0x08004b34                _free_r
 .text          0x08004d1c      0x570 /opt/local/lib/gcc/arm-none-eabi/14.2.0/../../../../arm-none-eabi/lib/thumb/v8-m.main+fp/hard/libc.a(libc_a-mallocr.o)
                0x08004d1c                _malloc_r
 .text          0x0800528c       0x40 /opt/local/lib/gcc/arm-none-eabi/14.2.0/../../../../arm-none-eabi/lib/thumb/v8-m.main+fp/hard/libc.a(libc_a-mbtowc_r.o)
                0x0800528c                _mbtowc_r
                0x080052a0                __ascii_mbtowc
 .text          0x080052cc      0x130 /opt/local/lib/gcc/arm-none-eabi/14.2.0/../../../../arm-none-eabi/lib/thumb/v8-m.main+fp/hard/libc.a(libc_a-makebuf.o)
                0x080052cc                __smakebuf_r
                0x0800539c                __swhatbuf_r
 .text          0x080053fc        0x8 /opt/local/lib/gcc/arm-none-eabi/14.2.0/../../../../arm-none-eabi/lib/thumb/v8-m.main+fp/hard/libc.a(libc_a-mlock.o)
                0x080053fc                __malloc_lock
                0x08005400                __malloc_unlock
 .text          0x08005404      0xad8 /opt/local/lib/gcc/arm-none-eabi/14.2.0/../../../../arm-none-eabi/lib/thumb/v8-m.main+fp/hard/libc.a(libc_a-mprec.o)
                0x08005404                _Balloc
                0x08005450                _Bfree
                0x08005464                __multadd
                0x08005508                __s2b
                0x080055b8                __hi0bits
                0x0800560c                __lo0bits
                0x0800568c                __i2b
                0x080056e8                __multiply
                0x08005850                __pow5mult
                0x08005910                __lshift
                0x080059f4                __mcmp
                0x08005a38                __mdiff
                0x08005ba8                __ulp
                0x08005c0c                __b2d
                0x08005cc8                __d2b
                0x08005d84                __ratio
                0x08005de4                _mprec_log10
                0x08005e24                __copybits
                0x08005e80                __any_on
 .text          0x08005edc       0x90 /opt/local/lib/gcc/arm-none-eabi/14.2.0/../../../../arm-none-eabi/lib/thumb/v8-m.main+fp/hard/libc.a(libc_a-fclose.o)
                0x08005edc                _fclose_r
                0x08005f5c                fclose
 .text          0x08005f6c      0x374 /opt/local/lib/gcc/arm-none-eabi/14.2.0/../../../../arm-none-eabi/lib/thumb/v8-m.main+fp/hard/libc.a(libc_a-reallocr.o)
                0x08005f6c                _realloc_r
 .text          0x080062e0       0x98 /opt/local/lib/gcc/arm-none-eabi/14.2.0/../../../../arm-none-eabi/lib/thumb/v8-m.main+fp/hard/libc.a(libc_a-stdio.o)
                0x080062e0                __sread
                0x08006304                __seofread
                0x08006308                __swrite
                0x08006348                __sseek
                0x08006370                __sclose
 .text          0x08006378       0x30 /opt/local/lib/gcc/arm-none-eabi/14.2.0/../../../../arm-none-eabi/lib/thumb/v8-m.main+fp/hard/libc.a(libc_a-wctomb_r.o)
                0x08006378                _wctomb_r
                0x0800638c                __ascii_wctomb
 .text          0x080063a8       0xbc /opt/local/lib/gcc/arm-none-eabi/14.2.0/../../../../arm-none-eabi/lib/thumb/v8-m.main+fp/hard/libc.a(libc_a-wbuf.o)
                0x080063a8                __swbuf_r
                0x08006454                __swbuf
 .text          0x08006464       0x24 /opt/local/lib/gcc/arm-none-eabi/14.2.0/../../../../arm-none-eabi/lib/thumb/v8-m.main+fp/hard/libc.a(libc_a-closer.o)
                0x08006464                _close_r
 .text          0x08006488       0x2c /opt/local/lib/gcc/arm-none-eabi/14.2.0/../../../../arm-none-eabi/lib/thumb/v8-m.main+fp/hard/libc.a(libc_a-fstatr.o)
                0x08006488                _fstat_r
 .text          0x080064b4       0x24 /opt/local/lib/gcc/arm-none-eabi/14.2.0/../../../../arm-none-eabi/lib/thumb/v8-m.main+fp/hard/libc.a(libc_a-isattyr.o)
                0x080064b4                _isatty_r
 .text          0x080064d8       0x2c /opt/local/lib/gcc/arm-none-eabi/14.2.0/../../../../arm-none-eabi/lib/thumb/v8-m.main+fp/hard/libc.a(libc_a-lseekr.o)
                0x080064d8                _lseek_r
 .text          0x08006504       0x2c /opt/local/lib/gcc/arm-none-eabi/14.2.0/../../../../arm-none-eabi/lib/thumb/v8-m.main+fp/hard/libc.a(libc_a-readr.o)
                0x08006504                _read_r
 .text          0x08006530       0x24 /opt/local/lib/gcc/arm-none-eabi/14.2.0/../../../../arm-none-eabi/lib/thumb/v8-m.main+fp/hard/libc.a(libc_a-sbrkr.o)
                0x08006530                _sbrk_r
 .text          0x08006554       0x2c /opt/local/lib/gcc/arm-none-eabi/14.2.0/../../../../arm-none-eabi/lib/thumb/v8-m.main+fp/hard/libc.a(libc_a-writer.o)
                0x08006554                _write_r
 .text          0x08006580       0x1c /opt/local/lib/gcc/arm-none-eabi/14.2.0/../../../../arm-none-eabi/lib/thumb/v8-m.main+fp/hard/libc.a(libc_a-sysconf.o)
                0x08006580                sysconf
 .text          0x0800659c       0x48 /opt/local/lib/gcc/arm-none-eabi/14.2.0/../../../../arm-none-eabi/lib/thumb/v8-m.main+fp/hard/libc.a(libc_a-assert.o)
                0x0800659c                __assert_func
                0x080065d8                __assert
 .text          0x080065e4       0x70 /opt/local/lib/gcc/arm-none-eabi/14.2.0/../../../../arm-none-eabi/lib/thumb/v8-m.main+fp/hard/libc.a(libc_a-callocr.o)
                0x080065e4                _calloc_r
 .text          0x08006654       0x44 /opt/local/lib/gcc/arm-none-eabi/14.2.0/../../../../arm-none-eabi/lib/thumb/v8-m.main+fp/hard/libc.a(libc_a-fiprintf.o)
                0x08006654                _fiprintf_r
                0x08006670                fiprintf
 .text          0x08006698       0x10 /opt/local/lib/gcc/arm-none-eabi/14.2.0/../../../../arm-none-eabi/lib/thumb/v8-m.main+fp/hard/libc.a(libc_a-abort.o)
                0x08006698                abort
 .text          0x080066a8      0x27c /opt/local/lib/gcc/arm-none-eabi/14.2.0/../../../../arm-none-eabi/lib/thumb/v8-m.main+fp/hard/libc.a(libc_a-signal.o)
                0x080066a8                _init_signal_r
                0x080066d8                _signal_r
                0x08006728                _raise_r
                0x0800677c                __sigtramp_r
                0x080067e0                raise
                0x08006838                signal
                0x08006888                _init_signal
                0x080068c0                __sigtramp
 .text          0x08006924       0x30 /opt/local/lib/gcc/arm-none-eabi/14.2.0/../../../../arm-none-eabi/lib/thumb/v8-m.main+fp/hard/libc.a(libc_a-signalr.o)
                0x08006924                _kill_r
                0x08006950                _getpid_r
 .text          0x08006954      0x378 /opt/local/lib/gcc/arm-none-eabi/14.2.0/thumb/v8-m.main+fp/hard/libgcc.a(_arm_addsubdf3.o)
                0x08006954                __aeabi_drsub
                0x0800695c                __subdf3
                0x0800695c                __aeabi_dsub
                0x08006960                __aeabi_dadd
                0x08006960                __adddf3
                0x08006bd8                __aeabi_ui2d
                0x08006bd8                __floatunsidf
                0x08006bf8                __floatsidf
                0x08006bf8                __aeabi_i2d
                0x08006c1c                __extendsfdf2
                0x08006c1c                __aeabi_f2d
                0x08006c60                __aeabi_ul2d
                0x08006c60                __floatundidf
                0x08006c70                __aeabi_l2d
                0x08006c70                __floatdidf
 .text          0x08006ccc      0x424 /opt/local/lib/gcc/arm-none-eabi/14.2.0/thumb/v8-m.main+fp/hard/libgcc.a(_arm_muldivdf3.o)
                0x08006ccc                __aeabi_dmul
                0x08006ccc                __muldf3
                0x08006f20                __aeabi_ddiv
                0x08006f20                __divdf3
 .text          0x080070f0      0x110 /opt/local/lib/gcc/arm-none-eabi/14.2.0/thumb/v8-m.main+fp/hard/libgcc.a(_arm_cmpdf2.o)
                0x080070f0                __gedf2
                0x080070f0                __gtdf2
                0x080070f8                __ledf2
                0x080070f8                __ltdf2
                0x08007100                __cmpdf2
                0x08007100                __eqdf2
                0x08007100                __nedf2
                0x0800717c                __aeabi_cdrcmple
                0x0800718c                __aeabi_cdcmple
                0x0800718c                __aeabi_cdcmpeq
                0x0800719c                __aeabi_dcmpeq
                0x080071b0                __aeabi_dcmplt
                0x080071c4                __aeabi_dcmple
                0x080071d8                __aeabi_dcmpge
                0x080071ec                __aeabi_dcmpgt
 .text          0x08007200       0x2c /opt/local/lib/gcc/arm-none-eabi/14.2.0/thumb/v8-m.main+fp/hard/libgcc.a(_arm_unorddf2.o)
                0x08007200                __aeabi_dcmpun
                0x08007200                __unorddf2
 .text          0x0800722c       0x50 /opt/local/lib/gcc/arm-none-eabi/14.2.0/thumb/v8-m.main+fp/hard/libgcc.a(_arm_fixdfsi.o)
                0x0800722c                __fixdfsi
                0x0800722c                __aeabi_d2iz
 .text          0x0800727c       0x30 /opt/local/lib/gcc/arm-none-eabi/14.2.0/thumb/v8-m.main+fp/hard/libgcc.a(_aeabi_uldivmod.o)
                0x0800727c                __aeabi_uldivmod
 .text          0x080072ac      0x34c /opt/local/lib/gcc/arm-none-eabi/14.2.0/thumb/v8-m.main+fp/hard/libgcc.a(_udivmoddi4.o)
                0x080072ac                __udivmoddi4
 .text          0x080075f8        0x4 /opt/local/lib/gcc/arm-none-eabi/14.2.0/thumb/v8-m.main+fp/hard/libgcc.a(_dvmd_tls.o)
                0x080075f8                __aeabi_ldiv0
                0x080075f8                __aeabi_idiv0
 *(.text*)
 .text.MX_GPIO_Init
                0x080075fc       0xd0 build/main.o
 .text.MX_GPDMA1_Init
                0x080076cc       0x38 build/main.o
 .text.BSP_PB_Callback
                0x08007704       0x10 build/main.o
                0x08007704                BSP_PB_Callback
 .text.Error_Handler
                0x08007714        0x4 build/main.o
                0x08007714                Error_Handler
 .text.MX_SPI2_Init
                0x08007718       0x5c build/main.o
 .text.MX_TIM1_Init
                0x08007774      0x110 build/main.o
 .text.MX_ICACHE_Init
                0x08007884        0xe build/main.o
 *fill*         0x08007892        0x2 
 .text.MX_USB_PCD_Init
                0x08007894       0x38 build/main.o
 .text.MX_ADC1_Init
                0x080078cc       0x80 build/main.o
 .text.SystemClock_Config
                0x0800794c       0xac build/main.o
                0x0800794c                SystemClock_Config
 .text.PeriphCommonClock_Config
                0x080079f8       0x4c build/main.o
                0x080079f8                PeriphCommonClock_Config
 .text.main     0x08007a44       0x98 build/main.o
                0x08007a44                main
 .text.NMI_Handler
                0x08007adc        0x2 build/stm32h5xx_it.o
                0x08007adc                NMI_Handler
 .text.HardFault_Handler
                0x08007ade        0x2 build/stm32h5xx_it.o
                0x08007ade                HardFault_Handler
 .text.MemManage_Handler
                0x08007ae0        0x2 build/stm32h5xx_it.o
                0x08007ae0                MemManage_Handler
 .text.BusFault_Handler
                0x08007ae2        0x2 build/stm32h5xx_it.o
                0x08007ae2                BusFault_Handler
 .text.UsageFault_Handler
                0x08007ae4        0x2 build/stm32h5xx_it.o
                0x08007ae4                UsageFault_Handler
 .text.SVC_Handler
                0x08007ae6        0x2 build/stm32h5xx_it.o
                0x08007ae6                SVC_Handler
 .text.DebugMon_Handler
                0x08007ae8        0x2 build/stm32h5xx_it.o
                0x08007ae8                DebugMon_Handler
 .text.PendSV_Handler
                0x08007aea        0x2 build/stm32h5xx_it.o
                0x08007aea                PendSV_Handler
 .text.SysTick_Handler
                0x08007aec        0x8 build/stm32h5xx_it.o
                0x08007aec                SysTick_Handler
 .text.EXTI8_IRQHandler
                0x08007af4        0xc build/stm32h5xx_it.o
                0x08007af4                EXTI8_IRQHandler
 .text.EXTI13_IRQHandler
                0x08007b00        0xa build/stm32h5xx_it.o
                0x08007b00                EXTI13_IRQHandler
 *fill*         0x08007b0a        0x2 
 .text.GPDMA1_Channel5_IRQHandler
                0x08007b0c       0x10 build/stm32h5xx_it.o
                0x08007b0c                GPDMA1_Channel5_IRQHandler
 .text.HAL_MspInit
                0x08007b1c        0x2 build/stm32h5xx_hal_msp.o
                0x08007b1c                HAL_MspInit
 *fill*         0x08007b1e        0x2 
 .text.HAL_ADC_MspInit
                0x08007b20       0x6c build/stm32h5xx_hal_msp.o
                0x08007b20                HAL_ADC_MspInit
 .text.HAL_SPI_MspInit
                0x08007b8c       0x9c build/stm32h5xx_hal_msp.o
                0x08007b8c                HAL_SPI_MspInit
 .text.HAL_TIM_Base_MspInit
                0x08007c28       0x94 build/stm32h5xx_hal_msp.o
                0x08007c28                HAL_TIM_Base_MspInit
 .text.HAL_TIM_MspPostInit
                0x08007cbc       0x5c build/stm32h5xx_hal_msp.o
                0x08007cbc                HAL_TIM_MspPostInit
 .text.HAL_PCD_MspInit
                0x08007d18       0x34 build/stm32h5xx_hal_msp.o
                0x08007d18                HAL_PCD_MspInit
 .text.COM1_MspInit
                0x08007d4c       0x88 build/stm32h5xx_nucleo.o
 .text.BSP_LED_Init
                0x08007dd4       0x58 build/stm32h5xx_nucleo.o
                0x08007dd4                BSP_LED_Init
 .text.BSP_LED_On
                0x08007e2c       0x1c build/stm32h5xx_nucleo.o
                0x08007e2c                BSP_LED_On
 .text.BSP_LED_Toggle
                0x08007e48       0x1c build/stm32h5xx_nucleo.o
                0x08007e48                BSP_LED_Toggle
 .text.BSP_PB_Init
                0x08007e64       0x94 build/stm32h5xx_nucleo.o
                0x08007e64                BSP_PB_Init
 .text.BSP_PB_IRQHandler
                0x08007ef8       0x18 build/stm32h5xx_nucleo.o
                0x08007ef8                BSP_PB_IRQHandler
 .text.BUTTON_USER_EXTI_Callback
                0x08007f10        0xa build/stm32h5xx_nucleo.o
 *fill*         0x08007f1a        0x2 
 .text.MX_USART_Init
                0x08007f1c       0x34 build/stm32h5xx_nucleo.o
                0x08007f1c                MX_USART_Init
 .text.BSP_COM_Init
                0x08007f50       0x30 build/stm32h5xx_nucleo.o
                0x08007f50                BSP_COM_Init
 .text.__io_putchar
                0x08007f80       0x30 build/stm32h5xx_nucleo.o
                0x08007f80                __io_putchar
 .text.__NVIC_EnableIRQ
                0x08007fb0       0x1c build/stm32h5xx_hal_cortex.o
 .text.__NVIC_SetPriority
                0x08007fcc       0x28 build/stm32h5xx_hal_cortex.o
 .text.NVIC_EncodePriority
                0x08007ff4       0x3e build/stm32h5xx_hal_cortex.o
 *fill*         0x08008032        0x2 
 .text.HAL_NVIC_SetPriorityGrouping
                0x08008034       0x24 build/stm32h5xx_hal_cortex.o
                0x08008034                HAL_NVIC_SetPriorityGrouping
 .text.HAL_NVIC_SetPriority
                0x08008058       0x20 build/stm32h5xx_hal_cortex.o
                0x08008058                HAL_NVIC_SetPriority
 .text.HAL_NVIC_EnableIRQ
                0x08008078        0x8 build/stm32h5xx_hal_cortex.o
                0x08008078                HAL_NVIC_EnableIRQ
 .text.HAL_SYSTICK_Config
                0x08008080       0x20 build/stm32h5xx_hal_cortex.o
                0x08008080                HAL_SYSTICK_Config
 .text.HAL_SYSTICK_CLKSourceConfig
                0x080080a0       0x7c build/stm32h5xx_hal_cortex.o
                0x080080a0                HAL_SYSTICK_CLKSourceConfig
 .text.HAL_SYSTICK_GetCLKSourceConfig
                0x0800811c       0x30 build/stm32h5xx_hal_cortex.o
                0x0800811c                HAL_SYSTICK_GetCLKSourceConfig
 .text.HAL_RCC_GetSysClockFreq
                0x0800814c      0x1d8 build/stm32h5xx_hal_rcc.o
                0x0800814c                HAL_RCC_GetSysClockFreq
 .text.HAL_RCC_ClockConfig
                0x08008324      0x298 build/stm32h5xx_hal_rcc.o
                0x08008324                HAL_RCC_ClockConfig
 .text.HAL_RCC_GetHCLKFreq
                0x080085bc       0x2c build/stm32h5xx_hal_rcc.o
                0x080085bc                HAL_RCC_GetHCLKFreq
 .text.HAL_RCC_OscConfig
                0x080085e8      0x68c build/stm32h5xx_hal_rcc.o
                0x080085e8                HAL_RCC_OscConfig
 .text.HAL_RCC_GetPCLK1Freq
                0x08008c74       0x24 build/stm32h5xx_hal_rcc.o
                0x08008c74                HAL_RCC_GetPCLK1Freq
 .text.HAL_RCC_GetPCLK2Freq
                0x08008c98       0x24 build/stm32h5xx_hal_rcc.o
                0x08008c98                HAL_RCC_GetPCLK2Freq
 .text.HAL_RCC_GetPCLK3Freq
                0x08008cbc       0x24 build/stm32h5xx_hal_rcc.o
                0x08008cbc                HAL_RCC_GetPCLK3Freq
 .text.RCCEx_PLL2_Config
                0x08008ce0       0xdc build/stm32h5xx_hal_rcc_ex.o
 .text.HAL_RCCEx_PeriphCLKConfig
                0x08008dbc      0x6b8 build/stm32h5xx_hal_rcc_ex.o
                0x08008dbc                HAL_RCCEx_PeriphCLKConfig
 .text.HAL_RCCEx_GetPLL1ClockFreq
                0x08009474      0x218 build/stm32h5xx_hal_rcc_ex.o
                0x08009474                HAL_RCCEx_GetPLL1ClockFreq
 .text.HAL_RCCEx_GetPLL2ClockFreq
                0x0800968c      0x218 build/stm32h5xx_hal_rcc_ex.o
                0x0800968c                HAL_RCCEx_GetPLL2ClockFreq
 .text.HAL_RCCEx_GetPeriphCLKFreq
                0x080098a4      0xa0c build/stm32h5xx_hal_rcc_ex.o
                0x080098a4                HAL_RCCEx_GetPeriphCLKFreq
 .text.HAL_GPIO_Init
                0x0800a2b0      0x15c build/stm32h5xx_hal_gpio.o
                0x0800a2b0                HAL_GPIO_Init
 .text.HAL_GPIO_WritePin
                0x0800a40c        0xa build/stm32h5xx_hal_gpio.o
                0x0800a40c                HAL_GPIO_WritePin
 .text.HAL_GPIO_TogglePin
                0x0800a416       0x12 build/stm32h5xx_hal_gpio.o
                0x0800a416                HAL_GPIO_TogglePin
 .text.HAL_GPIO_EXTI_Rising_Callback
                0x0800a428        0x2 build/stm32h5xx_hal_gpio.o
                0x0800a428                HAL_GPIO_EXTI_Rising_Callback
 .text.HAL_GPIO_EXTI_Falling_Callback
                0x0800a42a        0x2 build/stm32h5xx_hal_gpio.o
                0x0800a42a                HAL_GPIO_EXTI_Falling_Callback
 .text.HAL_GPIO_EXTI_IRQHandler
                0x0800a42c       0x30 build/stm32h5xx_hal_gpio.o
                0x0800a42c                HAL_GPIO_EXTI_IRQHandler
 .text.DMA_Init
                0x0800a45c      0x184 build/stm32h5xx_hal_dma.o
 .text.HAL_DMA_Init
                0x0800a5e0       0x5e build/stm32h5xx_hal_dma.o
                0x0800a5e0                HAL_DMA_Init
 .text.HAL_DMA_IRQHandler
                0x0800a63e      0x1b0 build/stm32h5xx_hal_dma.o
                0x0800a63e                HAL_DMA_IRQHandler
 .text.HAL_DMA_ConfigChannelAttributes
                0x0800a7ee       0x46 build/stm32h5xx_hal_dma.o
                0x0800a7ee                HAL_DMA_ConfigChannelAttributes
 .text.HAL_InitTick
                0x0800a834       0xac build/stm32h5xx_hal.o
                0x0800a834                HAL_InitTick
 .text.HAL_Init
                0x0800a8e0       0x48 build/stm32h5xx_hal.o
                0x0800a8e0                HAL_Init
 .text.HAL_IncTick
                0x0800a928       0x18 build/stm32h5xx_hal.o
                0x0800a928                HAL_IncTick
 .text.HAL_GetTick
                0x0800a940        0xc build/stm32h5xx_hal.o
                0x0800a940                HAL_GetTick
 .text.HAL_EXTI_RegisterCallback
                0x0800a94c       0x22 build/stm32h5xx_hal_exti.o
                0x0800a94c                HAL_EXTI_RegisterCallback
 .text.HAL_EXTI_GetHandle
                0x0800a96e        0xc build/stm32h5xx_hal_exti.o
                0x0800a96e                HAL_EXTI_GetHandle
 *fill*         0x0800a97a        0x2 
 .text.HAL_EXTI_IRQHandler
                0x0800a97c       0x40 build/stm32h5xx_hal_exti.o
                0x0800a97c                HAL_EXTI_IRQHandler
 .text.TIM_OC1_SetConfig
                0x0800a9bc       0x58 build/stm32h5xx_hal_tim.o
 .text.TIM_OC3_SetConfig
                0x0800aa14       0x60 build/stm32h5xx_hal_tim.o
 .text.TIM_OC4_SetConfig
                0x0800aa74       0x60 build/stm32h5xx_hal_tim.o
 .text.TIM_OC5_SetConfig
                0x0800aad4       0x4c build/stm32h5xx_hal_tim.o
 .text.TIM_OC6_SetConfig
                0x0800ab20       0x4c build/stm32h5xx_hal_tim.o
 .text.TIM_TI1_ConfigInputStage
                0x0800ab6c       0x26 build/stm32h5xx_hal_tim.o
 .text.TIM_TI2_ConfigInputStage
                0x0800ab92       0x28 build/stm32h5xx_hal_tim.o
 .text.TIM_ITRx_SetConfig
                0x0800abba       0x14 build/stm32h5xx_hal_tim.o
 .text.HAL_TIM_PWM_MspInit
                0x0800abce        0x2 build/stm32h5xx_hal_tim.o
                0x0800abce                HAL_TIM_PWM_MspInit
 .text.TIM_Base_SetConfig
                0x0800abd0       0x74 build/stm32h5xx_hal_tim.o
                0x0800abd0                TIM_Base_SetConfig
 .text.HAL_TIM_Base_Init
                0x0800ac44       0x60 build/stm32h5xx_hal_tim.o
                0x0800ac44                HAL_TIM_Base_Init
 .text.HAL_TIM_PWM_Init
                0x0800aca4       0x60 build/stm32h5xx_hal_tim.o
                0x0800aca4                HAL_TIM_PWM_Init
 .text.TIM_OC2_SetConfig
                0x0800ad04       0x60 build/stm32h5xx_hal_tim.o
                0x0800ad04                TIM_OC2_SetConfig
 .text.HAL_TIM_PWM_ConfigChannel
                0x0800ad64      0x13a build/stm32h5xx_hal_tim.o
                0x0800ad64                HAL_TIM_PWM_ConfigChannel
 .text.TIM_ETR_SetConfig
                0x0800ae9e       0x1a build/stm32h5xx_hal_tim.o
                0x0800ae9e                TIM_ETR_SetConfig
 .text.HAL_TIM_ConfigClockSource
                0x0800aeb8      0x160 build/stm32h5xx_hal_tim.o
                0x0800aeb8                HAL_TIM_ConfigClockSource
 .text.HAL_TIMEx_MasterConfigSynchronization
                0x0800b018       0x74 build/stm32h5xx_hal_tim_ex.o
                0x0800b018                HAL_TIMEx_MasterConfigSynchronization
 .text.HAL_TIMEx_ConfigBreakDeadTime
                0x0800b08c       0x98 build/stm32h5xx_hal_tim_ex.o
                0x0800b08c                HAL_TIMEx_ConfigBreakDeadTime
 .text.UART_EndRxTransfer
                0x0800b124       0x56 build/stm32h5xx_hal_uart.o
 .text.HAL_UART_MspInit
                0x0800b17a        0x2 build/stm32h5xx_hal_uart.o
                0x0800b17a                HAL_UART_MspInit
 .text.UART_SetConfig
                0x0800b17c      0x1b0 build/stm32h5xx_hal_uart.o
                0x0800b17c                UART_SetConfig
 .text.UART_AdvFeatureConfig
                0x0800b32c       0xca build/stm32h5xx_hal_uart.o
                0x0800b32c                UART_AdvFeatureConfig
 .text.UART_WaitOnFlagUntilTimeout
                0x0800b3f6       0x9e build/stm32h5xx_hal_uart.o
                0x0800b3f6                UART_WaitOnFlagUntilTimeout
 .text.HAL_UART_Transmit
                0x0800b494       0xe6 build/stm32h5xx_hal_uart.o
                0x0800b494                HAL_UART_Transmit
 .text.UART_CheckIdleState
                0x0800b57a       0xca build/stm32h5xx_hal_uart.o
                0x0800b57a                UART_CheckIdleState
 .text.HAL_UART_Init
                0x0800b644       0x66 build/stm32h5xx_hal_uart.o
                0x0800b644                HAL_UART_Init
 *fill*         0x0800b6aa        0x2 
 .text.SystemInit
                0x0800b6ac       0x9c build/system_stm32h5xx.o
                0x0800b6ac                SystemInit
 .text._sbrk    0x0800b748       0x48 build/sysmem.o
                0x0800b748                _sbrk
 .text._getpid  0x0800b790        0x4 build/syscalls.o
                0x0800b790                _getpid
 .text._kill    0x0800b794       0x10 build/syscalls.o
                0x0800b794                _kill
 .text._exit    0x0800b7a4        0xc build/syscalls.o
                0x0800b7a4                _exit
 .text._read    0x0800b7b0       0x20 build/syscalls.o
                0x0800b7b0                _read
 .text._write   0x0800b7d0       0x1c build/syscalls.o
                0x0800b7d0                _write
 .text._close   0x0800b7ec        0x6 build/syscalls.o
                0x0800b7ec                _close
 .text._fstat   0x0800b7f2        0xa build/syscalls.o
                0x0800b7f2                _fstat
 .text._isatty  0x0800b7fc        0x4 build/syscalls.o
                0x0800b7fc                _isatty
 .text._lseek   0x0800b800        0x4 build/syscalls.o
                0x0800b800                _lseek
 .text.HAL_ICACHE_Enable
                0x0800b804       0x14 build/stm32h5xx_hal_icache.o
                0x0800b804                HAL_ICACHE_Enable
 .text.LL_ADC_REG_SetSequencerRanks
                0x0800b818       0x30 build/stm32h5xx_hal_adc.o
 .text.LL_ADC_SetChannelSamplingTime
                0x0800b848       0x2c build/stm32h5xx_hal_adc.o
 .text.HAL_ADC_Init
                0x0800b874      0x1d8 build/stm32h5xx_hal_adc.o
                0x0800b874                HAL_ADC_Init
 .text.HAL_ADC_ConfigChannel
                0x0800ba4c      0x490 build/stm32h5xx_hal_adc.o
                0x0800ba4c                HAL_ADC_ConfigChannel
 .text.SPI_GetPacketSize
                0x0800bedc       0x10 build/stm32h5xx_hal_spi.o
 .text.HAL_SPI_Init
                0x0800beec      0x154 build/stm32h5xx_hal_spi.o
                0x0800beec                HAL_SPI_Init
 .text.HAL_PCD_Init
                0x0800c040       0xbe build/stm32h5xx_hal_pcd.o
                0x0800c040                HAL_PCD_Init
 .text.HAL_PCDEx_ActivateLPM
                0x0800c0fe       0x20 build/stm32h5xx_hal_pcd_ex.o
                0x0800c0fe                HAL_PCDEx_ActivateLPM
 .text.USB_DisableGlobalInt
                0x0800c11e       0x10 build/stm32h5xx_ll_usb.o
                0x0800c11e                USB_DisableGlobalInt
 .text.USB_SetCurrentMode
                0x0800c12e       0x22 build/stm32h5xx_ll_usb.o
                0x0800c12e                USB_SetCurrentMode
 .text.USB_DevInit
                0x0800c150       0x2c build/stm32h5xx_ll_usb.o
                0x0800c150                USB_DevInit
 .text.Reset_Handler
                0x0800c17c       0x50 build/startup_stm32h503xx.o
                0x0800c17c                Reset_Handler
 .text.Default_Handler
                0x0800c1cc        0x2 build/startup_stm32h503xx.o
                0x0800c1cc                HASH_IRQHandler
                0x0800c1cc                EXTI5_IRQHandler
                0x0800c1cc                I3C1_ER_IRQHandler
                0x0800c1cc                GPDMA2_Channel1_IRQHandler
                0x0800c1cc                TIM1_CC_IRQHandler
                0x0800c1cc                GPDMA2_Channel3_IRQHandler
                0x0800c1cc                TAMP_IRQHandler
                0x0800c1cc                TIM6_IRQHandler
                0x0800c1cc                EXTI12_IRQHandler
                0x0800c1cc                USB_DRD_FS_IRQHandler
                0x0800c1cc                EXTI3_IRQHandler
                0x0800c1cc                GPDMA2_Channel5_IRQHandler
                0x0800c1cc                LPTIM2_IRQHandler
                0x0800c1cc                GPDMA2_Channel2_IRQHandler
                0x0800c1cc                EXTI0_IRQHandler
                0x0800c1cc                I2C2_EV_IRQHandler
                0x0800c1cc                FPU_IRQHandler
                0x0800c1cc                GPDMA1_Channel3_IRQHandler
                0x0800c1cc                GPDMA1_Channel7_IRQHandler
                0x0800c1cc                FDCAN1_IT1_IRQHandler
                0x0800c1cc                RAMCFG_IRQHandler
                0x0800c1cc                SPI1_IRQHandler
                0x0800c1cc                GPDMA1_Channel2_IRQHandler
                0x0800c1cc                ADC1_IRQHandler
                0x0800c1cc                I3C2_ER_IRQHandler
                0x0800c1cc                EXTI15_IRQHandler
                0x0800c1cc                USART3_IRQHandler
                0x0800c1cc                RTC_IRQHandler
                0x0800c1cc                EXTI9_IRQHandler
                0x0800c1cc                I3C2_EV_IRQHandler
                0x0800c1cc                I2C1_EV_IRQHandler
                0x0800c1cc                GPDMA1_Channel1_IRQHandler
                0x0800c1cc                TIM3_IRQHandler
                0x0800c1cc                RCC_IRQHandler
                0x0800c1cc                TIM1_TRG_COM_IRQHandler
                0x0800c1cc                Default_Handler
                0x0800c1cc                GPDMA2_Channel4_IRQHandler
                0x0800c1cc                TIM7_IRQHandler
                0x0800c1cc                GPDMA1_Channel0_IRQHandler
                0x0800c1cc                I3C1_EV_IRQHandler
                0x0800c1cc                PVD_AVD_IRQHandler
                0x0800c1cc                SPI2_IRQHandler
                0x0800c1cc                EXTI14_IRQHandler
                0x0800c1cc                EXTI11_IRQHandler
                0x0800c1cc                CRS_IRQHandler
                0x0800c1cc                EXTI4_IRQHandler
                0x0800c1cc                GPDMA2_Channel0_IRQHandler
                0x0800c1cc                RNG_IRQHandler
                0x0800c1cc                GPDMA2_Channel6_IRQHandler
                0x0800c1cc                TIM1_UP_IRQHandler
                0x0800c1cc                WWDG_IRQHandler
                0x0800c1cc                IWDG_IRQHandler
                0x0800c1cc                LPUART1_IRQHandler
                0x0800c1cc                FDCAN1_IT0_IRQHandler
                0x0800c1cc                TIM2_IRQHandler
                0x0800c1cc                GPDMA1_Channel4_IRQHandler
                0x0800c1cc                EXTI7_IRQHandler
                0x0800c1cc                TIM1_BRK_IRQHandler
                0x0800c1cc                EXTI1_IRQHandler
                0x0800c1cc                DAC1_IRQHandler
                0x0800c1cc                DTS_IRQHandler
                0x0800c1cc                GTZC_IRQHandler
                0x0800c1cc                USART2_IRQHandler
                0x0800c1cc                GPDMA1_Channel6_IRQHandler
                0x0800c1cc                GPDMA2_Channel7_IRQHandler
                0x0800c1cc                I2C2_ER_IRQHandler
                0x0800c1cc                FLASH_IRQHandler
                0x0800c1cc                USART1_IRQHandler
                0x0800c1cc                EXTI10_IRQHandler
                0x0800c1cc                SPI3_IRQHandler
                0x0800c1cc                I2C1_ER_IRQHandler
                0x0800c1cc                EXTI6_IRQHandler
                0x0800c1cc                COMP1_IRQHandler
                0x0800c1cc                LPTIM1_IRQHandler
                0x0800c1cc                ICACHE_IRQHandler
                0x0800c1cc                EXTI2_IRQHandler
 *(.glue_7)
 .glue_7        0x0800c1ce        0x0 linker stubs
 *(.glue_7t)
 .glue_7t       0x0800c1ce        0x0 linker stubs
 *(.eh_frame)
 *fill*         0x0800c1ce        0x2 
 .eh_frame      0x0800c1d0        0x0 /opt/local/lib/gcc/arm-none-eabi/14.2.0/thumb/v8-m.main+fp/hard/crtbegin.o
 *(.init)
 .init          0x0800c1d0        0x4 /opt/local/lib/gcc/arm-none-eabi/14.2.0/thumb/v8-m.main+fp/hard/crti.o
                0x0800c1d0                _init
 .init          0x0800c1d4        0x8 /opt/local/lib/gcc/arm-none-eabi/14.2.0/thumb/v8-m.main+fp/hard/crtn.o
 *(.fini)
 .fini          0x0800c1dc        0x4 /opt/local/lib/gcc/arm-none-eabi/14.2.0/thumb/v8-m.main+fp/hard/crti.o
                0x0800c1dc                _fini
 .fini          0x0800c1e0        0x8 /opt/local/lib/gcc/arm-none-eabi/14.2.0/thumb/v8-m.main+fp/hard/crtn.o
                0x0800c1e8                        . = ALIGN (0x4)
                0x0800c1e8                        _etext = .

.vfp11_veneer   0x0800c1e8        0x0
 .vfp11_veneer  0x0800c1e8        0x0 linker stubs

.v4_bx          0x0800c1e8        0x0
 .v4_bx         0x0800c1e8        0x0 linker stubs

.iplt           0x0800c1e8        0x0
 .iplt          0x0800c1e8        0x0 /opt/local/lib/gcc/arm-none-eabi/14.2.0/thumb/v8-m.main+fp/hard/crtbegin.o

.rodata         0x0800c1e8      0x4cc
                0x0800c1e8                        . = ALIGN (0x4)
 *(.rodata)
 .rodata        0x0800c1e8       0x20 /opt/local/lib/gcc/arm-none-eabi/14.2.0/../../../../arm-none-eabi/lib/thumb/v8-m.main+fp/hard/libc.a(libc_a-vfprintf.o)
 .rodata        0x0800c208       0x20 /opt/local/lib/gcc/arm-none-eabi/14.2.0/../../../../arm-none-eabi/lib/thumb/v8-m.main+fp/hard/libc.a(libc_a-vfiprintf.o)
 .rodata        0x0800c228      0x101 /opt/local/lib/gcc/arm-none-eabi/14.2.0/../../../../arm-none-eabi/lib/thumb/v8-m.main+fp/hard/libc.a(libc_a-ctype_.o)
                0x0800c228                _ctype_
 *fill*         0x0800c329        0x7 
 .rodata        0x0800c330      0x128 /opt/local/lib/gcc/arm-none-eabi/14.2.0/../../../../arm-none-eabi/lib/thumb/v8-m.main+fp/hard/libc.a(libc_a-mprec.o)
                0x0800c340                __mprec_tens
                0x0800c408                __mprec_tinytens
                0x0800c430                __mprec_bigtens
 *(.rodata*)
 .rodata.main.str1.4
                0x0800c458      0x22b build/main.o
                                 0x25 (size before relaxing)
 *fill*         0x0800c683        0x1 
 .rodata.UARTPrescTable
                0x0800c684       0x18 build/stm32h5xx_hal_uart.o
                0x0800c684                UARTPrescTable
 .rodata.APBPrescTable
                0x0800c69c        0x8 build/system_stm32h5xx.o
                0x0800c69c                APBPrescTable
 .rodata.AHBPrescTable
                0x0800c6a4       0x10 build/system_stm32h5xx.o
                0x0800c6a4                AHBPrescTable
 .rodata.str1.4
                0x0800c6b4       0x42 /opt/local/lib/gcc/arm-none-eabi/14.2.0/../../../../arm-none-eabi/lib/thumb/v8-m.main+fp/hard/libc.a(libc_a-vfprintf.o)
 .rodata.str1.4
                0x0800c6b4       0x2f /opt/local/lib/gcc/arm-none-eabi/14.2.0/../../../../arm-none-eabi/lib/thumb/v8-m.main+fp/hard/libc.a(libc_a-vfiprintf.o)
 .rodata.str1.4
                0x0800c6b4        0x2 /opt/local/lib/gcc/arm-none-eabi/14.2.0/../../../../arm-none-eabi/lib/thumb/v8-m.main+fp/hard/libc.a(libc_a-puts.o)
 .rodata.str1.4
                0x0800c6b4       0x12 /opt/local/lib/gcc/arm-none-eabi/14.2.0/../../../../arm-none-eabi/lib/thumb/v8-m.main+fp/hard/libc.a(libc_a-locale.o)
 .rodata.str1.4
                0x0800c6b4       0xc9 /opt/local/lib/gcc/arm-none-eabi/14.2.0/../../../../arm-none-eabi/lib/thumb/v8-m.main+fp/hard/libc.a(libc_a-dtoa.o)
 .rodata.str1.4
                0x0800c6b4       0xb6 /opt/local/lib/gcc/arm-none-eabi/14.2.0/../../../../arm-none-eabi/lib/thumb/v8-m.main+fp/hard/libc.a(libc_a-mprec.o)
 .rodata.str1.4
                0x0800c6b4       0x43 /opt/local/lib/gcc/arm-none-eabi/14.2.0/../../../../arm-none-eabi/lib/thumb/v8-m.main+fp/hard/libc.a(libc_a-assert.o)
                0x0800c780                        . = ALIGN (0x4)

.ARM.extab      0x0800c6b4        0x0
                0x0800c6b4                        . = ALIGN (0x4)
 *(.ARM.extab* .gnu.linkonce.armextab.*)
                0x0800c6b4                        . = ALIGN (0x4)

.ARM            0x0800c6b4        0x8
                0x0800c6b4                        . = ALIGN (0x4)
                0x0800c6b4                        __exidx_start = .
 *(.ARM.exidx*)
 .ARM.exidx     0x0800c6b4        0x8 /opt/local/lib/gcc/arm-none-eabi/14.2.0/../../../../arm-none-eabi/lib/thumb/v8-m.main+fp/hard/libc.a(libc_a-strcmp.o)
 .ARM.exidx     0x0800c6bc        0x0 /opt/local/lib/gcc/arm-none-eabi/14.2.0/../../../../arm-none-eabi/lib/thumb/v8-m.main+fp/hard/libc.a(libc_a-memcpy.o)
                                  0x8 (size before relaxing)
 .ARM.exidx     0x0800c6bc        0x0 /opt/local/lib/gcc/arm-none-eabi/14.2.0/thumb/v8-m.main+fp/hard/libgcc.a(_udivmoddi4.o)
                                  0x8 (size before relaxing)
                0x0800c6bc                        __exidx_end = .
                0x0800c6bc                        . = ALIGN (0x4)

.preinit_array  0x0800c6bc        0x0
                0x0800c6bc                        . = ALIGN (0x4)
                0x0800c6bc                        PROVIDE (__preinit_array_start = .)
 *(.preinit_array*)
                0x0800c6bc                        PROVIDE (__preinit_array_end = .)
                0x0800c6bc                        . = ALIGN (0x4)

.init_array     0x0800c6bc        0x4
                0x0800c6bc                        . = ALIGN (0x4)
                0x0800c6bc                        PROVIDE (__init_array_start = .)
 *(SORT_BY_NAME(.init_array.*))
 *(.init_array*)
 .init_array    0x0800c6bc        0x4 /opt/local/lib/gcc/arm-none-eabi/14.2.0/thumb/v8-m.main+fp/hard/crtbegin.o
                0x0800c6c0                        PROVIDE (__init_array_end = .)
                0x0800c6c0                        . = ALIGN (0x4)

.fini_array     0x0800c6c0        0x4
                0x0800c6c0                        . = ALIGN (0x4)
                0x0800c6c0                        PROVIDE (__fini_array_start = .)
 *(SORT_BY_NAME(.fini_array.*))
 *(.fini_array*)
 .fini_array    0x0800c6c0        0x4 /opt/local/lib/gcc/arm-none-eabi/14.2.0/thumb/v8-m.main+fp/hard/crtbegin.o
                0x0800c6c4                        PROVIDE (__fini_array_end = .)
                0x0800c6c4                        . = ALIGN (0x4)
                0x0800c6c4                        _sidata = LOADADDR (.data)

.rel.dyn        0x0800c6c4        0x0
 .rel.iplt      0x0800c6c4        0x0 /opt/local/lib/gcc/arm-none-eabi/14.2.0/thumb/v8-m.main+fp/hard/crtbegin.o

.data           0x20000000      0x6c0 load address 0x0800c6c4
                0x20000000                        . = ALIGN (0x4)
                0x20000000                        _sdata = .
 *(.data)
 .data          0x20000000        0xc /opt/local/lib/gcc/arm-none-eabi/14.2.0/../../../../arm-none-eabi/lib/thumb/v8-m.main+fp/hard/libc.a(libc_a-findfp.o)
                0x20000000                __sglue
 .data          0x2000000c      0x16c /opt/local/lib/gcc/arm-none-eabi/14.2.0/../../../../arm-none-eabi/lib/thumb/v8-m.main+fp/hard/libc.a(libc_a-locale.o)
                0x2000000c                __global_locale
 .data          0x20000178      0x128 /opt/local/lib/gcc/arm-none-eabi/14.2.0/../../../../arm-none-eabi/lib/thumb/v8-m.main+fp/hard/libc.a(libc_a-impure.o)
                0x20000178                _impure_ptr
                0x20000180                _impure_data
 .data          0x200002a0      0x410 /opt/local/lib/gcc/arm-none-eabi/14.2.0/../../../../arm-none-eabi/lib/thumb/v8-m.main+fp/hard/libc.a(libc_a-mallocr.o)
                0x200002a0                __malloc_av_
                0x200006a8                __malloc_sbrk_base
                0x200006ac                __malloc_trim_threshold
 *(.data*)
 .data.COM_USART
                0x200006b0        0x4 build/stm32h5xx_nucleo.o
                0x200006b0                COM_USART
 .data.uwTickFreq
                0x200006b4        0x1 build/stm32h5xx_hal.o
                0x200006b4                uwTickFreq
 *fill*         0x200006b5        0x3 
 .data.uwTickPrio
                0x200006b8        0x4 build/stm32h5xx_hal.o
                0x200006b8                uwTickPrio
 .data.SystemCoreClock
                0x200006bc        0x4 build/system_stm32h5xx.o
                0x200006bc                SystemCoreClock
 *(.RamFunc)
 *(.RamFunc*)
                0x200006c0                        . = ALIGN (0x4)
                0x200006c0                        _edata = .

.tm_clone_table
                0x200006c0        0x0 load address 0x0800cd84
 .tm_clone_table
                0x200006c0        0x0 /opt/local/lib/gcc/arm-none-eabi/14.2.0/thumb/v8-m.main+fp/hard/crtbegin.o
 .tm_clone_table
                0x200006c0        0x0 /opt/local/lib/gcc/arm-none-eabi/14.2.0/thumb/v8-m.main+fp/hard/crtend.o

.igot.plt       0x200006c0        0x0 load address 0x0800cd84
 .igot.plt      0x200006c0        0x0 /opt/local/lib/gcc/arm-none-eabi/14.2.0/thumb/v8-m.main+fp/hard/crtbegin.o
                0x200006c0                        . = ALIGN (0x4)

.bss            0x200006c0      0x6ec load address 0x0800cd84
                0x200006c0                        _sbss = .
                0x200006c0                        __bss_start__ = _sbss
 *(.bss)
 .bss           0x200006c0       0x1c /opt/local/lib/gcc/arm-none-eabi/14.2.0/thumb/v8-m.main+fp/hard/crtbegin.o
 .bss           0x200006dc      0x13c /opt/local/lib/gcc/arm-none-eabi/14.2.0/../../../../arm-none-eabi/lib/thumb/v8-m.main+fp/hard/libc.a(libc_a-findfp.o)
                0x200006dc                __sf
                0x20000814                __stdio_exit_handler
 .bss           0x20000818       0x34 /opt/local/lib/gcc/arm-none-eabi/14.2.0/../../../../arm-none-eabi/lib/thumb/v8-m.main+fp/hard/libc.a(libc_a-mallocr.o)
                0x20000818                __malloc_top_pad
                0x2000081c                __malloc_current_mallinfo
                0x20000844                __malloc_max_sbrked_mem
                0x20000848                __malloc_max_total_mem
 .bss           0x2000084c        0x4 /opt/local/lib/gcc/arm-none-eabi/14.2.0/../../../../arm-none-eabi/lib/thumb/v8-m.main+fp/hard/libc.a(libc_a-reent.o)
                0x2000084c                errno
 *(.bss*)
 .bss.hpcd_USB_DRD_FS
                0x20000850      0x2e0 build/main.o
                0x20000850                hpcd_USB_DRD_FS
 .bss.handle_GPDMA1_Channel5
                0x20000b30       0x78 build/main.o
                0x20000b30                handle_GPDMA1_Channel5
 .bss.htim1     0x20000ba8       0x4c build/main.o
                0x20000ba8                htim1
 .bss.hspi2     0x20000bf4       0x90 build/main.o
                0x20000bf4                hspi2
 .bss.hadc1     0x20000c84       0x68 build/main.o
                0x20000c84                hadc1
 .bss.BspButtonState
                0x20000cec        0x4 build/main.o
                0x20000cec                BspButtonState
 .bss.BspCOMInit
                0x20000cf0       0x10 build/main.o
                0x20000cf0                BspCOMInit
 .bss.COM_ActiveLogPort
                0x20000d00        0x1 build/stm32h5xx_nucleo.o
 *fill*         0x20000d01        0x3 
 .bss.hcom_uart
                0x20000d04       0x94 build/stm32h5xx_nucleo.o
                0x20000d04                hcom_uart
 .bss.hpb_exti  0x20000d98        0xc build/stm32h5xx_nucleo.o
                0x20000d98                hpb_exti
 .bss.uwTick    0x20000da4        0x4 build/stm32h5xx_hal.o
                0x20000da4                uwTick
 .bss.__sbrk_heap_end
                0x20000da8        0x4 build/sysmem.o
 *(COMMON)
                0x20000dac                        . = ALIGN (0x4)
                0x20000dac                        _ebss = .
                0x20000dac                        __bss_end__ = _ebss

._user_heap_stack
                0x20000dac      0x604 load address 0x0800cd84
                0x20000db0                        . = ALIGN (0x8)
 *fill*         0x20000dac        0x4 
                [!provide]                        PROVIDE (end = .)
                0x20000db0                        PROVIDE (_end = .)
                0x20000fb0                        . = (. + _Min_Heap_Size)
 *fill*         0x20000db0      0x200 
                0x200013b0                        . = (. + _Min_Stack_Size)
 *fill*         0x20000fb0      0x400 
                0x200013b0                        . = ALIGN (0x8)

/DISCARD/
 libc.a(*)
 libm.a(*)
 libgcc.a(*)

.ARM.attributes
                0x00000000       0x36
 *(.ARM.attributes)
 .ARM.attributes
                0x00000000       0x26 /opt/local/lib/gcc/arm-none-eabi/14.2.0/thumb/v8-m.main+fp/hard/crti.o
 .ARM.attributes
                0x00000026       0x38 /opt/local/lib/gcc/arm-none-eabi/14.2.0/thumb/v8-m.main+fp/hard/crtbegin.o
 .ARM.attributes
                0x0000005e       0x3a build/main.o
 .ARM.attributes
                0x00000098       0x3a build/stm32h5xx_it.o
 .ARM.attributes
                0x000000d2       0x3a build/stm32h5xx_hal_msp.o
 .ARM.attributes
                0x0000010c       0x3a build/stm32h5xx_nucleo.o
 .ARM.attributes
                0x00000146       0x3a build/stm32h5xx_hal_cortex.o
 .ARM.attributes
                0x00000180       0x3a build/stm32h5xx_hal_rcc.o
 .ARM.attributes
                0x000001ba       0x3a build/stm32h5xx_hal_rcc_ex.o
 .ARM.attributes
                0x000001f4       0x3a build/stm32h5xx_hal_gpio.o
 .ARM.attributes
                0x0000022e       0x3a build/stm32h5xx_hal_dma.o
 .ARM.attributes
                0x00000268       0x3a build/stm32h5xx_hal.o
 .ARM.attributes
                0x000002a2       0x3a build/stm32h5xx_hal_exti.o
 .ARM.attributes
                0x000002dc       0x3a build/stm32h5xx_hal_tim.o
 .ARM.attributes
                0x00000316       0x3a build/stm32h5xx_hal_tim_ex.o
 .ARM.attributes
                0x00000350       0x3a build/stm32h5xx_hal_uart.o
 .ARM.attributes
                0x0000038a       0x3a build/system_stm32h5xx.o
 .ARM.attributes
                0x000003c4       0x3a build/sysmem.o
 .ARM.attributes
                0x000003fe       0x3a build/syscalls.o
 .ARM.attributes
                0x00000438       0x3a build/stm32h5xx_hal_icache.o
 .ARM.attributes
                0x00000472       0x3a build/stm32h5xx_hal_adc.o
 .ARM.attributes
                0x000004ac       0x3a build/stm32h5xx_hal_spi.o
 .ARM.attributes
                0x000004e6       0x3a build/stm32h5xx_hal_pcd.o
 .ARM.attributes
                0x00000520       0x3a build/stm32h5xx_hal_pcd_ex.o
 .ARM.attributes
                0x0000055a       0x3a build/stm32h5xx_ll_usb.o
 .ARM.attributes
                0x00000594       0x24 build/startup_stm32h503xx.o
 .ARM.attributes
                0x000005b8       0x38 /opt/local/lib/gcc/arm-none-eabi/14.2.0/../../../../arm-none-eabi/lib/thumb/v8-m.main+fp/hard/libc.a(libc_a-printf.o)
 .ARM.attributes
                0x000005f0       0x38 /opt/local/lib/gcc/arm-none-eabi/14.2.0/../../../../arm-none-eabi/lib/thumb/v8-m.main+fp/hard/libc.a(libc_a-vfprintf.o)
 .ARM.attributes
                0x00000628       0x38 /opt/local/lib/gcc/arm-none-eabi/14.2.0/../../../../arm-none-eabi/lib/thumb/v8-m.main+fp/hard/libc.a(libc_a-vfiprintf.o)
 .ARM.attributes
                0x00000660       0x38 /opt/local/lib/gcc/arm-none-eabi/14.2.0/../../../../arm-none-eabi/lib/thumb/v8-m.main+fp/hard/libc.a(libc_a-puts.o)
 .ARM.attributes
                0x00000698       0x38 /opt/local/lib/gcc/arm-none-eabi/14.2.0/../../../../arm-none-eabi/lib/thumb/v8-m.main+fp/hard/libc.a(libc_a-fflush.o)
 .ARM.attributes
                0x000006d0       0x38 /opt/local/lib/gcc/arm-none-eabi/14.2.0/../../../../arm-none-eabi/lib/thumb/v8-m.main+fp/hard/libc.a(libc_a-findfp.o)
 .ARM.attributes
                0x00000708       0x38 /opt/local/lib/gcc/arm-none-eabi/14.2.0/../../../../arm-none-eabi/lib/thumb/v8-m.main+fp/hard/libc.a(libc_a-fvwrite.o)
 .ARM.attributes
                0x00000740       0x38 /opt/local/lib/gcc/arm-none-eabi/14.2.0/../../../../arm-none-eabi/lib/thumb/v8-m.main+fp/hard/libc.a(libc_a-fwalk.o)
 .ARM.attributes
                0x00000778       0x38 /opt/local/lib/gcc/arm-none-eabi/14.2.0/../../../../arm-none-eabi/lib/thumb/v8-m.main+fp/hard/libc.a(libc_a-wsetup.o)
 .ARM.attributes
                0x000007b0       0x38 /opt/local/lib/gcc/arm-none-eabi/14.2.0/../../../../arm-none-eabi/lib/thumb/v8-m.main+fp/hard/libc.a(libc_a-fputwc.o)
 .ARM.attributes
                0x000007e8       0x38 /opt/local/lib/gcc/arm-none-eabi/14.2.0/../../../../arm-none-eabi/lib/thumb/v8-m.main+fp/hard/libc.a(libc_a-memmove.o)
 .ARM.attributes
                0x00000820       0x38 /opt/local/lib/gcc/arm-none-eabi/14.2.0/../../../../arm-none-eabi/lib/thumb/v8-m.main+fp/hard/libc.a(libc_a-memset.o)
 .ARM.attributes
                0x00000858       0x38 /opt/local/lib/gcc/arm-none-eabi/14.2.0/../../../../arm-none-eabi/lib/thumb/v8-m.main+fp/hard/libc.a(libc_a-locale.o)
 .ARM.attributes
                0x00000890       0x38 /opt/local/lib/gcc/arm-none-eabi/14.2.0/../../../../arm-none-eabi/lib/thumb/v8-m.main+fp/hard/libc.a(libc_a-localeconv.o)
 .ARM.attributes
                0x000008c8       0x38 /opt/local/lib/gcc/arm-none-eabi/14.2.0/../../../../arm-none-eabi/lib/thumb/v8-m.main+fp/hard/libc.a(libc_a-impure.o)
 .ARM.attributes
                0x00000900       0x38 /opt/local/lib/gcc/arm-none-eabi/14.2.0/../../../../arm-none-eabi/lib/thumb/v8-m.main+fp/hard/libc.a(libc_a-errno.o)
 .ARM.attributes
                0x00000938       0x24 /opt/local/lib/gcc/arm-none-eabi/14.2.0/../../../../arm-none-eabi/lib/thumb/v8-m.main+fp/hard/libc.a(libc_a-strcmp.o)
 .ARM.attributes
                0x0000095c       0x38 /opt/local/lib/gcc/arm-none-eabi/14.2.0/../../../../arm-none-eabi/lib/thumb/v8-m.main+fp/hard/libc.a(libc_a-init.o)
 .ARM.attributes
                0x00000994       0x38 /opt/local/lib/gcc/arm-none-eabi/14.2.0/../../../../arm-none-eabi/lib/thumb/v8-m.main+fp/hard/libc.a(libc_a-memchr-stub.o)
 .ARM.attributes
                0x000009cc       0x24 /opt/local/lib/gcc/arm-none-eabi/14.2.0/../../../../arm-none-eabi/lib/thumb/v8-m.main+fp/hard/libc.a(libc_a-memcpy.o)
 .ARM.attributes
                0x000009f0       0x38 /opt/local/lib/gcc/arm-none-eabi/14.2.0/../../../../arm-none-eabi/lib/thumb/v8-m.main+fp/hard/libc.a(libc_a-strlen-stub.o)
 .ARM.attributes
                0x00000a28       0x38 /opt/local/lib/gcc/arm-none-eabi/14.2.0/../../../../arm-none-eabi/lib/thumb/v8-m.main+fp/hard/libc.a(libc_a-wcrtomb.o)
 .ARM.attributes
                0x00000a60       0x38 /opt/local/lib/gcc/arm-none-eabi/14.2.0/../../../../arm-none-eabi/lib/thumb/v8-m.main+fp/hard/libc.a(libc_a-ctype_.o)
 .ARM.attributes
                0x00000a98       0x38 /opt/local/lib/gcc/arm-none-eabi/14.2.0/../../../../arm-none-eabi/lib/thumb/v8-m.main+fp/hard/libc.a(libc_a-dtoa.o)
 .ARM.attributes
                0x00000ad0       0x38 /opt/local/lib/gcc/arm-none-eabi/14.2.0/../../../../arm-none-eabi/lib/thumb/v8-m.main+fp/hard/libc.a(libc_a-freer.o)
 .ARM.attributes
                0x00000b08       0x38 /opt/local/lib/gcc/arm-none-eabi/14.2.0/../../../../arm-none-eabi/lib/thumb/v8-m.main+fp/hard/libc.a(libc_a-mallocr.o)
 .ARM.attributes
                0x00000b40       0x38 /opt/local/lib/gcc/arm-none-eabi/14.2.0/../../../../arm-none-eabi/lib/thumb/v8-m.main+fp/hard/libc.a(libc_a-mbtowc_r.o)
 .ARM.attributes
                0x00000b78       0x38 /opt/local/lib/gcc/arm-none-eabi/14.2.0/../../../../arm-none-eabi/lib/thumb/v8-m.main+fp/hard/libc.a(libc_a-makebuf.o)
 .ARM.attributes
                0x00000bb0       0x38 /opt/local/lib/gcc/arm-none-eabi/14.2.0/../../../../arm-none-eabi/lib/thumb/v8-m.main+fp/hard/libc.a(libc_a-mlock.o)
 .ARM.attributes
                0x00000be8       0x38 /opt/local/lib/gcc/arm-none-eabi/14.2.0/../../../../arm-none-eabi/lib/thumb/v8-m.main+fp/hard/libc.a(libc_a-mprec.o)
 .ARM.attributes
                0x00000c20       0x38 /opt/local/lib/gcc/arm-none-eabi/14.2.0/../../../../arm-none-eabi/lib/thumb/v8-m.main+fp/hard/libc.a(libc_a-fclose.o)
 .ARM.attributes
                0x00000c58       0x38 /opt/local/lib/gcc/arm-none-eabi/14.2.0/../../../../arm-none-eabi/lib/thumb/v8-m.main+fp/hard/libc.a(libc_a-reallocr.o)
 .ARM.attributes
                0x00000c90       0x38 /opt/local/lib/gcc/arm-none-eabi/14.2.0/../../../../arm-none-eabi/lib/thumb/v8-m.main+fp/hard/libc.a(libc_a-stdio.o)
 .ARM.attributes
                0x00000cc8       0x38 /opt/local/lib/gcc/arm-none-eabi/14.2.0/../../../../arm-none-eabi/lib/thumb/v8-m.main+fp/hard/libc.a(libc_a-wctomb_r.o)
 .ARM.attributes
                0x00000d00       0x38 /opt/local/lib/gcc/arm-none-eabi/14.2.0/../../../../arm-none-eabi/lib/thumb/v8-m.main+fp/hard/libc.a(libc_a-wbuf.o)
 .ARM.attributes
                0x00000d38       0x38 /opt/local/lib/gcc/arm-none-eabi/14.2.0/../../../../arm-none-eabi/lib/thumb/v8-m.main+fp/hard/libc.a(libc_a-closer.o)
 .ARM.attributes
                0x00000d70       0x38 /opt/local/lib/gcc/arm-none-eabi/14.2.0/../../../../arm-none-eabi/lib/thumb/v8-m.main+fp/hard/libc.a(libc_a-reent.o)
 .ARM.attributes
                0x00000da8       0x38 /opt/local/lib/gcc/arm-none-eabi/14.2.0/../../../../arm-none-eabi/lib/thumb/v8-m.main+fp/hard/libc.a(libc_a-fstatr.o)
 .ARM.attributes
                0x00000de0       0x38 /opt/local/lib/gcc/arm-none-eabi/14.2.0/../../../../arm-none-eabi/lib/thumb/v8-m.main+fp/hard/libc.a(libc_a-isattyr.o)
 .ARM.attributes
                0x00000e18       0x38 /opt/local/lib/gcc/arm-none-eabi/14.2.0/../../../../arm-none-eabi/lib/thumb/v8-m.main+fp/hard/libc.a(libc_a-lseekr.o)
 .ARM.attributes
                0x00000e50       0x38 /opt/local/lib/gcc/arm-none-eabi/14.2.0/../../../../arm-none-eabi/lib/thumb/v8-m.main+fp/hard/libc.a(libc_a-readr.o)
 .ARM.attributes
                0x00000e88       0x38 /opt/local/lib/gcc/arm-none-eabi/14.2.0/../../../../arm-none-eabi/lib/thumb/v8-m.main+fp/hard/libc.a(libc_a-sbrkr.o)
 .ARM.attributes
                0x00000ec0       0x38 /opt/local/lib/gcc/arm-none-eabi/14.2.0/../../../../arm-none-eabi/lib/thumb/v8-m.main+fp/hard/libc.a(libc_a-writer.o)
 .ARM.attributes
                0x00000ef8       0x38 /opt/local/lib/gcc/arm-none-eabi/14.2.0/../../../../arm-none-eabi/lib/thumb/v8-m.main+fp/hard/libc.a(libc_a-sysconf.o)
 .ARM.attributes
                0x00000f30       0x38 /opt/local/lib/gcc/arm-none-eabi/14.2.0/../../../../arm-none-eabi/lib/thumb/v8-m.main+fp/hard/libc.a(libc_a-assert.o)
 .ARM.attributes
                0x00000f68       0x38 /opt/local/lib/gcc/arm-none-eabi/14.2.0/../../../../arm-none-eabi/lib/thumb/v8-m.main+fp/hard/libc.a(libc_a-callocr.o)
 .ARM.attributes
                0x00000fa0       0x38 /opt/local/lib/gcc/arm-none-eabi/14.2.0/../../../../arm-none-eabi/lib/thumb/v8-m.main+fp/hard/libc.a(libc_a-fiprintf.o)
 .ARM.attributes
                0x00000fd8       0x38 /opt/local/lib/gcc/arm-none-eabi/14.2.0/../../../../arm-none-eabi/lib/thumb/v8-m.main+fp/hard/libc.a(libc_a-abort.o)
 .ARM.attributes
                0x00001010       0x38 /opt/local/lib/gcc/arm-none-eabi/14.2.0/../../../../arm-none-eabi/lib/thumb/v8-m.main+fp/hard/libc.a(libc_a-signal.o)
 .ARM.attributes
                0x00001048       0x38 /opt/local/lib/gcc/arm-none-eabi/14.2.0/../../../../arm-none-eabi/lib/thumb/v8-m.main+fp/hard/libc.a(libc_a-signalr.o)
 .ARM.attributes
                0x00001080       0x26 /opt/local/lib/gcc/arm-none-eabi/14.2.0/thumb/v8-m.main+fp/hard/libgcc.a(_arm_addsubdf3.o)
 .ARM.attributes
                0x000010a6       0x26 /opt/local/lib/gcc/arm-none-eabi/14.2.0/thumb/v8-m.main+fp/hard/libgcc.a(_arm_muldivdf3.o)
 .ARM.attributes
                0x000010cc       0x26 /opt/local/lib/gcc/arm-none-eabi/14.2.0/thumb/v8-m.main+fp/hard/libgcc.a(_arm_cmpdf2.o)
 .ARM.attributes
                0x000010f2       0x26 /opt/local/lib/gcc/arm-none-eabi/14.2.0/thumb/v8-m.main+fp/hard/libgcc.a(_arm_unorddf2.o)
 .ARM.attributes
                0x00001118       0x26 /opt/local/lib/gcc/arm-none-eabi/14.2.0/thumb/v8-m.main+fp/hard/libgcc.a(_arm_fixdfsi.o)
 .ARM.attributes
                0x0000113e       0x26 /opt/local/lib/gcc/arm-none-eabi/14.2.0/thumb/v8-m.main+fp/hard/libgcc.a(_aeabi_uldivmod.o)
 .ARM.attributes
                0x00001164       0x38 /opt/local/lib/gcc/arm-none-eabi/14.2.0/thumb/v8-m.main+fp/hard/libgcc.a(_udivmoddi4.o)
 .ARM.attributes
                0x0000119c       0x26 /opt/local/lib/gcc/arm-none-eabi/14.2.0/thumb/v8-m.main+fp/hard/libgcc.a(_dvmd_tls.o)
 .ARM.attributes
                0x000011c2       0x38 /opt/local/lib/gcc/arm-none-eabi/14.2.0/thumb/v8-m.main+fp/hard/crtend.o
 .ARM.attributes
                0x000011fa       0x26 /opt/local/lib/gcc/arm-none-eabi/14.2.0/thumb/v8-m.main+fp/hard/crtn.o
OUTPUT(build/nucleoSTM503.elf elf32-littlearm)
LOAD linker stubs
LOAD /opt/local/lib/gcc/arm-none-eabi/14.2.0/../../../../arm-none-eabi/lib/thumb/v8-m.main+fp/hard/libc.a
LOAD /opt/local/lib/gcc/arm-none-eabi/14.2.0/../../../../arm-none-eabi/lib/thumb/v8-m.main+fp/hard/libm.a
LOAD /opt/local/lib/gcc/arm-none-eabi/14.2.0/thumb/v8-m.main+fp/hard/libgcc.a

.comment        0x00000000       0x12
 .comment       0x00000000       0x12 /opt/local/lib/gcc/arm-none-eabi/14.2.0/thumb/v8-m.main+fp/hard/crtbegin.o
                                 0x13 (size before relaxing)
 .comment       0x00000012       0x13 build/main.o
 .comment       0x00000012       0x13 build/stm32h5xx_it.o
 .comment       0x00000012       0x13 build/stm32h5xx_hal_msp.o
 .comment       0x00000012       0x13 build/stm32h5xx_nucleo.o
 .comment       0x00000012       0x13 build/stm32h5xx_hal_cortex.o
 .comment       0x00000012       0x13 build/stm32h5xx_hal_rcc.o
 .comment       0x00000012       0x13 build/stm32h5xx_hal_rcc_ex.o
 .comment       0x00000012       0x13 build/stm32h5xx_hal_gpio.o
 .comment       0x00000012       0x13 build/stm32h5xx_hal_dma.o
 .comment       0x00000012       0x13 build/stm32h5xx_hal.o
 .comment       0x00000012       0x13 build/stm32h5xx_hal_exti.o
 .comment       0x00000012       0x13 build/stm32h5xx_hal_tim.o
 .comment       0x00000012       0x13 build/stm32h5xx_hal_tim_ex.o
 .comment       0x00000012       0x13 build/stm32h5xx_hal_uart.o
 .comment       0x00000012       0x13 build/system_stm32h5xx.o
 .comment       0x00000012       0x13 build/sysmem.o
 .comment       0x00000012       0x13 build/syscalls.o
 .comment       0x00000012       0x13 build/stm32h5xx_hal_icache.o
 .comment       0x00000012       0x13 build/stm32h5xx_hal_adc.o
 .comment       0x00000012       0x13 build/stm32h5xx_hal_spi.o
 .comment       0x00000012       0x13 build/stm32h5xx_hal_pcd.o
 .comment       0x00000012       0x13 build/stm32h5xx_hal_pcd_ex.o
 .comment       0x00000012       0x13 build/stm32h5xx_ll_usb.o
 .comment       0x00000012       0x13 /opt/local/lib/gcc/arm-none-eabi/14.2.0/../../../../arm-none-eabi/lib/thumb/v8-m.main+fp/hard/libc.a(libc_a-printf.o)
 .comment       0x00000012       0x13 /opt/local/lib/gcc/arm-none-eabi/14.2.0/../../../../arm-none-eabi/lib/thumb/v8-m.main+fp/hard/libc.a(libc_a-vfprintf.o)
 .comment       0x00000012       0x13 /opt/local/lib/gcc/arm-none-eabi/14.2.0/../../../../arm-none-eabi/lib/thumb/v8-m.main+fp/hard/libc.a(libc_a-vfiprintf.o)
 .comment       0x00000012       0x13 /opt/local/lib/gcc/arm-none-eabi/14.2.0/../../../../arm-none-eabi/lib/thumb/v8-m.main+fp/hard/libc.a(libc_a-puts.o)
 .comment       0x00000012       0x13 /opt/local/lib/gcc/arm-none-eabi/14.2.0/../../../../arm-none-eabi/lib/thumb/v8-m.main+fp/hard/libc.a(libc_a-fflush.o)
 .comment       0x00000012       0x13 /opt/local/lib/gcc/arm-none-eabi/14.2.0/../../../../arm-none-eabi/lib/thumb/v8-m.main+fp/hard/libc.a(libc_a-findfp.o)
 .comment       0x00000012       0x13 /opt/local/lib/gcc/arm-none-eabi/14.2.0/../../../../arm-none-eabi/lib/thumb/v8-m.main+fp/hard/libc.a(libc_a-fvwrite.o)
 .comment       0x00000012       0x13 /opt/local/lib/gcc/arm-none-eabi/14.2.0/../../../../arm-none-eabi/lib/thumb/v8-m.main+fp/hard/libc.a(libc_a-fwalk.o)
 .comment       0x00000012       0x13 /opt/local/lib/gcc/arm-none-eabi/14.2.0/../../../../arm-none-eabi/lib/thumb/v8-m.main+fp/hard/libc.a(libc_a-wsetup.o)
 .comment       0x00000012       0x13 /opt/local/lib/gcc/arm-none-eabi/14.2.0/../../../../arm-none-eabi/lib/thumb/v8-m.main+fp/hard/libc.a(libc_a-fputwc.o)
 .comment       0x00000012       0x13 /opt/local/lib/gcc/arm-none-eabi/14.2.0/../../../../arm-none-eabi/lib/thumb/v8-m.main+fp/hard/libc.a(libc_a-memmove.o)
 .comment       0x00000012       0x13 /opt/local/lib/gcc/arm-none-eabi/14.2.0/../../../../arm-none-eabi/lib/thumb/v8-m.main+fp/hard/libc.a(libc_a-memset.o)
 .comment       0x00000012       0x13 /opt/local/lib/gcc/arm-none-eabi/14.2.0/../../../../arm-none-eabi/lib/thumb/v8-m.main+fp/hard/libc.a(libc_a-locale.o)
 .comment       0x00000012       0x13 /opt/local/lib/gcc/arm-none-eabi/14.2.0/../../../../arm-none-eabi/lib/thumb/v8-m.main+fp/hard/libc.a(libc_a-localeconv.o)
 .comment       0x00000012       0x13 /opt/local/lib/gcc/arm-none-eabi/14.2.0/../../../../arm-none-eabi/lib/thumb/v8-m.main+fp/hard/libc.a(libc_a-impure.o)
 .comment       0x00000012       0x13 /opt/local/lib/gcc/arm-none-eabi/14.2.0/../../../../arm-none-eabi/lib/thumb/v8-m.main+fp/hard/libc.a(libc_a-errno.o)
 .comment       0x00000012       0x13 /opt/local/lib/gcc/arm-none-eabi/14.2.0/../../../../arm-none-eabi/lib/thumb/v8-m.main+fp/hard/libc.a(libc_a-init.o)
 .comment       0x00000012       0x13 /opt/local/lib/gcc/arm-none-eabi/14.2.0/../../../../arm-none-eabi/lib/thumb/v8-m.main+fp/hard/libc.a(libc_a-memchr-stub.o)
 .comment       0x00000012       0x13 /opt/local/lib/gcc/arm-none-eabi/14.2.0/../../../../arm-none-eabi/lib/thumb/v8-m.main+fp/hard/libc.a(libc_a-strlen-stub.o)
 .comment       0x00000012       0x13 /opt/local/lib/gcc/arm-none-eabi/14.2.0/../../../../arm-none-eabi/lib/thumb/v8-m.main+fp/hard/libc.a(libc_a-wcrtomb.o)
 .comment       0x00000012       0x13 /opt/local/lib/gcc/arm-none-eabi/14.2.0/../../../../arm-none-eabi/lib/thumb/v8-m.main+fp/hard/libc.a(libc_a-ctype_.o)
 .comment       0x00000012       0x13 /opt/local/lib/gcc/arm-none-eabi/14.2.0/../../../../arm-none-eabi/lib/thumb/v8-m.main+fp/hard/libc.a(libc_a-dtoa.o)
 .comment       0x00000012       0x13 /opt/local/lib/gcc/arm-none-eabi/14.2.0/../../../../arm-none-eabi/lib/thumb/v8-m.main+fp/hard/libc.a(libc_a-freer.o)
 .comment       0x00000012       0x13 /opt/local/lib/gcc/arm-none-eabi/14.2.0/../../../../arm-none-eabi/lib/thumb/v8-m.main+fp/hard/libc.a(libc_a-mallocr.o)
 .comment       0x00000012       0x13 /opt/local/lib/gcc/arm-none-eabi/14.2.0/../../../../arm-none-eabi/lib/thumb/v8-m.main+fp/hard/libc.a(libc_a-mbtowc_r.o)
 .comment       0x00000012       0x13 /opt/local/lib/gcc/arm-none-eabi/14.2.0/../../../../arm-none-eabi/lib/thumb/v8-m.main+fp/hard/libc.a(libc_a-makebuf.o)
 .comment       0x00000012       0x13 /opt/local/lib/gcc/arm-none-eabi/14.2.0/../../../../arm-none-eabi/lib/thumb/v8-m.main+fp/hard/libc.a(libc_a-mlock.o)
 .comment       0x00000012       0x13 /opt/local/lib/gcc/arm-none-eabi/14.2.0/../../../../arm-none-eabi/lib/thumb/v8-m.main+fp/hard/libc.a(libc_a-mprec.o)
 .comment       0x00000012       0x13 /opt/local/lib/gcc/arm-none-eabi/14.2.0/../../../../arm-none-eabi/lib/thumb/v8-m.main+fp/hard/libc.a(libc_a-fclose.o)
 .comment       0x00000012       0x13 /opt/local/lib/gcc/arm-none-eabi/14.2.0/../../../../arm-none-eabi/lib/thumb/v8-m.main+fp/hard/libc.a(libc_a-reallocr.o)
 .comment       0x00000012       0x13 /opt/local/lib/gcc/arm-none-eabi/14.2.0/../../../../arm-none-eabi/lib/thumb/v8-m.main+fp/hard/libc.a(libc_a-stdio.o)
 .comment       0x00000012       0x13 /opt/local/lib/gcc/arm-none-eabi/14.2.0/../../../../arm-none-eabi/lib/thumb/v8-m.main+fp/hard/libc.a(libc_a-wctomb_r.o)
 .comment       0x00000012       0x13 /opt/local/lib/gcc/arm-none-eabi/14.2.0/../../../../arm-none-eabi/lib/thumb/v8-m.main+fp/hard/libc.a(libc_a-wbuf.o)
 .comment       0x00000012       0x13 /opt/local/lib/gcc/arm-none-eabi/14.2.0/../../../../arm-none-eabi/lib/thumb/v8-m.main+fp/hard/libc.a(libc_a-closer.o)
 .comment       0x00000012       0x13 /opt/local/lib/gcc/arm-none-eabi/14.2.0/../../../../arm-none-eabi/lib/thumb/v8-m.main+fp/hard/libc.a(libc_a-reent.o)
 .comment       0x00000012       0x13 /opt/local/lib/gcc/arm-none-eabi/14.2.0/../../../../arm-none-eabi/lib/thumb/v8-m.main+fp/hard/libc.a(libc_a-fstatr.o)
 .comment       0x00000012       0x13 /opt/local/lib/gcc/arm-none-eabi/14.2.0/../../../../arm-none-eabi/lib/thumb/v8-m.main+fp/hard/libc.a(libc_a-isattyr.o)
 .comment       0x00000012       0x13 /opt/local/lib/gcc/arm-none-eabi/14.2.0/../../../../arm-none-eabi/lib/thumb/v8-m.main+fp/hard/libc.a(libc_a-lseekr.o)
 .comment       0x00000012       0x13 /opt/local/lib/gcc/arm-none-eabi/14.2.0/../../../../arm-none-eabi/lib/thumb/v8-m.main+fp/hard/libc.a(libc_a-readr.o)
 .comment       0x00000012       0x13 /opt/local/lib/gcc/arm-none-eabi/14.2.0/../../../../arm-none-eabi/lib/thumb/v8-m.main+fp/hard/libc.a(libc_a-sbrkr.o)
 .comment       0x00000012       0x13 /opt/local/lib/gcc/arm-none-eabi/14.2.0/../../../../arm-none-eabi/lib/thumb/v8-m.main+fp/hard/libc.a(libc_a-writer.o)
 .comment       0x00000012       0x13 /opt/local/lib/gcc/arm-none-eabi/14.2.0/../../../../arm-none-eabi/lib/thumb/v8-m.main+fp/hard/libc.a(libc_a-sysconf.o)
 .comment       0x00000012       0x13 /opt/local/lib/gcc/arm-none-eabi/14.2.0/../../../../arm-none-eabi/lib/thumb/v8-m.main+fp/hard/libc.a(libc_a-assert.o)
 .comment       0x00000012       0x13 /opt/local/lib/gcc/arm-none-eabi/14.2.0/../../../../arm-none-eabi/lib/thumb/v8-m.main+fp/hard/libc.a(libc_a-callocr.o)
 .comment       0x00000012       0x13 /opt/local/lib/gcc/arm-none-eabi/14.2.0/../../../../arm-none-eabi/lib/thumb/v8-m.main+fp/hard/libc.a(libc_a-fiprintf.o)
 .comment       0x00000012       0x13 /opt/local/lib/gcc/arm-none-eabi/14.2.0/../../../../arm-none-eabi/lib/thumb/v8-m.main+fp/hard/libc.a(libc_a-abort.o)
 .comment       0x00000012       0x13 /opt/local/lib/gcc/arm-none-eabi/14.2.0/../../../../arm-none-eabi/lib/thumb/v8-m.main+fp/hard/libc.a(libc_a-signal.o)
 .comment       0x00000012       0x13 /opt/local/lib/gcc/arm-none-eabi/14.2.0/../../../../arm-none-eabi/lib/thumb/v8-m.main+fp/hard/libc.a(libc_a-signalr.o)
 .comment       0x00000012       0x13 /opt/local/lib/gcc/arm-none-eabi/14.2.0/thumb/v8-m.main+fp/hard/libgcc.a(_udivmoddi4.o)
 .comment       0x00000012       0x13 /opt/local/lib/gcc/arm-none-eabi/14.2.0/thumb/v8-m.main+fp/hard/crtend.o

.debug_info     0x00000000    0x45983
 .debug_info    0x00000000     0x3913 build/main.o
 .debug_info    0x00003913      0x764 build/stm32h5xx_it.o
 .debug_info    0x00004077     0x24a5 build/stm32h5xx_hal_msp.o
 .debug_info    0x0000651c     0x2059 build/stm32h5xx_nucleo.o
 .debug_info    0x00008575     0x1a13 build/stm32h5xx_hal_cortex.o
 .debug_info    0x00009f88     0x15d7 build/stm32h5xx_hal_rcc.o
 .debug_info    0x0000b55f     0x16f8 build/stm32h5xx_hal_rcc_ex.o
 .debug_info    0x0000cc57      0x810 build/stm32h5xx_hal_gpio.o
 .debug_info    0x0000d467      0xd7d build/stm32h5xx_hal_dma.o
 .debug_info    0x0000e1e4     0x13e7 build/stm32h5xx_hal.o
 .debug_info    0x0000f5cb      0x9cc build/stm32h5xx_hal_exti.o
 .debug_info    0x0000ff97     0x46e8 build/stm32h5xx_hal_tim.o
 .debug_info    0x0001467f     0x29d9 build/stm32h5xx_hal_tim_ex.o
 .debug_info    0x00017058     0x5c8e build/stm32h5xx_hal_uart.o
 .debug_info    0x0001cce6      0xdc9 build/system_stm32h5xx.o
 .debug_info    0x0001daaf      0x18c build/sysmem.o
 .debug_info    0x0001dc3b      0x848 build/syscalls.o
 .debug_info    0x0001e483      0x47b build/stm32h5xx_hal_icache.o
 .debug_info    0x0001e8fe     0x39cb build/stm32h5xx_hal_adc.o
 .debug_info    0x000222c9     0x1ec8 build/stm32h5xx_hal_spi.o
 .debug_info    0x00024191     0x1c13 build/stm32h5xx_hal_pcd.o
 .debug_info    0x00025da4      0xa30 build/stm32h5xx_hal_pcd_ex.o
 .debug_info    0x000267d4     0x21f0 build/stm32h5xx_ll_usb.o
 .debug_info    0x000289c4       0x30 build/startup_stm32h503xx.o
 .debug_info    0x000289f4      0x855 /opt/local/lib/gcc/arm-none-eabi/14.2.0/../../../../arm-none-eabi/lib/thumb/v8-m.main+fp/hard/libc.a(libc_a-printf.o)
 .debug_info    0x00029249     0x19ab /opt/local/lib/gcc/arm-none-eabi/14.2.0/../../../../arm-none-eabi/lib/thumb/v8-m.main+fp/hard/libc.a(libc_a-vfprintf.o)
 .debug_info    0x0002abf4     0x174b /opt/local/lib/gcc/arm-none-eabi/14.2.0/../../../../arm-none-eabi/lib/thumb/v8-m.main+fp/hard/libc.a(libc_a-vfiprintf.o)
 .debug_info    0x0002c33f      0x8f8 /opt/local/lib/gcc/arm-none-eabi/14.2.0/../../../../arm-none-eabi/lib/thumb/v8-m.main+fp/hard/libc.a(libc_a-puts.o)
 .debug_info    0x0002cc37      0xa4f /opt/local/lib/gcc/arm-none-eabi/14.2.0/../../../../arm-none-eabi/lib/thumb/v8-m.main+fp/hard/libc.a(libc_a-fflush.o)
 .debug_info    0x0002d686      0xea8 /opt/local/lib/gcc/arm-none-eabi/14.2.0/../../../../arm-none-eabi/lib/thumb/v8-m.main+fp/hard/libc.a(libc_a-findfp.o)
 .debug_info    0x0002e52e      0xb48 /opt/local/lib/gcc/arm-none-eabi/14.2.0/../../../../arm-none-eabi/lib/thumb/v8-m.main+fp/hard/libc.a(libc_a-fvwrite.o)
 .debug_info    0x0002f076      0x7e4 /opt/local/lib/gcc/arm-none-eabi/14.2.0/../../../../arm-none-eabi/lib/thumb/v8-m.main+fp/hard/libc.a(libc_a-fwalk.o)
 .debug_info    0x0002f85a      0x7cf /opt/local/lib/gcc/arm-none-eabi/14.2.0/../../../../arm-none-eabi/lib/thumb/v8-m.main+fp/hard/libc.a(libc_a-wsetup.o)
 .debug_info    0x00030029      0xa5a /opt/local/lib/gcc/arm-none-eabi/14.2.0/../../../../arm-none-eabi/lib/thumb/v8-m.main+fp/hard/libc.a(libc_a-fputwc.o)
 .debug_info    0x00030a83      0x148 /opt/local/lib/gcc/arm-none-eabi/14.2.0/../../../../arm-none-eabi/lib/thumb/v8-m.main+fp/hard/libc.a(libc_a-memmove.o)
 .debug_info    0x00030bcb      0x135 /opt/local/lib/gcc/arm-none-eabi/14.2.0/../../../../arm-none-eabi/lib/thumb/v8-m.main+fp/hard/libc.a(libc_a-memset.o)
 .debug_info    0x00030d00      0xbd7 /opt/local/lib/gcc/arm-none-eabi/14.2.0/../../../../arm-none-eabi/lib/thumb/v8-m.main+fp/hard/libc.a(libc_a-locale.o)
 .debug_info    0x000318d7      0xa2c /opt/local/lib/gcc/arm-none-eabi/14.2.0/../../../../arm-none-eabi/lib/thumb/v8-m.main+fp/hard/libc.a(libc_a-localeconv.o)
 .debug_info    0x00032303      0x729 /opt/local/lib/gcc/arm-none-eabi/14.2.0/../../../../arm-none-eabi/lib/thumb/v8-m.main+fp/hard/libc.a(libc_a-impure.o)
 .debug_info    0x00032a2c      0x70f /opt/local/lib/gcc/arm-none-eabi/14.2.0/../../../../arm-none-eabi/lib/thumb/v8-m.main+fp/hard/libc.a(libc_a-errno.o)
 .debug_info    0x0003313b       0x33 /opt/local/lib/gcc/arm-none-eabi/14.2.0/../../../../arm-none-eabi/lib/thumb/v8-m.main+fp/hard/libc.a(libc_a-strcmp.o)
 .debug_info    0x0003316e      0x10b /opt/local/lib/gcc/arm-none-eabi/14.2.0/../../../../arm-none-eabi/lib/thumb/v8-m.main+fp/hard/libc.a(libc_a-init.o)
 .debug_info    0x00033279      0x144 /opt/local/lib/gcc/arm-none-eabi/14.2.0/../../../../arm-none-eabi/lib/thumb/v8-m.main+fp/hard/libc.a(libc_a-memchr-stub.o)
 .debug_info    0x000333bd       0x33 /opt/local/lib/gcc/arm-none-eabi/14.2.0/../../../../arm-none-eabi/lib/thumb/v8-m.main+fp/hard/libc.a(libc_a-memcpy.o)
 .debug_info    0x000333f0       0xbd /opt/local/lib/gcc/arm-none-eabi/14.2.0/../../../../arm-none-eabi/lib/thumb/v8-m.main+fp/hard/libc.a(libc_a-strlen-stub.o)
 .debug_info    0x000334ad      0xb50 /opt/local/lib/gcc/arm-none-eabi/14.2.0/../../../../arm-none-eabi/lib/thumb/v8-m.main+fp/hard/libc.a(libc_a-wcrtomb.o)
 .debug_info    0x00033ffd       0xb9 /opt/local/lib/gcc/arm-none-eabi/14.2.0/../../../../arm-none-eabi/lib/thumb/v8-m.main+fp/hard/libc.a(libc_a-ctype_.o)
 .debug_info    0x000340b6     0x193d /opt/local/lib/gcc/arm-none-eabi/14.2.0/../../../../arm-none-eabi/lib/thumb/v8-m.main+fp/hard/libc.a(libc_a-dtoa.o)
 .debug_info    0x000359f3      0xb55 /opt/local/lib/gcc/arm-none-eabi/14.2.0/../../../../arm-none-eabi/lib/thumb/v8-m.main+fp/hard/libc.a(libc_a-freer.o)
 .debug_info    0x00036548      0xcd9 /opt/local/lib/gcc/arm-none-eabi/14.2.0/../../../../arm-none-eabi/lib/thumb/v8-m.main+fp/hard/libc.a(libc_a-mallocr.o)
 .debug_info    0x00037221      0xace /opt/local/lib/gcc/arm-none-eabi/14.2.0/../../../../arm-none-eabi/lib/thumb/v8-m.main+fp/hard/libc.a(libc_a-mbtowc_r.o)
 .debug_info    0x00037cef      0xc10 /opt/local/lib/gcc/arm-none-eabi/14.2.0/../../../../arm-none-eabi/lib/thumb/v8-m.main+fp/hard/libc.a(libc_a-makebuf.o)
 .debug_info    0x000388ff      0x73a /opt/local/lib/gcc/arm-none-eabi/14.2.0/../../../../arm-none-eabi/lib/thumb/v8-m.main+fp/hard/libc.a(libc_a-mlock.o)
 .debug_info    0x00039039     0x1e45 /opt/local/lib/gcc/arm-none-eabi/14.2.0/../../../../arm-none-eabi/lib/thumb/v8-m.main+fp/hard/libc.a(libc_a-mprec.o)
 .debug_info    0x0003ae7e      0x8e6 /opt/local/lib/gcc/arm-none-eabi/14.2.0/../../../../arm-none-eabi/lib/thumb/v8-m.main+fp/hard/libc.a(libc_a-fclose.o)
 .debug_info    0x0003b764      0xbc9 /opt/local/lib/gcc/arm-none-eabi/14.2.0/../../../../arm-none-eabi/lib/thumb/v8-m.main+fp/hard/libc.a(libc_a-reallocr.o)
 .debug_info    0x0003c32d      0xa9e /opt/local/lib/gcc/arm-none-eabi/14.2.0/../../../../arm-none-eabi/lib/thumb/v8-m.main+fp/hard/libc.a(libc_a-stdio.o)
 .debug_info    0x0003cdcb      0xa8e /opt/local/lib/gcc/arm-none-eabi/14.2.0/../../../../arm-none-eabi/lib/thumb/v8-m.main+fp/hard/libc.a(libc_a-wctomb_r.o)
 .debug_info    0x0003d859      0x881 /opt/local/lib/gcc/arm-none-eabi/14.2.0/../../../../arm-none-eabi/lib/thumb/v8-m.main+fp/hard/libc.a(libc_a-wbuf.o)
 .debug_info    0x0003e0da      0x770 /opt/local/lib/gcc/arm-none-eabi/14.2.0/../../../../arm-none-eabi/lib/thumb/v8-m.main+fp/hard/libc.a(libc_a-closer.o)
 .debug_info    0x0003e84a      0x7eb /opt/local/lib/gcc/arm-none-eabi/14.2.0/../../../../arm-none-eabi/lib/thumb/v8-m.main+fp/hard/libc.a(libc_a-reent.o)
 .debug_info    0x0003f035      0x995 /opt/local/lib/gcc/arm-none-eabi/14.2.0/../../../../arm-none-eabi/lib/thumb/v8-m.main+fp/hard/libc.a(libc_a-fstatr.o)
 .debug_info    0x0003f9ca      0x770 /opt/local/lib/gcc/arm-none-eabi/14.2.0/../../../../arm-none-eabi/lib/thumb/v8-m.main+fp/hard/libc.a(libc_a-isattyr.o)
 .debug_info    0x0004013a      0x7bc /opt/local/lib/gcc/arm-none-eabi/14.2.0/../../../../arm-none-eabi/lib/thumb/v8-m.main+fp/hard/libc.a(libc_a-lseekr.o)
 .debug_info    0x000408f6      0x7d3 /opt/local/lib/gcc/arm-none-eabi/14.2.0/../../../../arm-none-eabi/lib/thumb/v8-m.main+fp/hard/libc.a(libc_a-readr.o)
 .debug_info    0x000410c9      0x796 /opt/local/lib/gcc/arm-none-eabi/14.2.0/../../../../arm-none-eabi/lib/thumb/v8-m.main+fp/hard/libc.a(libc_a-sbrkr.o)
 .debug_info    0x0004185f      0x7d9 /opt/local/lib/gcc/arm-none-eabi/14.2.0/../../../../arm-none-eabi/lib/thumb/v8-m.main+fp/hard/libc.a(libc_a-writer.o)
 .debug_info    0x00042038       0xc1 /opt/local/lib/gcc/arm-none-eabi/14.2.0/../../../../arm-none-eabi/lib/thumb/v8-m.main+fp/hard/libc.a(libc_a-sysconf.o)
 .debug_info    0x000420f9      0x83d /opt/local/lib/gcc/arm-none-eabi/14.2.0/../../../../arm-none-eabi/lib/thumb/v8-m.main+fp/hard/libc.a(libc_a-assert.o)
 .debug_info    0x00042936      0x8d9 /opt/local/lib/gcc/arm-none-eabi/14.2.0/../../../../arm-none-eabi/lib/thumb/v8-m.main+fp/hard/libc.a(libc_a-callocr.o)
 .debug_info    0x0004320f      0x872 /opt/local/lib/gcc/arm-none-eabi/14.2.0/../../../../arm-none-eabi/lib/thumb/v8-m.main+fp/hard/libc.a(libc_a-fiprintf.o)
 .debug_info    0x00043a81       0xd8 /opt/local/lib/gcc/arm-none-eabi/14.2.0/../../../../arm-none-eabi/lib/thumb/v8-m.main+fp/hard/libc.a(libc_a-abort.o)
 .debug_info    0x00043b59      0xc57 /opt/local/lib/gcc/arm-none-eabi/14.2.0/../../../../arm-none-eabi/lib/thumb/v8-m.main+fp/hard/libc.a(libc_a-signal.o)
 .debug_info    0x000447b0      0x7fd /opt/local/lib/gcc/arm-none-eabi/14.2.0/../../../../arm-none-eabi/lib/thumb/v8-m.main+fp/hard/libc.a(libc_a-signalr.o)
 .debug_info    0x00044fad       0xd3 /opt/local/lib/gcc/arm-none-eabi/14.2.0/thumb/v8-m.main+fp/hard/libgcc.a(_arm_addsubdf3.o)
 .debug_info    0x00045080       0x57 /opt/local/lib/gcc/arm-none-eabi/14.2.0/thumb/v8-m.main+fp/hard/libgcc.a(_arm_muldivdf3.o)
 .debug_info    0x000450d7       0xdf /opt/local/lib/gcc/arm-none-eabi/14.2.0/thumb/v8-m.main+fp/hard/libgcc.a(_arm_cmpdf2.o)
 .debug_info    0x000451b6       0x3c /opt/local/lib/gcc/arm-none-eabi/14.2.0/thumb/v8-m.main+fp/hard/libgcc.a(_arm_unorddf2.o)
 .debug_info    0x000451f2       0x3c /opt/local/lib/gcc/arm-none-eabi/14.2.0/thumb/v8-m.main+fp/hard/libgcc.a(_arm_fixdfsi.o)
 .debug_info    0x0004522e       0x24 /opt/local/lib/gcc/arm-none-eabi/14.2.0/thumb/v8-m.main+fp/hard/libgcc.a(_aeabi_uldivmod.o)
 .debug_info    0x00045252      0x6f5 /opt/local/lib/gcc/arm-none-eabi/14.2.0/thumb/v8-m.main+fp/hard/libgcc.a(_udivmoddi4.o)
 .debug_info    0x00045947       0x3c /opt/local/lib/gcc/arm-none-eabi/14.2.0/thumb/v8-m.main+fp/hard/libgcc.a(_dvmd_tls.o)

.debug_abbrev   0x00000000     0xa983
 .debug_abbrev  0x00000000      0x329 build/main.o
 .debug_abbrev  0x00000329      0x19b build/stm32h5xx_it.o
 .debug_abbrev  0x000004c4      0x2ba build/stm32h5xx_hal_msp.o
 .debug_abbrev  0x0000077e      0x36d build/stm32h5xx_nucleo.o
 .debug_abbrev  0x00000aeb      0x3df build/stm32h5xx_hal_cortex.o
 .debug_abbrev  0x00000eca      0x289 build/stm32h5xx_hal_rcc.o
 .debug_abbrev  0x00001153      0x27f build/stm32h5xx_hal_rcc_ex.o
 .debug_abbrev  0x000013d2      0x23a build/stm32h5xx_hal_gpio.o
 .debug_abbrev  0x0000160c      0x242 build/stm32h5xx_hal_dma.o
 .debug_abbrev  0x0000184e      0x2d9 build/stm32h5xx_hal.o
 .debug_abbrev  0x00001b27      0x1e3 build/stm32h5xx_hal_exti.o
 .debug_abbrev  0x00001d0a      0x2e0 build/stm32h5xx_hal_tim.o
 .debug_abbrev  0x00001fea      0x2db build/stm32h5xx_hal_tim_ex.o
 .debug_abbrev  0x000022c5      0x365 build/stm32h5xx_hal_uart.o
 .debug_abbrev  0x0000262a      0x12f build/system_stm32h5xx.o
 .debug_abbrev  0x00002759       0xeb build/sysmem.o
 .debug_abbrev  0x00002844      0x1e3 build/syscalls.o
 .debug_abbrev  0x00002a27      0x1f2 build/stm32h5xx_hal_icache.o
 .debug_abbrev  0x00002c19      0x32b build/stm32h5xx_hal_adc.o
 .debug_abbrev  0x00002f44      0x309 build/stm32h5xx_hal_spi.o
 .debug_abbrev  0x0000324d      0x332 build/stm32h5xx_hal_pcd.o
 .debug_abbrev  0x0000357f      0x25a build/stm32h5xx_hal_pcd_ex.o
 .debug_abbrev  0x000037d9      0x32b build/stm32h5xx_ll_usb.o
 .debug_abbrev  0x00003b04       0x1d build/startup_stm32h503xx.o
 .debug_abbrev  0x00003b21      0x256 /opt/local/lib/gcc/arm-none-eabi/14.2.0/../../../../arm-none-eabi/lib/thumb/v8-m.main+fp/hard/libc.a(libc_a-printf.o)
 .debug_abbrev  0x00003d77      0x483 /opt/local/lib/gcc/arm-none-eabi/14.2.0/../../../../arm-none-eabi/lib/thumb/v8-m.main+fp/hard/libc.a(libc_a-vfprintf.o)
 .debug_abbrev  0x000041fa      0x453 /opt/local/lib/gcc/arm-none-eabi/14.2.0/../../../../arm-none-eabi/lib/thumb/v8-m.main+fp/hard/libc.a(libc_a-vfiprintf.o)
 .debug_abbrev  0x0000464d      0x282 /opt/local/lib/gcc/arm-none-eabi/14.2.0/../../../../arm-none-eabi/lib/thumb/v8-m.main+fp/hard/libc.a(libc_a-puts.o)
 .debug_abbrev  0x000048cf      0x322 /opt/local/lib/gcc/arm-none-eabi/14.2.0/../../../../arm-none-eabi/lib/thumb/v8-m.main+fp/hard/libc.a(libc_a-fflush.o)
 .debug_abbrev  0x00004bf1      0x446 /opt/local/lib/gcc/arm-none-eabi/14.2.0/../../../../arm-none-eabi/lib/thumb/v8-m.main+fp/hard/libc.a(libc_a-findfp.o)
 .debug_abbrev  0x00005037      0x257 /opt/local/lib/gcc/arm-none-eabi/14.2.0/../../../../arm-none-eabi/lib/thumb/v8-m.main+fp/hard/libc.a(libc_a-fvwrite.o)
 .debug_abbrev  0x0000528e      0x1d9 /opt/local/lib/gcc/arm-none-eabi/14.2.0/../../../../arm-none-eabi/lib/thumb/v8-m.main+fp/hard/libc.a(libc_a-fwalk.o)
 .debug_abbrev  0x00005467      0x21e /opt/local/lib/gcc/arm-none-eabi/14.2.0/../../../../arm-none-eabi/lib/thumb/v8-m.main+fp/hard/libc.a(libc_a-wsetup.o)
 .debug_abbrev  0x00005685      0x341 /opt/local/lib/gcc/arm-none-eabi/14.2.0/../../../../arm-none-eabi/lib/thumb/v8-m.main+fp/hard/libc.a(libc_a-fputwc.o)
 .debug_abbrev  0x000059c6       0xc3 /opt/local/lib/gcc/arm-none-eabi/14.2.0/../../../../arm-none-eabi/lib/thumb/v8-m.main+fp/hard/libc.a(libc_a-memmove.o)
 .debug_abbrev  0x00005a89       0xb7 /opt/local/lib/gcc/arm-none-eabi/14.2.0/../../../../arm-none-eabi/lib/thumb/v8-m.main+fp/hard/libc.a(libc_a-memset.o)
 .debug_abbrev  0x00005b40      0x2d9 /opt/local/lib/gcc/arm-none-eabi/14.2.0/../../../../arm-none-eabi/lib/thumb/v8-m.main+fp/hard/libc.a(libc_a-locale.o)
 .debug_abbrev  0x00005e19      0x26a /opt/local/lib/gcc/arm-none-eabi/14.2.0/../../../../arm-none-eabi/lib/thumb/v8-m.main+fp/hard/libc.a(libc_a-localeconv.o)
 .debug_abbrev  0x00006083      0x185 /opt/local/lib/gcc/arm-none-eabi/14.2.0/../../../../arm-none-eabi/lib/thumb/v8-m.main+fp/hard/libc.a(libc_a-impure.o)
 .debug_abbrev  0x00006208      0x19a /opt/local/lib/gcc/arm-none-eabi/14.2.0/../../../../arm-none-eabi/lib/thumb/v8-m.main+fp/hard/libc.a(libc_a-errno.o)
 .debug_abbrev  0x000063a2       0x28 /opt/local/lib/gcc/arm-none-eabi/14.2.0/../../../../arm-none-eabi/lib/thumb/v8-m.main+fp/hard/libc.a(libc_a-strcmp.o)
 .debug_abbrev  0x000063ca       0xc9 /opt/local/lib/gcc/arm-none-eabi/14.2.0/../../../../arm-none-eabi/lib/thumb/v8-m.main+fp/hard/libc.a(libc_a-init.o)
 .debug_abbrev  0x00006493       0xd8 /opt/local/lib/gcc/arm-none-eabi/14.2.0/../../../../arm-none-eabi/lib/thumb/v8-m.main+fp/hard/libc.a(libc_a-memchr-stub.o)
 .debug_abbrev  0x0000656b       0x28 /opt/local/lib/gcc/arm-none-eabi/14.2.0/../../../../arm-none-eabi/lib/thumb/v8-m.main+fp/hard/libc.a(libc_a-memcpy.o)
 .debug_abbrev  0x00006593       0x78 /opt/local/lib/gcc/arm-none-eabi/14.2.0/../../../../arm-none-eabi/lib/thumb/v8-m.main+fp/hard/libc.a(libc_a-strlen-stub.o)
 .debug_abbrev  0x0000660b      0x24f /opt/local/lib/gcc/arm-none-eabi/14.2.0/../../../../arm-none-eabi/lib/thumb/v8-m.main+fp/hard/libc.a(libc_a-wcrtomb.o)
 .debug_abbrev  0x0000685a       0x62 /opt/local/lib/gcc/arm-none-eabi/14.2.0/../../../../arm-none-eabi/lib/thumb/v8-m.main+fp/hard/libc.a(libc_a-ctype_.o)
 .debug_abbrev  0x000068bc      0x364 /opt/local/lib/gcc/arm-none-eabi/14.2.0/../../../../arm-none-eabi/lib/thumb/v8-m.main+fp/hard/libc.a(libc_a-dtoa.o)
 .debug_abbrev  0x00006c20      0x27f /opt/local/lib/gcc/arm-none-eabi/14.2.0/../../../../arm-none-eabi/lib/thumb/v8-m.main+fp/hard/libc.a(libc_a-freer.o)
 .debug_abbrev  0x00006e9f      0x2d7 /opt/local/lib/gcc/arm-none-eabi/14.2.0/../../../../arm-none-eabi/lib/thumb/v8-m.main+fp/hard/libc.a(libc_a-mallocr.o)
 .debug_abbrev  0x00007176      0x244 /opt/local/lib/gcc/arm-none-eabi/14.2.0/../../../../arm-none-eabi/lib/thumb/v8-m.main+fp/hard/libc.a(libc_a-mbtowc_r.o)
 .debug_abbrev  0x000073ba      0x2c1 /opt/local/lib/gcc/arm-none-eabi/14.2.0/../../../../arm-none-eabi/lib/thumb/v8-m.main+fp/hard/libc.a(libc_a-makebuf.o)
 .debug_abbrev  0x0000767b      0x1ce /opt/local/lib/gcc/arm-none-eabi/14.2.0/../../../../arm-none-eabi/lib/thumb/v8-m.main+fp/hard/libc.a(libc_a-mlock.o)
 .debug_abbrev  0x00007849      0x502 /opt/local/lib/gcc/arm-none-eabi/14.2.0/../../../../arm-none-eabi/lib/thumb/v8-m.main+fp/hard/libc.a(libc_a-mprec.o)
 .debug_abbrev  0x00007d4b      0x2ed /opt/local/lib/gcc/arm-none-eabi/14.2.0/../../../../arm-none-eabi/lib/thumb/v8-m.main+fp/hard/libc.a(libc_a-fclose.o)
 .debug_abbrev  0x00008038      0x2a3 /opt/local/lib/gcc/arm-none-eabi/14.2.0/../../../../arm-none-eabi/lib/thumb/v8-m.main+fp/hard/libc.a(libc_a-reallocr.o)
 .debug_abbrev  0x000082db      0x260 /opt/local/lib/gcc/arm-none-eabi/14.2.0/../../../../arm-none-eabi/lib/thumb/v8-m.main+fp/hard/libc.a(libc_a-stdio.o)
 .debug_abbrev  0x0000853b      0x23d /opt/local/lib/gcc/arm-none-eabi/14.2.0/../../../../arm-none-eabi/lib/thumb/v8-m.main+fp/hard/libc.a(libc_a-wctomb_r.o)
 .debug_abbrev  0x00008778      0x272 /opt/local/lib/gcc/arm-none-eabi/14.2.0/../../../../arm-none-eabi/lib/thumb/v8-m.main+fp/hard/libc.a(libc_a-wbuf.o)
 .debug_abbrev  0x000089ea      0x1ec /opt/local/lib/gcc/arm-none-eabi/14.2.0/../../../../arm-none-eabi/lib/thumb/v8-m.main+fp/hard/libc.a(libc_a-closer.o)
 .debug_abbrev  0x00008bd6      0x22b /opt/local/lib/gcc/arm-none-eabi/14.2.0/../../../../arm-none-eabi/lib/thumb/v8-m.main+fp/hard/libc.a(libc_a-reent.o)
 .debug_abbrev  0x00008e01      0x1ff /opt/local/lib/gcc/arm-none-eabi/14.2.0/../../../../arm-none-eabi/lib/thumb/v8-m.main+fp/hard/libc.a(libc_a-fstatr.o)
 .debug_abbrev  0x00009000      0x1ec /opt/local/lib/gcc/arm-none-eabi/14.2.0/../../../../arm-none-eabi/lib/thumb/v8-m.main+fp/hard/libc.a(libc_a-isattyr.o)
 .debug_abbrev  0x000091ec      0x200 /opt/local/lib/gcc/arm-none-eabi/14.2.0/../../../../arm-none-eabi/lib/thumb/v8-m.main+fp/hard/libc.a(libc_a-lseekr.o)
 .debug_abbrev  0x000093ec      0x1ec /opt/local/lib/gcc/arm-none-eabi/14.2.0/../../../../arm-none-eabi/lib/thumb/v8-m.main+fp/hard/libc.a(libc_a-readr.o)
 .debug_abbrev  0x000095d8      0x216 /opt/local/lib/gcc/arm-none-eabi/14.2.0/../../../../arm-none-eabi/lib/thumb/v8-m.main+fp/hard/libc.a(libc_a-sbrkr.o)
 .debug_abbrev  0x000097ee      0x1f1 /opt/local/lib/gcc/arm-none-eabi/14.2.0/../../../../arm-none-eabi/lib/thumb/v8-m.main+fp/hard/libc.a(libc_a-writer.o)